Component: Arm Compiler for Embedded 6.19 Tool: armlink [5e73cb00]

==============================================================================

Section Cross References

    misc.o(.ARM.exidx.text.NVIC_PriorityGroupConfig) refers to misc.o(.text.NVIC_PriorityGroupConfig) for [Anonymous Symbol]
    misc.o(.ARM.exidx.text.NVIC_Init) refers to misc.o(.text.NVIC_Init) for [Anonymous Symbol]
    misc.o(.ARM.exidx.text.NVIC_SetVectorTable) refers to misc.o(.text.NVIC_SetVectorTable) for [Anonymous Symbol]
    misc.o(.ARM.exidx.text.NVIC_SystemLPConfig) refers to misc.o(.text.NVIC_SystemLPConfig) for [Anonymous Symbol]
    misc.o(.ARM.exidx.text.SysTick_CLKSourceConfig) refers to misc.o(.text.SysTick_CLKSourceConfig) for [Anonymous Symbol]
    stm32f10x_adc.o(.text.ADC_DeInit) refers to stm32f10x_rcc.o(.text.RCC_APB2PeriphResetCmd) for RCC_APB2PeriphResetCmd
    stm32f10x_adc.o(.ARM.exidx.text.ADC_DeInit) refers to stm32f10x_adc.o(.text.ADC_DeInit) for [Anonymous Symbol]
    stm32f10x_adc.o(.ARM.exidx.text.ADC_Init) refers to stm32f10x_adc.o(.text.ADC_Init) for [Anonymous Symbol]
    stm32f10x_adc.o(.ARM.exidx.text.ADC_StructInit) refers to stm32f10x_adc.o(.text.ADC_StructInit) for [Anonymous Symbol]
    stm32f10x_adc.o(.ARM.exidx.text.ADC_Cmd) refers to stm32f10x_adc.o(.text.ADC_Cmd) for [Anonymous Symbol]
    stm32f10x_adc.o(.ARM.exidx.text.ADC_DMACmd) refers to stm32f10x_adc.o(.text.ADC_DMACmd) for [Anonymous Symbol]
    stm32f10x_adc.o(.ARM.exidx.text.ADC_ITConfig) refers to stm32f10x_adc.o(.text.ADC_ITConfig) for [Anonymous Symbol]
    stm32f10x_adc.o(.ARM.exidx.text.ADC_ResetCalibration) refers to stm32f10x_adc.o(.text.ADC_ResetCalibration) for [Anonymous Symbol]
    stm32f10x_adc.o(.ARM.exidx.text.ADC_GetResetCalibrationStatus) refers to stm32f10x_adc.o(.text.ADC_GetResetCalibrationStatus) for [Anonymous Symbol]
    stm32f10x_adc.o(.ARM.exidx.text.ADC_StartCalibration) refers to stm32f10x_adc.o(.text.ADC_StartCalibration) for [Anonymous Symbol]
    stm32f10x_adc.o(.ARM.exidx.text.ADC_GetCalibrationStatus) refers to stm32f10x_adc.o(.text.ADC_GetCalibrationStatus) for [Anonymous Symbol]
    stm32f10x_adc.o(.ARM.exidx.text.ADC_SoftwareStartConvCmd) refers to stm32f10x_adc.o(.text.ADC_SoftwareStartConvCmd) for [Anonymous Symbol]
    stm32f10x_adc.o(.ARM.exidx.text.ADC_GetSoftwareStartConvStatus) refers to stm32f10x_adc.o(.text.ADC_GetSoftwareStartConvStatus) for [Anonymous Symbol]
    stm32f10x_adc.o(.ARM.exidx.text.ADC_DiscModeChannelCountConfig) refers to stm32f10x_adc.o(.text.ADC_DiscModeChannelCountConfig) for [Anonymous Symbol]
    stm32f10x_adc.o(.ARM.exidx.text.ADC_DiscModeCmd) refers to stm32f10x_adc.o(.text.ADC_DiscModeCmd) for [Anonymous Symbol]
    stm32f10x_adc.o(.ARM.exidx.text.ADC_RegularChannelConfig) refers to stm32f10x_adc.o(.text.ADC_RegularChannelConfig) for [Anonymous Symbol]
    stm32f10x_adc.o(.ARM.exidx.text.ADC_ExternalTrigConvCmd) refers to stm32f10x_adc.o(.text.ADC_ExternalTrigConvCmd) for [Anonymous Symbol]
    stm32f10x_adc.o(.ARM.exidx.text.ADC_GetConversionValue) refers to stm32f10x_adc.o(.text.ADC_GetConversionValue) for [Anonymous Symbol]
    stm32f10x_adc.o(.ARM.exidx.text.ADC_GetDualModeConversionValue) refers to stm32f10x_adc.o(.text.ADC_GetDualModeConversionValue) for [Anonymous Symbol]
    stm32f10x_adc.o(.ARM.exidx.text.ADC_AutoInjectedConvCmd) refers to stm32f10x_adc.o(.text.ADC_AutoInjectedConvCmd) for [Anonymous Symbol]
    stm32f10x_adc.o(.ARM.exidx.text.ADC_InjectedDiscModeCmd) refers to stm32f10x_adc.o(.text.ADC_InjectedDiscModeCmd) for [Anonymous Symbol]
    stm32f10x_adc.o(.ARM.exidx.text.ADC_ExternalTrigInjectedConvConfig) refers to stm32f10x_adc.o(.text.ADC_ExternalTrigInjectedConvConfig) for [Anonymous Symbol]
    stm32f10x_adc.o(.ARM.exidx.text.ADC_ExternalTrigInjectedConvCmd) refers to stm32f10x_adc.o(.text.ADC_ExternalTrigInjectedConvCmd) for [Anonymous Symbol]
    stm32f10x_adc.o(.ARM.exidx.text.ADC_SoftwareStartInjectedConvCmd) refers to stm32f10x_adc.o(.text.ADC_SoftwareStartInjectedConvCmd) for [Anonymous Symbol]
    stm32f10x_adc.o(.ARM.exidx.text.ADC_GetSoftwareStartInjectedConvCmdStatus) refers to stm32f10x_adc.o(.text.ADC_GetSoftwareStartInjectedConvCmdStatus) for [Anonymous Symbol]
    stm32f10x_adc.o(.ARM.exidx.text.ADC_InjectedChannelConfig) refers to stm32f10x_adc.o(.text.ADC_InjectedChannelConfig) for [Anonymous Symbol]
    stm32f10x_adc.o(.ARM.exidx.text.ADC_InjectedSequencerLengthConfig) refers to stm32f10x_adc.o(.text.ADC_InjectedSequencerLengthConfig) for [Anonymous Symbol]
    stm32f10x_adc.o(.ARM.exidx.text.ADC_SetInjectedOffset) refers to stm32f10x_adc.o(.text.ADC_SetInjectedOffset) for [Anonymous Symbol]
    stm32f10x_adc.o(.ARM.exidx.text.ADC_GetInjectedConversionValue) refers to stm32f10x_adc.o(.text.ADC_GetInjectedConversionValue) for [Anonymous Symbol]
    stm32f10x_adc.o(.ARM.exidx.text.ADC_AnalogWatchdogCmd) refers to stm32f10x_adc.o(.text.ADC_AnalogWatchdogCmd) for [Anonymous Symbol]
[...]
    stm32f10x_dbgmcu.c                       0x00000000   Number         0  stm32f10x_dbgmcu.o ABSOLUTE
    stm32f10x_dma.c                          0x00000000   Number         0  stm32f10x_dma.o ABSOLUTE
    stm32f10x_exti.c                         0x00000000   Number         0  stm32f10x_exti.o ABSOLUTE
    stm32f10x_flash.c                        0x00000000   Number         0  stm32f10x_flash.o ABSOLUTE
    stm32f10x_fsmc.c                         0x00000000   Number         0  stm32f10x_fsmc.o ABSOLUTE
    stm32f10x_gpio.c                         0x00000000   Number         0  stm32f10x_gpio.o ABSOLUTE
    stm32f10x_i2c.c                          0x00000000   Number         0  stm32f10x_i2c.o ABSOLUTE
    stm32f10x_it.c                           0x00000000   Number         0  stm32f10x_it.o ABSOLUTE
    stm32f10x_iwdg.c                         0x00000000   Number         0  stm32f10x_iwdg.o ABSOLUTE
    stm32f10x_pwr.c                          0x00000000   Number         0  stm32f10x_pwr.o ABSOLUTE
    stm32f10x_rcc.c                          0x00000000   Number         0  stm32f10x_rcc.o ABSOLUTE
    stm32f10x_rtc.c                          0x00000000   Number         0  stm32f10x_rtc.o ABSOLUTE
    stm32f10x_sdio.c                         0x00000000   Number         0  stm32f10x_sdio.o ABSOLUTE
    stm32f10x_spi.c                          0x00000000   Number         0  stm32f10x_spi.o ABSOLUTE
    stm32f10x_tim.c                          0x00000000   Number         0  stm32f10x_tim.o ABSOLUTE
    stm32f10x_usart.c                        0x00000000   Number         0  stm32f10x_usart.o ABSOLUTE
    stm32f10x_wwdg.c                         0x00000000   Number         0  stm32f10x_wwdg.o ABSOLUTE
    system_stm32f10x.c                       0x00000000   Number         0  system_stm32f10x.o ABSOLUTE
    telecom.c                                0x00000000   Number         0  telecom.o ABSOLUTE
    tick.c                                   0x00000000   Number         0  tick.o ABSOLUTE
    timer.c                                  0x00000000   Number         0  timer.o ABSOLUTE
    usart.c                                  0x00000000   Number         0  usart.o ABSOLUTE
    RESET                                    0x08000000   Section      236  startup_stm32f10x_md.o(RESET)
    .ARM.Collect$$$$00000000                 0x080000ec   Section        0  entry.o(.ARM.Collect$$$$00000000)
    .ARM.Collect$$$$00000001                 0x080000ec   Section        4  entry2.o(.ARM.Collect$$$$00000001)
    .ARM.Collect$$$$00000004                 0x080000f0   Section        4  entry5.o(.ARM.Collect$$$$00000004)
    .ARM.Collect$$$$00000008                 0x080000f4   Section        0  entry7b.o(.ARM.Collect$$$$00000008)
    .ARM.Collect$$$$0000000A                 0x080000f4   Section        0  entry8b.o(.ARM.Collect$$$$0000000A)
    .ARM.Collect$$$$0000000B                 0x080000f4   Section        8  entry9a.o(.ARM.Collect$$$$0000000B)
    __lit__00000000                          0x080000fc   Data           4  entry2.o(.ARM.Collect$$$$00002712)
    .ARM.Collect$$$$0000000D                 0x080000fc   Section        0  entry10a.o(.ARM.Collect$$$$0000000D)
    .ARM.Collect$$$$0000000F                 0x080000fc   Section        0  entry11a.o(.ARM.Collect$$$$0000000F)
    .ARM.Collect$$$$00002712                 0x080000fc   Section        4  entry2.o(.ARM.Collect$$$$00002712)
    .text                                    0x08000100   Section       36  startup_stm32f10x_md.o(.text)
    .text                                    0x08000124   Section        0  memseta.o(.text)
    .text                                    0x08000148   Section        0  fadd.o(.text)
    .text                                    0x080001f8   Section        0  fmul.o(.text)
    .text                                    0x0800025c   Section        0  fdiv.o(.text)
    .text                                    0x080002d8   Section        0  dadd.o(.text)
    .text                                    0x08000426   Section        0  dmul.o(.text)
    .text                                    0x0800050a   Section        0  fcmple.o(.text)
    .text                                    0x08000526   Section        0  fcmpge.o(.text)
    .text                                    0x08000542   Section        0  fcmpgt.o(.text)
    .text                                    0x0800055e   Section        0  fcmpeq.o(.text)
    .text                                    0x0800057a   Section        0  dcmpge.o(.text)
    .text                                    0x080005b0   Section        0  fflti.o(.text)
    .text                                    0x080005c2   Section        0  ffltui.o(.text)
    .text                                    0x080005cc   Section        0  ffixi.o(.text)
    .text                                    0x080005fe   Section        0  f2d.o(.text)
    .text                                    0x08000624   Section        0  d2f.o(.text)
    .text                                    0x0800065c   Section        0  llshl.o(.text)
    .text                                    0x0800067a   Section        0  llsshr.o(.text)
    .text                                    0x0800069e   Section        0  iusefp.o(.text)
    .text                                    0x0800069e   Section        0  fepilogue.o(.text)
    .text                                    0x0800070c   Section        0  depilogue.o(.text)
    .text                                    0x080007c6   Section        0  ddiv.o(.text)
    .text                                    0x080008a4   Section        0  dscalb.o(.text)
    .text                                    0x080008d4   Section       48  cdcmple.o(.text)
    .text                                    0x08000904   Section       36  init.o(.text)
    .text                                    0x08000928   Section        0  llushr.o(.text)
    .text                                    0x08000948   Section        0  dsqrt.o(.text)
    [Anonymous Symbol]                       0x080009ec   Section        0  stm32f10x_adc.o(.text.ADC_Cmd)
    [Anonymous Symbol]                       0x08000a18   Section        0  adc.o(.text.ADC_Config)
    [Anonymous Symbol]                       0x08000b24   Section        0  stm32f10x_adc.o(.text.ADC_DMACmd)
    [Anonymous Symbol]                       0x08000b50   Section        0  stm32f10x_adc.o(.text.ADC_DeInit)
    [Anonymous Symbol]                       0x08000bd0   Section        0  stm32f10x_adc.o(.text.ADC_GetCalibrationStatus)
    [Anonymous Symbol]                       0x08000c00   Section        0  stm32f10x_adc.o(.text.ADC_GetResetCalibrationStatus)
    [Anonymous Symbol]                       0x08000c30   Section        0  stm32f10x_adc.o(.text.ADC_Init)
    [Anonymous Symbol]                       0x08000ccc   Section        0  stm32f10x_adc.o(.text.ADC_RegularChannelConfig)
    [Anonymous Symbol]                       0x08000e48   Section        0  stm32f10x_adc.o(.text.ADC_ResetCalibration)
    [Anonymous Symbol]                       0x08000e5c   Section        0  stm32f10x_adc.o(.text.ADC_SoftwareStartConvCmd)
    [Anonymous Symbol]                       0x08000e88   Section        0  stm32f10x_adc.o(.text.ADC_StartCalibration)
    [Anonymous Symbol]                       0x08000e9c   Section        0  stm32f10x_it.o(.text.BusFault_Handler)
    [Anonymous Symbol]                       0x08000ea0   Section        0  adc.o(.text.CanFly_Bat)
    [Anonymous Symbol]                       0x0800105c   Section        0  mpu6050.o(.text.CanFly_Calcu_Position)
    [Anonymous Symbol]                       0x080012e4   Section        0  control.o(.text.CanFly_Control)
    [Anonymous Symbol]                       0x080013b0   Section        0  protocol.o(.text.CanFly_Decode)
    [Anonymous Symbol]                       0x08001460   Section        0  control.o(.text.CanFly_PID_Call)
    [Anonymous Symbol]                       0x0800164c   Section        0  protocol.o(.text.CanFly_Upload)
    [Anonymous Symbol]                       0x0800178c   Section        0  delay.o(.text.DELAY_Config)
    [Anonymous Symbol]                       0x080017cc   Section        0  stm32f10x_dma.o(.text.DMA_Cmd)
    [Anonymous Symbol]                       0x080017fc   Section        0  stm32f10x_dma.o(.text.DMA_DeInit)
    [Anonymous Symbol]                       0x080019b4   Section        0  stm32f10x_dma.o(.text.DMA_GetCurrDataCounter)
    [Anonymous Symbol]                       0x080019c4   Section        0  stm32f10x_dma.o(.text.DMA_Init)
    [Anonymous Symbol]                       0x08001a30   Section        0  stm32f10x_dma.o(.text.DMA_SetCurrDataCounter)
    [Anonymous Symbol]                       0x08001a44   Section        0  stm32f10x_it.o(.text.DebugMon_Handler)
    [Anonymous Symbol]                       0x08001a48   Section        0  stm32f10x_gpio.o(.text.GPIO_Init)
    [Anonymous Symbol]                       0x08001bd0   Section        0  stm32f10x_gpio.o(.text.GPIO_ResetBits)
    [Anonymous Symbol]                       0x08001be4   Section        0  stm32f10x_gpio.o(.text.GPIO_SetBits)
    [Anonymous Symbol]                       0x08001bf8   Section        0  stm32f10x_it.o(.text.HardFault_Handler)
    [Anonymous Symbol]                       0x08001bfc   Section        0  iic.o(.text.IIC_ACK)
    [Anonymous Symbol]                       0x08001c50   Section        0  iic.o(.text.IIC_Config)
    [Anonymous Symbol]                       0x08001cdc   Section        0  iic.o(.text.IIC_DELAY)
    [Anonymous Symbol]                       0x08001cf4   Section        0  iic.o(.text.IIC_HALF_DELAY)
    [Anonymous Symbol]                       0x08001d0c   Section        0  iic.o(.text.IIC_NACK)
    [Anonymous Symbol]                       0x08001d64   Section        0  iic.o(.text.IIC_READ)
    [Anonymous Symbol]                       0x08001e28   Section        0  iic.o(.text.IIC_READ_BYTE)
    [Anonymous Symbol]                       0x08001ebc   Section        0  iic.o(.text.IIC_RECEIVE_BYTE)
    [Anonymous Symbol]                       0x08001f6c   Section        0  iic.o(.text.IIC_SEND_BYTE)
    [Anonymous Symbol]                       0x08002020   Section        0  iic.o(.text.IIC_START)
    [Anonymous Symbol]                       0x08002084   Section        0  iic.o(.text.IIC_STOP)
    [Anonymous Symbol]                       0x080020e8   Section        0  iic.o(.text.IIC_WAIT_ACK)
    [Anonymous Symbol]                       0x08002188   Section        0  iic.o(.text.IIC_WRITE_BYTE)
    [Anonymous Symbol]                       0x08002208   Section        0  gpio.o(.text.IO_Config)
    [Anonymous Symbol]                       0x08002214   Section        0  tick.o(.text.IS_10HZ)
    [Anonymous Symbol]                       0x08002264   Section        0  tick.o(.text.IS_200HZ)
    [Anonymous Symbol]                       0x080022b4   Section        0  tick.o(.text.IS_2HZ)
    [Anonymous Symbol]                       0x08002304   Section        0  led.o(.text.LED_Blink)
    [Anonymous Symbol]                       0x08002348   Section        0  led.o(.text.LED_Config)
    [Anonymous Symbol]                       0x0800237c   Section        0  mpu6050.o(.text.MPU_Config)
    [Anonymous Symbol]                       0x08002414   Section        0  stm32f10x_it.o(.text.MemManage_Handler)
    [Anonymous Symbol]                       0x08002418   Section        0  pwm.o(.text.Motor_Pwm_Set)
    [Anonymous Symbol]                       0x08002548   Section        0  stm32f10x_it.o(.text.NMI_Handler)
    [Anonymous Symbol]                       0x0800254c   Section        0  misc.o(.text.NVIC_Init)
    [Anonymous Symbol]                       0x080025f8   Section        0  misc.o(.text.NVIC_PriorityGroupConfig)
    [Anonymous Symbol]                       0x08002614   Section        0  pid.o(.text.PID_Parm_Config)
    [Anonymous Symbol]                       0x0800278c   Section        0  pid.o(.text.PID_Postion_Cal)
    [Anonymous Symbol]                       0x080028c4   Section        0  pwm.o(.text.PWM_Config)
    [Anonymous Symbol]                       0x080029f0   Section        0  control.o(.text.PWM_Limit)
    [Anonymous Symbol]                       0x08002a30   Section        0  stm32f10x_it.o(.text.PendSV_Handler)
    [Anonymous Symbol]                       0x08002a34   Section        0  stm32f10x_rcc.o(.text.RCC_ADCCLKConfig)
    [Anonymous Symbol]                       0x08002a60   Section        0  stm32f10x_rcc.o(.text.RCC_AHBPeriphClockCmd)
    [Anonymous Symbol]                       0x08002a98   Section        0  stm32f10x_rcc.o(.text.RCC_APB1PeriphClockCmd)
    [Anonymous Symbol]                       0x08002ad0   Section        0  stm32f10x_rcc.o(.text.RCC_APB1PeriphResetCmd)
    [Anonymous Symbol]                       0x08002b08   Section        0  stm32f10x_rcc.o(.text.RCC_APB2PeriphClockCmd)
    [Anonymous Symbol]                       0x08002b40   Section        0  stm32f10x_rcc.o(.text.RCC_APB2PeriphResetCmd)
    [Anonymous Symbol]                       0x08002b78   Section        0  stm32f10x_rcc.o(.text.RCC_GetClocksFreq)
    [Anonymous Symbol]                       0x08002cec   Section        0  stm32f10x_it.o(.text.SVC_Handler)
    SetSysClock                              0x08002cf1   Thumb Code     8  system_stm32f10x.o(.text.SetSysClock)
    [Anonymous Symbol]                       0x08002cf0   Section        0  system_stm32f10x.o(.text.SetSysClock)
    SetSysClockTo72                          0x08002cf9   Thumb Code   290  system_stm32f10x.o(.text.SetSysClockTo72)
    [Anonymous Symbol]                       0x08002cf8   Section        0  system_stm32f10x.o(.text.SetSysClockTo72)
    [Anonymous Symbol]                       0x08002e1c   Section        0  misc.o(.text.SysTick_CLKSourceConfig)
    [Anonymous Symbol]                       0x08002e50   Section        0  stm32f10x_it.o(.text.SysTick_Handler)
    [Anonymous Symbol]                       0x08002e54   Section        0  system_stm32f10x.o(.text.SystemInit)
    [Anonymous Symbol]                       0x08002ebc   Section        0  timer.o(.text.TIM2_IRQHandler)
    [Anonymous Symbol]                       0x08002f04   Section        0  timer.o(.text.TIMER_Config)
    [Anonymous Symbol]                       0x08002f80   Section        0  stm32f10x_tim.o(.text.TIM_ARRPreloadConfig)
    [Anonymous Symbol]                       0x08002fac   Section        0  stm32f10x_tim.o(.text.TIM_ClearITPendingBit)
    [Anonymous Symbol]                       0x08002fc4   Section        0  stm32f10x_tim.o(.text.TIM_Cmd)
    [Anonymous Symbol]                       0x08002ff0   Section        0  stm32f10x_tim.o(.text.TIM_DMACmd)
    [Anonymous Symbol]                       0x08003024   Section        0  stm32f10x_tim.o(.text.TIM_DeInit)
    [Anonymous Symbol]                       0x080032c0   Section        0  stm32f10x_tim.o(.text.TIM_GetITStatus)
    [Anonymous Symbol]                       0x0800331c   Section        0  stm32f10x_tim.o(.text.TIM_ITConfig)
    [Anonymous Symbol]                       0x08003350   Section        0  stm32f10x_tim.o(.text.TIM_OC1Init)
    [Anonymous Symbol]                       0x080034b4   Section        0  stm32f10x_tim.o(.text.TIM_OC1PreloadConfig)
    [Anonymous Symbol]                       0x080034f0   Section        0  stm32f10x_tim.o(.text.TIM_OC2Init)
    [Anonymous Symbol]                       0x08003630   Section        0  stm32f10x_tim.o(.text.TIM_OC2PreloadConfig)
    [Anonymous Symbol]                       0x08003670   Section        0  stm32f10x_tim.o(.text.TIM_OC3Init)
    [Anonymous Symbol]                       0x080037b0   Section        0  stm32f10x_tim.o(.text.TIM_OC3PreloadConfig)
    [Anonymous Symbol]                       0x080037ec   Section        0  stm32f10x_tim.o(.text.TIM_OC4Init)
    [Anonymous Symbol]                       0x080038dc   Section        0  stm32f10x_tim.o(.text.TIM_OC4PreloadConfig)
    [Anonymous Symbol]                       0x0800391c   Section        0  stm32f10x_tim.o(.text.TIM_SetCompare4)
    [Anonymous Symbol]                       0x08003934   Section        0  stm32f10x_tim.o(.text.TIM_SetCounter)
    [Anonymous Symbol]                       0x08003948   Section        0  stm32f10x_tim.o(.text.TIM_TimeBaseInit)
    [Anonymous Symbol]                       0x08003a8c   Section        0  usart.o(.text.USART1_Config)
    [Anonymous Symbol]                       0x08003b50   Section        0  usart.o(.text.USART1_IRQHandler)
    [Anonymous Symbol]                       0x08003b78   Section        0  usart.o(.text.USART2_Config)
    [Anonymous Symbol]                       0x08003cf0   Section        0  usart.o(.text.USART2_IRQHandler)
    [Anonymous Symbol]                       0x08003d28   Section        0  stm32f10x_usart.o(.text.USART_Cmd)
    [Anonymous Symbol]                       0x08003d54   Section        0  stm32f10x_usart.o(.text.USART_DMACmd)
    [Anonymous Symbol]                       0x08003d88   Section        0  stm32f10x_usart.o(.text.USART_DeInit)
    [Anonymous Symbol]                       0x08003e58   Section        0  stm32f10x_usart.o(.text.USART_GetITStatus)
    [Anonymous Symbol]                       0x08003f08   Section        0  stm32f10x_usart.o(.text.USART_ITConfig)
    [Anonymous Symbol]                       0x08003f9c   Section        0  stm32f10x_usart.o(.text.USART_Init)
    [Anonymous Symbol]                       0x080040f8   Section        0  stm32f10x_usart.o(.text.USART_ReceiveData)
    [Anonymous Symbol]                       0x08004108   Section        0  stm32f10x_it.o(.text.UsageFault_Handler)
    [Anonymous Symbol]                       0x0800410c   Section        0  led.o(.text.WS2812B_Blink)
    [Anonymous Symbol]                       0x080042c8   Section        0  led.o(.text.WS2812B_Color)
    [Anonymous Symbol]                       0x0800431c   Section        0  led.o(.text.WS2812B_Config)
    [Anonymous Symbol]                       0x08004424   Section        0  led.o(.text.WS2812B_Dark)
    [Anonymous Symbol]                       0x08004470   Section        0  led.o(.text.WS2812B_Red)
    [Anonymous Symbol]                       0x080044bc   Section        0  led.o(.text.WS2812B_Reset)
    [Anonymous Symbol]                       0x080044c8   Section        0  led.o(.text.WS2812B_Show)
    [Anonymous Symbol]                       0x0800456c   Section        0  led.o(.text.WS2812B_Write_24Bits)
    [Anonymous Symbol]                       0x08004658   Section        0  led.o(.text.WS2812B_Yellow)
    [Anonymous Symbol]                       0x080046a8   Section        0  protocol.o(.text.ano_data_check)
    [Anonymous Symbol]                       0x08004744   Section        0  protocol.o(.text.ano_data_check_fill)
    [Anonymous Symbol]                       0x080047c0   Section        0  protocol.o(.text.ano_data_decode)
    [Anonymous Symbol]                       0x08004960   Section        0  protocol.o(.text.ano_data_fill_s16bit)
    [Anonymous Symbol]                       0x08004994   Section        0  protocol.o(.text.ano_data_fill_u16bit)
    [Anonymous Symbol]                       0x080049c8   Section        0  protocol.o(.text.ano_data_fill_u8bit)
    [Anonymous Symbol]                       0x080049ec   Section        0  protocol.o(.text.ano_data_get_s16bit)
    [Anonymous Symbol]                       0x08004a2c   Section        0  protocol.o(.text.ano_data_get_u8bit)
    [Anonymous Symbol]                       0x08004a58   Section        0  protocol.o(.text.ano_data_make_bat)
    [Anonymous Symbol]                       0x08004ad0   Section        0  protocol.o(.text.ano_data_make_ctrl_euler_arc)
    [Anonymous Symbol]                       0x08004b6c   Section        0  protocol.o(.text.ano_data_make_euler_arc)
    [Anonymous Symbol]                       0x08004c40   Section        0  protocol.o(.text.ano_data_make_flymode)
    [Anonymous Symbol]                       0x08004cf0   Section        0  protocol.o(.text.ano_data_make_head)
    [Anonymous Symbol]                       0x08004d10   Section        0  protocol.o(.text.ano_data_make_isensor)
    [Anonymous Symbol]                       0x08004df8   Section        0  protocol.o(.text.ano_data_make_pwm)
    [Anonymous Symbol]                       0x08004e94   Section        0  protocol.o(.text.ano_data_make_rgb)
    [Anonymous Symbol]                       0x08004f34   Section        0  delay.o(.text.delay_ms)
    [Anonymous Symbol]                       0x08004fc4   Section        0  delay.o(.text.delay_us)
    invSqrt                                  0x08005051   Thumb Code    88  mpu6050.o(.text.invSqrt)
    [Anonymous Symbol]                       0x08005050   Section        0  mpu6050.o(.text.invSqrt)
    [Anonymous Symbol]                       0x080050a8   Section        0  main.o(.text.main)
    [Anonymous Symbol]                       0x0800512c   Section        0  mpu6050.o(.text.mpu6050_offset)
    [Anonymous Symbol]                       0x08005240   Section        0  mpu6050.o(.text.mpu_get_euler_angle)
    [Anonymous Symbol]                       0x080058ec   Section        0  mpu6050.o(.text.mpu_get_sensor_data)
    [Anonymous Symbol]                       0x080059b8   Section        0  mpu6050.o(.text.mpu_read)
    [Anonymous Symbol]                       0x080059e0   Section        0  mpu6050.o(.text.mpu_read_byte)
    [Anonymous Symbol]                       0x080059f8   Section        0  mpu6050.o(.text.mpu_write_byte)
    i.__ARM_fpclassify                       0x08005a16   Section        0  fpclassify.o(i.__ARM_fpclassify)
    i.__kernel_poly                          0x08005a3e   Section        0  poly.o(i.__kernel_poly)
    i.__mathlib_dbl_infnan                   0x08005ae8   Section        0  dunder.o(i.__mathlib_dbl_infnan)
    i.__mathlib_dbl_infnan2                  0x08005aee   Section        0  dunder.o(i.__mathlib_dbl_infnan2)
    i.__mathlib_dbl_invalid                  0x08005af2   Section        0  dunder.o(i.__mathlib_dbl_invalid)
    i.__mathlib_dbl_underflow                0x08005b00   Section        0  dunder.o(i.__mathlib_dbl_underflow)
    i.__scatterload_copy                     0x08005b10   Section       14  handlers.o(i.__scatterload_copy)
    i.__scatterload_null                     0x08005b1e   Section        2  handlers.o(i.__scatterload_null)
    i.__scatterload_zeroinit                 0x08005b20   Section       14  handlers.o(i.__scatterload_zeroinit)
    i.__set_errno                            0x08005b30   Section        0  errno.o(i.__set_errno)
    i.asin                                   0x08005b3c   Section        0  asin.o(i.asin)
    i.atan                                   0x08005dac   Section        0  atan.o(i.atan)
    i.atan2                                  0x08005fcc   Section        0  atan2.o(i.atan2)
    i.sqrt                                   0x08006168   Section        0  sqrt.o(i.sqrt)
    pS                                       0x080061b8   Data          48  asin.o(.constdata)
    .constdata                               0x080061b8   Section       80  asin.o(.constdata)
    qS                                       0x080061e8   Data          32  asin.o(.constdata)
    atanhi                                   0x08006208   Data          32  atan.o(.constdata)
    .constdata                               0x08006208   Section      152  atan.o(.constdata)
    atanlo                                   0x08006228   Data          32  atan.o(.constdata)
    aTodd                                    0x08006248   Data          40  atan.o(.constdata)
    aTeven                                   0x08006270   Data          48  atan.o(.constdata)
    .constdata                               0x080062a0   Section        8  qnan.o(.constdata)
    .L__const.WS2812B_Blink.stay_color       0x080062a8   Data          64  led.o(.rodata..L__const.WS2812B_Blink.stay_color)
    ADCPrescTable                            0x080062e8   Data           4  stm32f10x_rcc.o(.rodata.ADCPrescTable)
    [Anonymous Symbol]                       0x080062e8   Section        0  stm32f10x_rcc.o(.rodata.ADCPrescTable)
    APBAHBPrescTable                         0x080062ec   Data          16  stm32f10x_rcc.o(.rodata.APBAHBPrescTable)
    [Anonymous Symbol]                       0x080062ec   Section        0  stm32f10x_rcc.o(.rodata.APBAHBPrescTable)
    _errno                                   0x20000000   Data           4  errno.o(.data)
    .data                                    0x20000000   Section        4  errno.o(.data)
    IIC_DELAY_US                             0x20000004   Data           1  iic.o(.data.IIC_DELAY_US)
    [Anonymous Symbol]                       0x20000004   Section        0  iic.o(.data.IIC_DELAY_US)
    CanFly_Bat.cnt0                          0x20000030   Data           1  adc.o(.bss.CanFly_Bat.cnt0)
    [Anonymous Symbol]                       0x20000030   Section        0  adc.o(.bss.CanFly_Bat.cnt0)
    CanFly_Bat.cnt1                          0x20000031   Data           1  adc.o(.bss.CanFly_Bat.cnt1)
    [Anonymous Symbol]                       0x20000031   Section        0  adc.o(.bss.CanFly_Bat.cnt1)
    CanFly_Bat.index                         0x20000032   Data           1  adc.o(.bss.CanFly_Bat.index)
    [Anonymous Symbol]                       0x20000032   Section        0  adc.o(.bss.CanFly_Bat.index)
    CanFly_Calcu_Position.acc_old            0x20000034   Data          12  mpu6050.o(.bss.CanFly_Calcu_Position.acc_old)
    [Anonymous Symbol]                       0x20000034   Section        0  mpu6050.o(.bss.CanFly_Calcu_Position.acc_old)
    IIC_Config.isInit                        0x20000060   Data           1  iic.o(.bss.IIC_Config.isInit)
    [Anonymous Symbol]                       0x20000060   Section        0  iic.o(.bss.IIC_Config.isInit)
    IS_10HZ.last_ms                          0x20000064   Data           4  tick.o(.bss.IS_10HZ.last_ms)
    [Anonymous Symbol]                       0x20000064   Section        0  tick.o(.bss.IS_10HZ.last_ms)
    IS_200HZ.last_ms                         0x20000068   Data           4  tick.o(.bss.IS_200HZ.last_ms)
    [Anonymous Symbol]                       0x20000068   Section        0  tick.o(.bss.IS_200HZ.last_ms)
    IS_2HZ.last_ms                           0x2000006c   Data           4  tick.o(.bss.IS_2HZ.last_ms)
    [Anonymous Symbol]                       0x2000006c   Section        0  tick.o(.bss.IS_2HZ.last_ms)
    LED_Blink.flag                           0x20000070   Data           1  led.o(.bss.LED_Blink.flag)
    [Anonymous Symbol]                       0x20000070   Section        0  led.o(.bss.LED_Blink.flag)
    WS2812B_Blink.change                     0x20000310   Data           1  led.o(.bss.WS2812B_Blink.change)
    [Anonymous Symbol]                       0x20000310   Section        0  led.o(.bss.WS2812B_Blink.change)
    fac_ms                                   0x20000b68   Data           2  delay.o(.bss.fac_ms)
    [Anonymous Symbol]                       0x20000b68   Section        0  delay.o(.bss.fac_ms)
    fac_us                                   0x20000b6a   Data           1  delay.o(.bss.fac_us)
    [Anonymous Symbol]                       0x20000b6a   Section        0  delay.o(.bss.fac_us)
    STACK                                    0x20000b78   Section    16384  startup_stm32f10x_md.o(STACK)

    Global Symbols

    Symbol Name                              Value     Ov Type        Size  Object(Section)

    BuildAttributes$$THM_ISAv4$P$D$K$B$S$PE$A:L22UL41UL21$X:L11$S22US41US21$IEEE1$IW$~IW$USESV6$~STKCKD$USESV7$~SHL$OTIME$ROPI$IEEEX$EBA8$MICROLIB$REQ8$PRES8$EABIv2 0x00000000   Number         0  anon$$obj.o ABSOLUTE
    __cpp_initialize__aeabi_                  - Undefined Weak Reference
    __cxa_finalize                            - Undefined Weak Reference
    __decompress                              - Undefined Weak Reference
    _clock_init                               - Undefined Weak Reference
    _microlib_exit                            - Undefined Weak Reference
    __Vectors_Size                           0x000000ec   Number         0  startup_stm32f10x_md.o ABSOLUTE
    __Vectors                                0x08000000   Data           4  startup_stm32f10x_md.o(RESET)
    __Vectors_End                            0x080000ec   Data           0  startup_stm32f10x_md.o(RESET)
    __main                                   0x080000ed   Thumb Code     0  entry.o(.ARM.Collect$$$$00000000)
    _main_stk                                0x080000ed   Thumb Code     0  entry2.o(.ARM.Collect$$$$00000001)
    _main_scatterload                        0x080000f1   Thumb Code     0  entry5.o(.ARM.Collect$$$$00000004)
    __main_after_scatterload                 0x080000f5   Thumb Code     0  entry5.o(.ARM.Collect$$$$00000004)
    _main_clock                              0x080000f5   Thumb Code     0  entry7b.o(.ARM.Collect$$$$00000008)
    _main_cpp_init                           0x080000f5   Thumb Code     0  entry8b.o(.ARM.Collect$$$$0000000A)
    _main_init                               0x080000f5   Thumb Code     0  entry9a.o(.ARM.Collect$$$$0000000B)
    __rt_final_cpp                           0x080000fd   Thumb Code     0  entry10a.o(.ARM.Collect$$$$0000000D)
    __rt_final_exit                          0x080000fd   Thumb Code     0  entry11a.o(.ARM.Collect$$$$0000000F)
    Reset_Handler                            0x08000101   Thumb Code     8  startup_stm32f10x_md.o(.text)
    ADC1_2_IRQHandler                        0x0800011b   Thumb Code     0  startup_stm32f10x_md.o(.text)
    CAN1_RX1_IRQHandler                      0x0800011b   Thumb Code     0  startup_stm32f10x_md.o(.text)
    CAN1_SCE_IRQHandler                      0x0800011b   Thumb Code     0  startup_stm32f10x_md.o(.text)
    DMA1_Channel1_IRQHandler                 0x0800011b   Thumb Code     0  startup_stm32f10x_md.o(.text)
    DMA1_Channel2_IRQHandler                 0x0800011b   Thumb Code     0  startup_stm32f10x_md.o(.text)
    DMA1_Channel3_IRQHandler                 0x0800011b   Thumb Code     0  startup_stm32f10x_md.o(.text)
    DMA1_Channel4_IRQHandler                 0x0800011b   Thumb Code     0  startup_stm32f10x_md.o(.text)
    DMA1_Channel5_IRQHandler                 0x0800011b   Thumb Code     0  startup_stm32f10x_md.o(.text)
    DMA1_Channel6_IRQHandler                 0x0800011b   Thumb Code     0  startup_stm32f10x_md.o(.text)
    DMA1_Channel7_IRQHandler                 0x0800011b   Thumb Code     0  startup_stm32f10x_md.o(.text)
    EXTI0_IRQHandler                         0x0800011b   Thumb Code     0  startup_stm32f10x_md.o(.text)
    EXTI15_10_IRQHandler                     0x0800011b   Thumb Code     0  startup_stm32f10x_md.o(.text)
    EXTI1_IRQHandler                         0x0800011b   Thumb Code     0  startup_stm32f10x_md.o(.text)
    EXTI2_IRQHandler                         0x0800011b   Thumb Code     0  startup_stm32f10x_md.o(.text)
    EXTI3_IRQHandler                         0x0800011b   Thumb Code     0  startup_stm32f10x_md.o(.text)
    EXTI4_IRQHandler                         0x0800011b   Thumb Code     0  startup_stm32f10x_md.o(.text)
    EXTI9_5_IRQHandler                       0x0800011b   Thumb Code     0  startup_stm32f10x_md.o(.text)
    FLASH_IRQHandler                         0x0800011b   Thumb Code     0  startup_stm32f10x_md.o(.text)
    I2C1_ER_IRQHandler                       0x0800011b   Thumb Code     0  startup_stm32f10x_md.o(.text)
    I2C1_EV_IRQHandler                       0x0800011b   Thumb Code     0  startup_stm32f10x_md.o(.text)
    I2C2_ER_IRQHandler                       0x0800011b   Thumb Code     0  startup_stm32f10x_md.o(.text)
    I2C2_EV_IRQHandler                       0x0800011b   Thumb Code     0  startup_stm32f10x_md.o(.text)
    PVD_IRQHandler                           0x0800011b   Thumb Code     0  startup_stm32f10x_md.o(.text)
    RCC_IRQHandler                           0x0800011b   Thumb Code     0  startup_stm32f10x_md.o(.text)
    RTCAlarm_IRQHandler                      0x0800011b   Thumb Code     0  startup_stm32f10x_md.o(.text)
    RTC_IRQHandler                           0x0800011b   Thumb Code     0  startup_stm32f10x_md.o(.text)
    SPI1_IRQHandler                          0x0800011b   Thumb Code     0  startup_stm32f10x_md.o(.text)
    SPI2_IRQHandler                          0x0800011b   Thumb Code     0  startup_stm32f10x_md.o(.text)
    TAMPER_IRQHandler                        0x0800011b   Thumb Code     0  startup_stm32f10x_md.o(.text)
    TIM1_BRK_IRQHandler                      0x0800011b   Thumb Code     0  startup_stm32f10x_md.o(.text)
    TIM1_CC_IRQHandler                       0x0800011b   Thumb Code     0  startup_stm32f10x_md.o(.text)
    TIM1_TRG_COM_IRQHandler                  0x0800011b   Thumb Code     0  startup_stm32f10x_md.o(.text)
    TIM1_UP_IRQHandler                       0x0800011b   Thumb Code     0  startup_stm32f10x_md.o(.text)
    TIM3_IRQHandler                          0x0800011b   Thumb Code     0  startup_stm32f10x_md.o(.text)
    TIM4_IRQHandler                          0x0800011b   Thumb Code     0  startup_stm32f10x_md.o(.text)
    USART3_IRQHandler                        0x0800011b   Thumb Code     0  startup_stm32f10x_md.o(.text)
    USBWakeUp_IRQHandler                     0x0800011b   Thumb Code     0  startup_stm32f10x_md.o(.text)
    USB_HP_CAN1_TX_IRQHandler                0x0800011b   Thumb Code     0  startup_stm32f10x_md.o(.text)
    USB_LP_CAN1_RX0_IRQHandler               0x0800011b   Thumb Code     0  startup_stm32f10x_md.o(.text)
    WWDG_IRQHandler                          0x0800011b   Thumb Code     0  startup_stm32f10x_md.o(.text)
    __aeabi_memset                           0x08000125   Thumb Code    14  memseta.o(.text)
    __aeabi_memset4                          0x08000125   Thumb Code     0  memseta.o(.text)
    __aeabi_memset8                          0x08000125   Thumb Code     0  memseta.o(.text)
    __aeabi_memclr                           0x08000133   Thumb Code     4  memseta.o(.text)
    __aeabi_memclr4                          0x08000133   Thumb Code     0  memseta.o(.text)
    __aeabi_memclr8                          0x08000133   Thumb Code     0  memseta.o(.text)
    _memset$wrapper                          0x08000137   Thumb Code    18  memseta.o(.text)
    __aeabi_fadd                             0x08000149   Thumb Code   164  fadd.o(.text)
    __aeabi_fsub                             0x080001ed   Thumb Code     6  fadd.o(.text)
    __aeabi_frsub                            0x080001f3   Thumb Code     6  fadd.o(.text)
    __aeabi_fmul                             0x080001f9   Thumb Code   100  fmul.o(.text)
    __aeabi_fdiv                             0x0800025d   Thumb Code   124  fdiv.o(.text)
    __aeabi_dadd                             0x080002d9   Thumb Code   322  dadd.o(.text)
    __aeabi_dsub                             0x0800041b   Thumb Code     6  dadd.o(.text)
    __aeabi_drsub                            0x08000421   Thumb Code     6  dadd.o(.text)
    __aeabi_dmul                             0x08000427   Thumb Code   228  dmul.o(.text)
    __aeabi_fcmple                           0x0800050b   Thumb Code    28  fcmple.o(.text)
    __aeabi_fcmpge                           0x08000527   Thumb Code    28  fcmpge.o(.text)
    __aeabi_fcmpgt                           0x08000543   Thumb Code    28  fcmpgt.o(.text)
    __aeabi_fcmpeq                           0x0800055f   Thumb Code    28  fcmpeq.o(.text)
    __aeabi_dcmpge                           0x0800057b   Thumb Code    54  dcmpge.o(.text)
    __aeabi_i2f                              0x080005b1   Thumb Code    18  fflti.o(.text)
    __aeabi_ui2f                             0x080005c3   Thumb Code    10  ffltui.o(.text)
    __aeabi_f2iz                             0x080005cd   Thumb Code    50  ffixi.o(.text)
    __aeabi_f2d                              0x080005ff   Thumb Code    38  f2d.o(.text)
    __aeabi_d2f                              0x08000625   Thumb Code    56  d2f.o(.text)
    __aeabi_llsl                             0x0800065d   Thumb Code    30  llshl.o(.text)
    _ll_shift_l                              0x0800065d   Thumb Code     0  llshl.o(.text)
    __aeabi_lasr                             0x0800067b   Thumb Code    36  llsshr.o(.text)
    _ll_sshift_r                             0x0800067b   Thumb Code     0  llsshr.o(.text)
    __I$use$fp                               0x0800069f   Thumb Code     0  iusefp.o(.text)
    _float_round                             0x0800069f   Thumb Code    18  fepilogue.o(.text)
    _float_epilogue                          0x080006b1   Thumb Code    92  fepilogue.o(.text)
    _double_round                            0x0800070d   Thumb Code    30  depilogue.o(.text)
    _double_epilogue                         0x0800072b   Thumb Code   156  depilogue.o(.text)
    __aeabi_ddiv                             0x080007c7   Thumb Code   222  ddiv.o(.text)
    __ARM_scalbn                             0x080008a5   Thumb Code    46  dscalb.o(.text)
    scalbn                                   0x080008a5   Thumb Code     0  dscalb.o(.text)
    __aeabi_cdcmpeq                          0x080008d5   Thumb Code     0  cdcmple.o(.text)
    __aeabi_cdcmple                          0x080008d5   Thumb Code    48  cdcmple.o(.text)
    __scatterload                            0x08000905   Thumb Code    28  init.o(.text)
    __scatterload_rt2                        0x08000905   Thumb Code     0  init.o(.text)
    __aeabi_llsr                             0x08000929   Thumb Code    32  llushr.o(.text)
    _ll_ushift_r                             0x08000929   Thumb Code     0  llushr.o(.text)
    _dsqrt                                   0x08000949   Thumb Code   162  dsqrt.o(.text)
    ADC_Cmd                                  0x080009ed   Thumb Code    44  stm32f10x_adc.o(.text.ADC_Cmd)
    ADC_Config                               0x08000a19   Thumb Code   268  adc.o(.text.ADC_Config)
    ADC_DMACmd                               0x08000b25   Thumb Code    44  stm32f10x_adc.o(.text.ADC_DMACmd)
    ADC_DeInit                               0x08000b51   Thumb Code   128  stm32f10x_adc.o(.text.ADC_DeInit)
    ADC_GetCalibrationStatus                 0x08000bd1   Thumb Code    46  stm32f10x_adc.o(.text.ADC_GetCalibrationStatus)
    ADC_GetResetCalibrationStatus            0x08000c01   Thumb Code    46  stm32f10x_adc.o(.text.ADC_GetResetCalibrationStatus)
    ADC_Init                                 0x08000c31   Thumb Code   154  stm32f10x_adc.o(.text.ADC_Init)
    ADC_RegularChannelConfig                 0x08000ccd   Thumb Code   380  stm32f10x_adc.o(.text.ADC_RegularChannelConfig)
    ADC_ResetCalibration                     0x08000e49   Thumb Code    18  stm32f10x_adc.o(.text.ADC_ResetCalibration)
    ADC_SoftwareStartConvCmd                 0x08000e5d   Thumb Code    44  stm32f10x_adc.o(.text.ADC_SoftwareStartConvCmd)
    ADC_StartCalibration                     0x08000e89   Thumb Code    18  stm32f10x_adc.o(.text.ADC_StartCalibration)
    BusFault_Handler                         0x08000e9d   Thumb Code     4  stm32f10x_it.o(.text.BusFault_Handler)
    CanFly_Bat                               0x08000ea1   Thumb Code   444  adc.o(.text.CanFly_Bat)
    CanFly_Calcu_Position                    0x0800105d   Thumb Code   648  mpu6050.o(.text.CanFly_Calcu_Position)
    CanFly_Control                           0x080012e5   Thumb Code   204  control.o(.text.CanFly_Control)
    CanFly_Decode                            0x080013b1   Thumb Code   174  protocol.o(.text.CanFly_Decode)
    CanFly_PID_Call                          0x08001461   Thumb Code   490  control.o(.text.CanFly_PID_Call)
    CanFly_Upload                            0x0800164d   Thumb Code   318  protocol.o(.text.CanFly_Upload)
    DELAY_Config                             0x0800178d   Thumb Code    64  delay.o(.text.DELAY_Config)
    DMA_Cmd                                  0x080017cd   Thumb Code    46  stm32f10x_dma.o(.text.DMA_Cmd)
    DMA_DeInit                               0x080017fd   Thumb Code   440  stm32f10x_dma.o(.text.DMA_DeInit)
    DMA_GetCurrDataCounter                   0x080019b5   Thumb Code    14  stm32f10x_dma.o(.text.DMA_GetCurrDataCounter)
    DMA_Init                                 0x080019c5   Thumb Code   108  stm32f10x_dma.o(.text.DMA_Init)
    DMA_SetCurrDataCounter                   0x08001a31   Thumb Code    20  stm32f10x_dma.o(.text.DMA_SetCurrDataCounter)
    DebugMon_Handler                         0x08001a45   Thumb Code     2  stm32f10x_it.o(.text.DebugMon_Handler)
    GPIO_Init                                0x08001a49   Thumb Code   390  stm32f10x_gpio.o(.text.GPIO_Init)
    GPIO_ResetBits                           0x08001bd1   Thumb Code    20  stm32f10x_gpio.o(.text.GPIO_ResetBits)
    GPIO_SetBits                             0x08001be5   Thumb Code    20  stm32f10x_gpio.o(.text.GPIO_SetBits)
    HardFault_Handler                        0x08001bf9   Thumb Code     4  stm32f10x_it.o(.text.HardFault_Handler)
    IIC_ACK                                  0x08001bfd   Thumb Code    84  iic.o(.text.IIC_ACK)
    IIC_Config                               0x08001c51   Thumb Code   140  iic.o(.text.IIC_Config)
    IIC_DELAY                                0x08001cdd   Thumb Code    24  iic.o(.text.IIC_DELAY)
    IIC_HALF_DELAY                           0x08001cf5   Thumb Code    24  iic.o(.text.IIC_HALF_DELAY)
    IIC_NACK                                 0x08001d0d   Thumb Code    86  iic.o(.text.IIC_NACK)
    IIC_READ                                 0x08001d65   Thumb Code   196  iic.o(.text.IIC_READ)
    IIC_READ_BYTE                            0x08001e29   Thumb Code   146  iic.o(.text.IIC_READ_BYTE)
    IIC_RECEIVE_BYTE                         0x08001ebd   Thumb Code   176  iic.o(.text.IIC_RECEIVE_BYTE)
    IIC_SEND_BYTE                            0x08001f6d   Thumb Code   178  iic.o(.text.IIC_SEND_BYTE)
    IIC_START                                0x08002021   Thumb Code    98  iic.o(.text.IIC_START)
    IIC_STOP                                 0x08002085   Thumb Code    98  iic.o(.text.IIC_STOP)
    IIC_WAIT_ACK                             0x080020e9   Thumb Code   160  iic.o(.text.IIC_WAIT_ACK)
    IIC_WRITE_BYTE                           0x08002189   Thumb Code   128  iic.o(.text.IIC_WRITE_BYTE)
    IO_Config                                0x08002209   Thumb Code    12  gpio.o(.text.IO_Config)
    IS_10HZ                                  0x08002215   Thumb Code    78  tick.o(.text.IS_10HZ)
    IS_200HZ                                 0x08002265   Thumb Code    78  tick.o(.text.IS_200HZ)
    IS_2HZ                                   0x080022b5   Thumb Code    80  tick.o(.text.IS_2HZ)
    LED_Blink                                0x08002305   Thumb Code    68  led.o(.text.LED_Blink)
    LED_Config                               0x08002349   Thumb Code    52  led.o(.text.LED_Config)
    MPU_Config                               0x0800237d   Thumb Code   150  mpu6050.o(.text.MPU_Config)
    MemManage_Handler                        0x08002415   Thumb Code     4  stm32f10x_it.o(.text.MemManage_Handler)
    Motor_Pwm_Set                            0x08002419   Thumb Code   302  pwm.o(.text.Motor_Pwm_Set)
    NMI_Handler                              0x08002549   Thumb Code     2  stm32f10x_it.o(.text.NMI_Handler)
    NVIC_Init                                0x0800254d   Thumb Code   170  misc.o(.text.NVIC_Init)
    NVIC_PriorityGroupConfig                 0x080025f9   Thumb Code    28  misc.o(.text.NVIC_PriorityGroupConfig)
    PID_Parm_Config                          0x08002615   Thumb Code   376  pid.o(.text.PID_Parm_Config)
    PID_Postion_Cal                          0x0800278d   Thumb Code   310  pid.o(.text.PID_Postion_Cal)
    PWM_Config                               0x080028c5   Thumb Code   298  pwm.o(.text.PWM_Config)
    PWM_Limit                                0x080029f1   Thumb Code    64  control.o(.text.PWM_Limit)
    PendSV_Handler                           0x08002a31   Thumb Code     2  stm32f10x_it.o(.text.PendSV_Handler)
    RCC_ADCCLKConfig                         0x08002a35   Thumb Code    44  stm32f10x_rcc.o(.text.RCC_ADCCLKConfig)
    RCC_AHBPeriphClockCmd                    0x08002a61   Thumb Code    56  stm32f10x_rcc.o(.text.RCC_AHBPeriphClockCmd)
    RCC_APB1PeriphClockCmd                   0x08002a99   Thumb Code    56  stm32f10x_rcc.o(.text.RCC_APB1PeriphClockCmd)
    RCC_APB1PeriphResetCmd                   0x08002ad1   Thumb Code    56  stm32f10x_rcc.o(.text.RCC_APB1PeriphResetCmd)
    RCC_APB2PeriphClockCmd                   0x08002b09   Thumb Code    56  stm32f10x_rcc.o(.text.RCC_APB2PeriphClockCmd)
    RCC_APB2PeriphResetCmd                   0x08002b41   Thumb Code    56  stm32f10x_rcc.o(.text.RCC_APB2PeriphResetCmd)
    RCC_GetClocksFreq                        0x08002b79   Thumb Code   370  stm32f10x_rcc.o(.text.RCC_GetClocksFreq)
    SVC_Handler                              0x08002ced   Thumb Code     2  stm32f10x_it.o(.text.SVC_Handler)
    SysTick_CLKSourceConfig                  0x08002e1d   Thumb Code    52  misc.o(.text.SysTick_CLKSourceConfig)
    SysTick_Handler                          0x08002e51   Thumb Code     2  stm32f10x_it.o(.text.SysTick_Handler)
    SystemInit                               0x08002e55   Thumb Code   102  system_stm32f10x.o(.text.SystemInit)
    TIM2_IRQHandler                          0x08002ebd   Thumb Code    70  timer.o(.text.TIM2_IRQHandler)
    TIMER_Config                             0x08002f05   Thumb Code   122  timer.o(.text.TIMER_Config)
    TIM_ARRPreloadConfig                     0x08002f81   Thumb Code    44  stm32f10x_tim.o(.text.TIM_ARRPreloadConfig)
    TIM_ClearITPendingBit                    0x08002fad   Thumb Code    22  stm32f10x_tim.o(.text.TIM_ClearITPendingBit)
    TIM_Cmd                                  0x08002fc5   Thumb Code    44  stm32f10x_tim.o(.text.TIM_Cmd)
    TIM_DMACmd                               0x08002ff1   Thumb Code    52  stm32f10x_tim.o(.text.TIM_DMACmd)
    TIM_DeInit                               0x08003025   Thumb Code   666  stm32f10x_tim.o(.text.TIM_DeInit)
    TIM_GetITStatus                          0x080032c1   Thumb Code    90  stm32f10x_tim.o(.text.TIM_GetITStatus)
    TIM_ITConfig                             0x0800331d   Thumb Code    52  stm32f10x_tim.o(.text.TIM_ITConfig)
    TIM_OC1Init                              0x08003351   Thumb Code   354  stm32f10x_tim.o(.text.TIM_OC1Init)
    TIM_OC1PreloadConfig                     0x080034b5   Thumb Code    60  stm32f10x_tim.o(.text.TIM_OC1PreloadConfig)
    TIM_OC2Init                              0x080034f1   Thumb Code   320  stm32f10x_tim.o(.text.TIM_OC2Init)
    TIM_OC2PreloadConfig                     0x08003631   Thumb Code    62  stm32f10x_tim.o(.text.TIM_OC2PreloadConfig)
    TIM_OC3Init                              0x08003671   Thumb Code   318  stm32f10x_tim.o(.text.TIM_OC3Init)
    TIM_OC3PreloadConfig                     0x080037b1   Thumb Code    60  stm32f10x_tim.o(.text.TIM_OC3PreloadConfig)
    TIM_OC4Init                              0x080037ed   Thumb Code   238  stm32f10x_tim.o(.text.TIM_OC4Init)
    TIM_OC4PreloadConfig                     0x080038dd   Thumb Code    62  stm32f10x_tim.o(.text.TIM_OC4PreloadConfig)
    TIM_SetCompare4                          0x0800391d   Thumb Code    22  stm32f10x_tim.o(.text.TIM_SetCompare4)
    TIM_SetCounter                           0x08003935   Thumb Code    20  stm32f10x_tim.o(.text.TIM_SetCounter)
    TIM_TimeBaseInit                         0x08003949   Thumb Code   322  stm32f10x_tim.o(.text.TIM_TimeBaseInit)
    USART1_Config                            0x08003a8d   Thumb Code   196  usart.o(.text.USART1_Config)
    USART1_IRQHandler                        0x08003b51   Thumb Code    40  usart.o(.text.USART1_IRQHandler)
    USART2_Config                            0x08003b79   Thumb Code   376  usart.o(.text.USART2_Config)
    USART2_IRQHandler                        0x08003cf1   Thumb Code    56  usart.o(.text.USART2_IRQHandler)
    USART_Cmd                                0x08003d29   Thumb Code    44  stm32f10x_usart.o(.text.USART_Cmd)
    USART_DMACmd                             0x08003d55   Thumb Code    52  stm32f10x_usart.o(.text.USART_DMACmd)
    USART_DeInit                             0x08003d89   Thumb Code   208  stm32f10x_usart.o(.text.USART_DeInit)
    USART_GetITStatus                        0x08003e59   Thumb Code   176  stm32f10x_usart.o(.text.USART_GetITStatus)
    USART_ITConfig                           0x08003f09   Thumb Code   146  stm32f10x_usart.o(.text.USART_ITConfig)
    USART_Init                               0x08003f9d   Thumb Code   348  stm32f10x_usart.o(.text.USART_Init)
    USART_ReceiveData                        0x080040f9   Thumb Code    16  stm32f10x_usart.o(.text.USART_ReceiveData)
    UsageFault_Handler                       0x08004109   Thumb Code     4  stm32f10x_it.o(.text.UsageFault_Handler)
    WS2812B_Blink                            0x0800410d   Thumb Code   442  led.o(.text.WS2812B_Blink)
    WS2812B_Color                            0x080042c9   Thumb Code    84  led.o(.text.WS2812B_Color)
    WS2812B_Config                           0x0800431d   Thumb Code   264  led.o(.text.WS2812B_Config)
    WS2812B_Dark                             0x08004425   Thumb Code    74  led.o(.text.WS2812B_Dark)
    WS2812B_Red                              0x08004471   Thumb Code    76  led.o(.text.WS2812B_Red)
    WS2812B_Reset                            0x080044bd   Thumb Code    10  led.o(.text.WS2812B_Reset)
    WS2812B_Show                             0x080044c9   Thumb Code   162  led.o(.text.WS2812B_Show)
    WS2812B_Write_24Bits                     0x0800456d   Thumb Code   234  led.o(.text.WS2812B_Write_24Bits)
    WS2812B_Yellow                           0x08004659   Thumb Code    80  led.o(.text.WS2812B_Yellow)
    ano_data_check                           0x080046a9   Thumb Code   154  protocol.o(.text.ano_data_check)
    ano_data_check_fill                      0x08004745   Thumb Code   122  protocol.o(.text.ano_data_check_fill)
    ano_data_decode                          0x080047c1   Thumb Code   416  protocol.o(.text.ano_data_decode)
    ano_data_fill_s16bit                     0x08004961   Thumb Code    50  protocol.o(.text.ano_data_fill_s16bit)
    ano_data_fill_u16bit                     0x08004995   Thumb Code    50  protocol.o(.text.ano_data_fill_u16bit)
    ano_data_fill_u8bit                      0x080049c9   Thumb Code    36  protocol.o(.text.ano_data_fill_u8bit)
    ano_data_get_s16bit                      0x080049ed   Thumb Code    64  protocol.o(.text.ano_data_get_s16bit)
    ano_data_get_u8bit                       0x08004a2d   Thumb Code    44  protocol.o(.text.ano_data_get_u8bit)
    ano_data_make_bat                        0x08004a59   Thumb Code   118  protocol.o(.text.ano_data_make_bat)
    ano_data_make_ctrl_euler_arc             0x08004ad1   Thumb Code   156  protocol.o(.text.ano_data_make_ctrl_euler_arc)
    ano_data_make_euler_arc                  0x08004b6d   Thumb Code   212  protocol.o(.text.ano_data_make_euler_arc)
    ano_data_make_flymode                    0x08004c41   Thumb Code   176  protocol.o(.text.ano_data_make_flymode)
    ano_data_make_head                       0x08004cf1   Thumb Code    32  protocol.o(.text.ano_data_make_head)
    ano_data_make_isensor                    0x08004d11   Thumb Code   230  protocol.o(.text.ano_data_make_isensor)
    ano_data_make_pwm                        0x08004df9   Thumb Code   156  protocol.o(.text.ano_data_make_pwm)
    ano_data_make_rgb                        0x08004e95   Thumb Code   158  protocol.o(.text.ano_data_make_rgb)
    delay_ms                                 0x08004f35   Thumb Code   144  delay.o(.text.delay_ms)
    delay_us                                 0x08004fc5   Thumb Code   140  delay.o(.text.delay_us)
    main                                     0x080050a9   Thumb Code   132  main.o(.text.main)
    mpu6050_offset                           0x0800512d   Thumb Code   276  mpu6050.o(.text.mpu6050_offset)
    mpu_get_euler_angle                      0x08005241   Thumb Code  1708  mpu6050.o(.text.mpu_get_euler_angle)
    mpu_get_sensor_data                      0x080058ed   Thumb Code   202  mpu6050.o(.text.mpu_get_sensor_data)
    mpu_read                                 0x080059b9   Thumb Code    38  mpu6050.o(.text.mpu_read)
    mpu_read_byte                            0x080059e1   Thumb Code    22  mpu6050.o(.text.mpu_read_byte)
    mpu_write_byte                           0x080059f9   Thumb Code    30  mpu6050.o(.text.mpu_write_byte)
    __ARM_fpclassify                         0x08005a17   Thumb Code    40  fpclassify.o(i.__ARM_fpclassify)
    __kernel_poly                            0x08005a3f   Thumb Code   170  poly.o(i.__kernel_poly)
    __mathlib_dbl_infnan                     0x08005ae9   Thumb Code     6  dunder.o(i.__mathlib_dbl_infnan)
    __mathlib_dbl_infnan2                    0x08005aef   Thumb Code     4  dunder.o(i.__mathlib_dbl_infnan2)
    __mathlib_dbl_invalid                    0x08005af3   Thumb Code    12  dunder.o(i.__mathlib_dbl_invalid)
    __mathlib_dbl_underflow                  0x08005b01   Thumb Code    10  dunder.o(i.__mathlib_dbl_underflow)
    __scatterload_copy                       0x08005b11   Thumb Code    14  handlers.o(i.__scatterload_copy)
    __scatterload_null                       0x08005b1f   Thumb Code     2  handlers.o(i.__scatterload_null)
    __scatterload_zeroinit                   0x08005b21   Thumb Code    14  handlers.o(i.__scatterload_zeroinit)
    __set_errno                              0x08005b31   Thumb Code     6  errno.o(i.__set_errno)
    asin                                     0x08005b3d   Thumb Code   572  asin.o(i.asin)
    atan                                     0x08005dad   Thumb Code   474  atan.o(i.atan)
    atan2                                    0x08005fcd   Thumb Code   374  atan2.o(i.atan2)
    sqrt                                     0x08006169   Thumb Code    76  sqrt.o(i.sqrt)
    __mathlib_zero                           0x080062a0   Data           8  qnan.o(.constdata)
    Region$$Table$$Base                      0x080062fc   Number         0  anon$$obj.o(Region$$Table)
    Region$$Table$$Limit                     0x0800631c   Number         0  anon$$obj.o(Region$$Table)
    PWM_MAX                                  0x20000006   Data           2  pwm.o(.data.PWM_MAX)
    SystemCoreClock                          0x20000008   Data           4  system_stm32f10x.o(.data.SystemCoreClock)
    q0                                       0x2000000c   Data           4  mpu6050.o(.data.q0)
    ACC_OFFSET_RAW                           0x20000010   Data           6  mpu6050.o(.bss.ACC_OFFSET_RAW)
    ADC_Value                                0x20000016   Data           2  adc.o(.bss.ADC_Value)
    Acc_M                                    0x20000018   Data          12  mpu6050.o(.bss.Acc_M)
    Angle                                    0x20000024   Data          12  mpu6050.o(.bss.Angle)
    GYRO_OFFSET_RAW                          0x20000040   Data           6  mpu6050.o(.bss.GYRO_OFFSET_RAW)
    Gyr_D                                    0x20000048   Data          12  mpu6050.o(.bss.Gyr_D)
    Gyr_R                                    0x20000054   Data          12  mpu6050.o(.bss.Gyr_R)
    LED_Buffer                               0x20000072   Data         194  led.o(.bss.LED_Buffer)
    MPU6050_ACC_RAW                          0x20000134   Data           6  mpu6050.o(.bss.MPU6050_ACC_RAW)
    MPU6050_Buffer                           0x2000013a   Data          14  mpu6050.o(.bss.MPU6050_Buffer)
    MPU6050_GYRO_RAW                         0x20000148   Data           6  mpu6050.o(.bss.MPU6050_GYRO_RAW)
    PID_ALT                                  0x20000150   Data          56  pid.o(.bss.PID_ALT)
    PID_ALT_Rate                             0x20000188   Data          56  pid.o(.bss.PID_ALT_Rate)
    PID_PIT_Angle                            0x200001c0   Data          56  pid.o(.bss.PID_PIT_Angle)
    PID_PIT_Rate                             0x200001f8   Data          56  pid.o(.bss.PID_PIT_Rate)
    PID_ROL_Angle                            0x20000230   Data          56  pid.o(.bss.PID_ROL_Angle)
    PID_ROL_Rate                             0x20000268   Data          56  pid.o(.bss.PID_ROL_Rate)
    PID_YAW_Angle                            0x200002a0   Data          56  pid.o(.bss.PID_YAW_Angle)
    PID_YAW_Rate                             0x200002d8   Data          56  pid.o(.bss.PID_YAW_Rate)
    adc_temp                                 0x20000312   Data          12  adc.o(.bss.adc_temp)
    canfly                                   0x20000320   Data        2108  main.o(.bss.canfly)
    exInt                                    0x20000b5c   Data           4  mpu6050.o(.bss.exInt)
    eyInt                                    0x20000b60   Data           4  mpu6050.o(.bss.eyInt)
    ezInt                                    0x20000b64   Data           4  mpu6050.o(.bss.ezInt)
    q1                                       0x20000b6c   Data           4  mpu6050.o(.bss.q1)
    q2                                       0x20000b70   Data           4  mpu6050.o(.bss.q2)
    q3                                       0x20000b74   Data           4  mpu6050.o(.bss.q3)
    __initial_sp                             0x20004b78   Data           0  startup_stm32f10x_md.o(STACK)



==============================================================================

Memory Map of the image

  Image Entry point : 0x080000ed

  Load Region LR_IROM1 (Base: 0x08000000, Size: 0x00006330, Max: 0x00010000, ABSOLUTE)

    Execution Region ER_IROM1 (Exec base: 0x08000000, Load base: 0x08000000, Size: 0x0000631c, Max: 0x00010000, ABSOLUTE)

    Exec Addr    Load Addr    Size         Type   Attr      Idx    E Section Name        Object

    0x08000000   0x08000000   0x000000ec   Data   RO         1531    RESET               startup_stm32f10x_md.o
    0x080000ec   0x080000ec   0x00000000   Code   RO         1547  * .ARM.Collect$$$$00000000  mc_w.l(entry.o)
    0x080000ec   0x080000ec   0x00000004   Code   RO         1613    .ARM.Collect$$$$00000001  mc_w.l(entry2.o)
    0x080000f0   0x080000f0   0x00000004   Code   RO         1616    .ARM.Collect$$$$00000004  mc_w.l(entry5.o)
    0x080000f4   0x080000f4   0x00000000   Code   RO         1618    .ARM.Collect$$$$00000008  mc_w.l(entry7b.o)
    0x080000f4   0x080000f4   0x00000000   Code   RO         1620    .ARM.Collect$$$$0000000A  mc_w.l(entry8b.o)
    0x080000f4   0x080000f4   0x00000008   Code   RO         1621    .ARM.Collect$$$$0000000B  mc_w.l(entry9a.o)
    0x080000fc   0x080000fc   0x00000000   Code   RO         1623    .ARM.Collect$$$$0000000D  mc_w.l(entry10a.o)
    0x080000fc   0x080000fc   0x00000000   Code   RO         1625    .ARM.Collect$$$$0000000F  mc_w.l(entry11a.o)
    0x080000fc   0x080000fc   0x00000004   Code   RO         1614    .ARM.Collect$$$$00002712  mc_w.l(entry2.o)
    0x08000100   0x08000100   0x00000024   Code   RO         1532    .text               startup_stm32f10x_md.o
    0x08000124   0x08000124   0x00000024   Code   RO         1553    .text               mc_w.l(memseta.o)
    0x08000148   0x08000148   0x000000b0   Code   RO         1555    .text               mf_w.l(fadd.o)
    0x080001f8   0x080001f8   0x00000064   Code   RO         1557    .text               mf_w.l(fmul.o)
    0x0800025c   0x0800025c   0x0000007c   Code   RO         1559    .text               mf_w.l(fdiv.o)
    0x080002d8   0x080002d8   0x0000014e   Code   RO         1561    .text               mf_w.l(dadd.o)
    0x08000426   0x08000426   0x000000e4   Code   RO         1563    .text               mf_w.l(dmul.o)
    0x0800050a   0x0800050a   0x0000001c   Code   RO         1565    .text               mf_w.l(fcmple.o)
    0x08000526   0x08000526   0x0000001c   Code   RO         1567    .text               mf_w.l(fcmpge.o)
    0x08000542   0x08000542   0x0000001c   Code   RO         1569    .text               mf_w.l(fcmpgt.o)
    0x0800055e   0x0800055e   0x0000001c   Code   RO         1571    .text               mf_w.l(fcmpeq.o)
    0x0800057a   0x0800057a   0x00000036   Code   RO         1573    .text               mf_w.l(dcmpge.o)
    0x080005b0   0x080005b0   0x00000012   Code   RO         1575    .text               mf_w.l(fflti.o)
    0x080005c2   0x080005c2   0x0000000a   Code   RO         1577    .text               mf_w.l(ffltui.o)
    0x080005cc   0x080005cc   0x00000032   Code   RO         1579    .text               mf_w.l(ffixi.o)
    0x080005fe   0x080005fe   0x00000026   Code   RO         1581    .text               mf_w.l(f2d.o)
    0x08000624   0x08000624   0x00000038   Code   RO         1583    .text               mf_w.l(d2f.o)
    0x0800065c   0x0800065c   0x0000001e   Code   RO         1627    .text               mc_w.l(llshl.o)
    0x0800067a   0x0800067a   0x00000024   Code   RO         1629    .text               mc_w.l(llsshr.o)
    0x0800069e   0x0800069e   0x00000000   Code   RO         1638    .text               mc_w.l(iusefp.o)
    0x0800069e   0x0800069e   0x0000006e   Code   RO         1639    .text               mf_w.l(fepilogue.o)
    0x0800070c   0x0800070c   0x000000ba   Code   RO         1641    .text               mf_w.l(depilogue.o)
    0x080007c6   0x080007c6   0x000000de   Code   RO         1643    .text               mf_w.l(ddiv.o)
    0x080008a4   0x080008a4   0x0000002e   Code   RO         1645    .text               mf_w.l(dscalb.o)
    0x080008d2   0x080008d2   0x00000002   PAD
    0x080008d4   0x080008d4   0x00000030   Code   RO         1647    .text               mf_w.l(cdcmple.o)
    0x08000904   0x08000904   0x00000024   Code   RO         1649    .text               mc_w.l(init.o)
    0x08000928   0x08000928   0x00000020   Code   RO         1651    .text               mc_w.l(llushr.o)
    0x08000948   0x08000948   0x000000a2   Code   RO         1653    .text               mf_w.l(dsqrt.o)
    0x080009ea   0x080009ea   0x00000002   PAD
    0x080009ec   0x080009ec   0x0000002c   Code   RO           25    .text.ADC_Cmd       stm32f10x_adc.o
    0x08000a18   0x08000a18   0x0000010c   Code   RO         1317    .text.ADC_Config    adc.o
    0x08000b24   0x08000b24   0x0000002c   Code   RO           27    .text.ADC_DMACmd    stm32f10x_adc.o
    0x08000b50   0x08000b50   0x00000080   Code   RO           19    .text.ADC_DeInit    stm32f10x_adc.o
    0x08000bd0   0x08000bd0   0x0000002e   Code   RO           37    .text.ADC_GetCalibrationStatus  stm32f10x_adc.o
    0x08000bfe   0x08000bfe   0x00000002   PAD
    0x08000c00   0x08000c00   0x0000002e   Code   RO           33    .text.ADC_GetResetCalibrationStatus  stm32f10x_adc.o
    0x08000c2e   0x08000c2e   0x00000002   PAD
    0x08000c30   0x08000c30   0x0000009a   Code   RO           21    .text.ADC_Init      stm32f10x_adc.o
    0x08000cca   0x08000cca   0x00000002   PAD
    0x08000ccc   0x08000ccc   0x0000017c   Code   RO           47    .text.ADC_RegularChannelConfig  stm32f10x_adc.o
    0x08000e48   0x08000e48   0x00000012   Code   RO           31    .text.ADC_ResetCalibration  stm32f10x_adc.o
    0x08000e5a   0x08000e5a   0x00000002   PAD
    0x08000e5c   0x08000e5c   0x0000002c   Code   RO           39    .text.ADC_SoftwareStartConvCmd  stm32f10x_adc.o
    0x08000e88   0x08000e88   0x00000012   Code   RO           35    .text.ADC_StartCalibration  stm32f10x_adc.o
    0x08000e9a   0x08000e9a   0x00000002   PAD
    0x08000e9c   0x08000e9c   0x00000004   Code   RO         1129    .text.BusFault_Handler  stm32f10x_it.o
    0x08000ea0   0x08000ea0   0x000001bc   Code   RO         1323    .text.CanFly_Bat    adc.o
    0x0800105c   0x0800105c   0x00000288   Code   RO         1363    .text.CanFly_Calcu_Position  mpu6050.o
    0x080012e4   0x080012e4   0x000000cc   Code   RO         1511    .text.CanFly_Control  control.o
    0x080013b0   0x080013b0   0x000000ae   Code   RO         1274    .text.CanFly_Decode  protocol.o
    0x0800145e   0x0800145e   0x00000002   PAD
    0x08001460   0x08001460   0x000001ea   Code   RO         1513    .text.CanFly_PID_Call  control.o
    0x0800164a   0x0800164a   0x00000002   PAD
    0x0800164c   0x0800164c   0x0000013e   Code   RO         1272    .text.CanFly_Upload  protocol.o
    0x0800178a   0x0800178a   0x00000002   PAD
    0x0800178c   0x0800178c   0x00000040   Code   RO         1165    .text.DELAY_Config  delay.o
    0x080017cc   0x080017cc   0x0000002e   Code   RO          290    .text.DMA_Cmd       stm32f10x_dma.o
    0x080017fa   0x080017fa   0x00000002   PAD
    0x080017fc   0x080017fc   0x000001b8   Code   RO          284    .text.DMA_DeInit    stm32f10x_dma.o
    0x080019b4   0x080019b4   0x0000000e   Code   RO          296    .text.DMA_GetCurrDataCounter  stm32f10x_dma.o
    0x080019c2   0x080019c2   0x00000002   PAD
    0x080019c4   0x080019c4   0x0000006c   Code   RO          286    .text.DMA_Init      stm32f10x_dma.o
    0x08001a30   0x08001a30   0x00000014   Code   RO          294    .text.DMA_SetCurrDataCounter  stm32f10x_dma.o
    0x08001a44   0x08001a44   0x00000002   Code   RO         1135    .text.DebugMon_Handler  stm32f10x_it.o
    0x08001a46   0x08001a46   0x00000002   PAD
    0x08001a48   0x08001a48   0x00000186   Code   RO          448    .text.GPIO_Init     stm32f10x_gpio.o
    0x08001bce   0x08001bce   0x00000002   PAD
    0x08001bd0   0x08001bd0   0x00000014   Code   RO          462    .text.GPIO_ResetBits  stm32f10x_gpio.o
    0x08001be4   0x08001be4   0x00000014   Code   RO          460    .text.GPIO_SetBits  stm32f10x_gpio.o
    0x08001bf8   0x08001bf8   0x00000004   Code   RO         1125    .text.HardFault_Handler  stm32f10x_it.o
    0x08001bfc   0x08001bfc   0x00000054   Code   RO         1192    .text.IIC_ACK       iic.o
    0x08001c50   0x08001c50   0x0000008c   Code   RO         1180    .text.IIC_Config    iic.o
    0x08001cdc   0x08001cdc   0x00000018   Code   RO         1182    .text.IIC_DELAY     iic.o
    0x08001cf4   0x08001cf4   0x00000018   Code   RO         1184    .text.IIC_HALF_DELAY  iic.o
    0x08001d0c   0x08001d0c   0x00000056   Code   RO         1194    .text.IIC_NACK      iic.o
    0x08001d62   0x08001d62   0x00000002   PAD
    0x08001d64   0x08001d64   0x000000c4   Code   RO         1206    .text.IIC_READ      iic.o
    0x08001e28   0x08001e28   0x00000092   Code   RO         1202    .text.IIC_READ_BYTE  iic.o
    0x08001eba   0x08001eba   0x00000002   PAD
    0x08001ebc   0x08001ebc   0x000000b0   Code   RO         1200    .text.IIC_RECEIVE_BYTE  iic.o
    0x08001f6c   0x08001f6c   0x000000b2   Code   RO         1198    .text.IIC_SEND_BYTE  iic.o
    0x0800201e   0x0800201e   0x00000002   PAD
    0x08002020   0x08002020   0x00000062   Code   RO         1188    .text.IIC_START     iic.o
    0x08002082   0x08002082   0x00000002   PAD
    0x08002084   0x08002084   0x00000062   Code   RO         1190    .text.IIC_STOP      iic.o
    0x080020e6   0x080020e6   0x00000002   PAD
    0x080020e8   0x080020e8   0x000000a0   Code   RO         1196    .text.IIC_WAIT_ACK  iic.o
    0x08002188   0x08002188   0x00000080   Code   RO         1204    .text.IIC_WRITE_BYTE  iic.o
    0x08002208   0x08002208   0x0000000c   Code   RO         1283    .text.IO_Config     gpio.o
    0x08002214   0x08002214   0x0000004e   Code   RO         1472    .text.IS_10HZ       tick.o
    0x08002262   0x08002262   0x00000002   PAD
    0x08002264   0x08002264   0x0000004e   Code   RO         1468    .text.IS_200HZ      tick.o
    0x080022b2   0x080022b2   0x00000002   PAD
    0x080022b4   0x080022b4   0x00000050   Code   RO         1474    .text.IS_2HZ        tick.o
    0x08002304   0x08002304   0x00000044   Code   RO         1453    .text.LED_Blink     led.o
    0x08002348   0x08002348   0x00000034   Code   RO         1451    .text.LED_Config    led.o
    0x0800237c   0x0800237c   0x00000096   Code   RO         1337    .text.MPU_Config    mpu6050.o
    0x08002412   0x08002412   0x00000002   PAD
    0x08002414   0x08002414   0x00000004   Code   RO         1127    .text.MemManage_Handler  stm32f10x_it.o
    0x08002418   0x08002418   0x0000012e   Code   RO         1402    .text.Motor_Pwm_Set  pwm.o
    0x08002546   0x08002546   0x00000002   PAD
    0x08002548   0x08002548   0x00000002   Code   RO         1123    .text.NMI_Handler   stm32f10x_it.o
    0x0800254a   0x0800254a   0x00000002   PAD
    0x0800254c   0x0800254c   0x000000aa   Code   RO            4    .text.NVIC_Init     misc.o
    0x080025f6   0x080025f6   0x00000002   PAD
    0x080025f8   0x080025f8   0x0000001c   Code   RO            2    .text.NVIC_PriorityGroupConfig  misc.o
    0x08002614   0x08002614   0x00000178   Code   RO         1492    .text.PID_Parm_Config  pid.o
    0x0800278c   0x0800278c   0x00000136   Code   RO         1490    .text.PID_Postion_Cal  pid.o
    0x080028c2   0x080028c2   0x00000002   PAD
    0x080028c4   0x080028c4   0x0000012a   Code   RO         1400    .text.PWM_Config    pwm.o
    0x080029ee   0x080029ee   0x00000002   PAD
    0x080029f0   0x080029f0   0x00000040   Code   RO         1509    .text.PWM_Limit     control.o
    0x08002a30   0x08002a30   0x00000002   Code   RO         1137    .text.PendSV_Handler  stm32f10x_it.o
    0x08002a32   0x08002a32   0x00000002   PAD
    0x08002a34   0x08002a34   0x0000002c   Code   RO          638    .text.RCC_ADCCLKConfig  stm32f10x_rcc.o
    0x08002a60   0x08002a60   0x00000038   Code   RO          650    .text.RCC_AHBPeriphClockCmd  stm32f10x_rcc.o
    0x08002a98   0x08002a98   0x00000038   Code   RO          654    .text.RCC_APB1PeriphClockCmd  stm32f10x_rcc.o
    0x08002ad0   0x08002ad0   0x00000038   Code   RO          658    .text.RCC_APB1PeriphResetCmd  stm32f10x_rcc.o
    0x08002b08   0x08002b08   0x00000038   Code   RO          652    .text.RCC_APB2PeriphClockCmd  stm32f10x_rcc.o
    0x08002b40   0x08002b40   0x00000038   Code   RO          656    .text.RCC_APB2PeriphResetCmd  stm32f10x_rcc.o
    0x08002b78   0x08002b78   0x00000172   Code   RO          648    .text.RCC_GetClocksFreq  stm32f10x_rcc.o
    0x08002cea   0x08002cea   0x00000002   PAD
    0x08002cec   0x08002cec   0x00000002   Code   RO         1133    .text.SVC_Handler   stm32f10x_it.o
    0x08002cee   0x08002cee   0x00000002   PAD
    0x08002cf0   0x08002cf0   0x00000008   Code   RO         1150    .text.SetSysClock   system_stm32f10x.o
    0x08002cf8   0x08002cf8   0x00000122   Code   RO         1154    .text.SetSysClockTo72  system_stm32f10x.o
    0x08002e1a   0x08002e1a   0x00000002   PAD
    0x08002e1c   0x08002e1c   0x00000034   Code   RO           10    .text.SysTick_CLKSourceConfig  misc.o
    0x08002e50   0x08002e50   0x00000002   Code   RO         1139    .text.SysTick_Handler  stm32f10x_it.o
    0x08002e52   0x08002e52   0x00000002   PAD
    0x08002e54   0x08002e54   0x00000066   Code   RO         1148    .text.SystemInit    system_stm32f10x.o
    0x08002eba   0x08002eba   0x00000002   PAD
    0x08002ebc   0x08002ebc   0x00000046   Code   RO         1416    .text.TIM2_IRQHandler  timer.o
    0x08002f02   0x08002f02   0x00000002   PAD
    0x08002f04   0x08002f04   0x0000007a   Code   RO         1414    .text.TIMER_Config  timer.o
    0x08002f7e   0x08002f7e   0x00000002   PAD
    0x08002f80   0x08002f80   0x0000002c   Code   RO          918    .text.TIM_ARRPreloadConfig  stm32f10x_tim.o
    0x08002fac   0x08002fac   0x00000016   Code   RO         1016    .text.TIM_ClearITPendingBit  stm32f10x_tim.o
    0x08002fc2   0x08002fc2   0x00000002   PAD
    0x08002fc4   0x08002fc4   0x0000002c   Code   RO          878    .text.TIM_Cmd       stm32f10x_tim.o
    0x08002ff0   0x08002ff0   0x00000034   Code   RO          888    .text.TIM_DMACmd    stm32f10x_tim.o
    0x08003024   0x08003024   0x0000029a   Code   RO          836    .text.TIM_DeInit    stm32f10x_tim.o
    0x080032be   0x080032be   0x00000002   PAD
    0x080032c0   0x080032c0   0x0000005a   Code   RO         1014    .text.TIM_GetITStatus  stm32f10x_tim.o
    0x0800331a   0x0800331a   0x00000002   PAD
    0x0800331c   0x0800331c   0x00000034   Code   RO          882    .text.TIM_ITConfig  stm32f10x_tim.o
    0x08003350   0x08003350   0x00000162   Code   RO          840    .text.TIM_OC1Init   stm32f10x_tim.o
    0x080034b2   0x080034b2   0x00000002   PAD
    0x080034b4   0x080034b4   0x0000003c   Code   RO          926    .text.TIM_OC1PreloadConfig  stm32f10x_tim.o
    0x080034f0   0x080034f0   0x00000140   Code   RO          842    .text.TIM_OC2Init   stm32f10x_tim.o
    0x08003630   0x08003630   0x0000003e   Code   RO          928    .text.TIM_OC2PreloadConfig  stm32f10x_tim.o
    0x0800366e   0x0800366e   0x00000002   PAD
    0x08003670   0x08003670   0x0000013e   Code   RO          844    .text.TIM_OC3Init   stm32f10x_tim.o
    0x080037ae   0x080037ae   0x00000002   PAD
    0x080037b0   0x080037b0   0x0000003c   Code   RO          930    .text.TIM_OC3PreloadConfig  stm32f10x_tim.o
    0x080037ec   0x080037ec   0x000000ee   Code   RO          846    .text.TIM_OC4Init   stm32f10x_tim.o
    0x080038da   0x080038da   0x00000002   PAD
    0x080038dc   0x080038dc   0x0000003e   Code   RO          932    .text.TIM_OC4PreloadConfig  stm32f10x_tim.o
    0x0800391a   0x0800391a   0x00000002   PAD
    0x0800391c   0x0800391c   0x00000016   Code   RO          994    .text.TIM_SetCompare4  stm32f10x_tim.o
    0x08003932   0x08003932   0x00000002   PAD
    0x08003934   0x08003934   0x00000014   Code   RO          984    .text.TIM_SetCounter  stm32f10x_tim.o
    0x08003948   0x08003948   0x00000142   Code   RO          838    .text.TIM_TimeBaseInit  stm32f10x_tim.o
    0x08003a8a   0x08003a8a   0x00000002   PAD
    0x08003a8c   0x08003a8c   0x000000c4   Code   RO         1294    .text.USART1_Config  usart.o
    0x08003b50   0x08003b50   0x00000028   Code   RO         1298    .text.USART1_IRQHandler  usart.o
    0x08003b78   0x08003b78   0x00000178   Code   RO         1296    .text.USART2_Config  usart.o
    0x08003cf0   0x08003cf0   0x00000038   Code   RO         1300    .text.USART2_IRQHandler  usart.o
    0x08003d28   0x08003d28   0x0000002c   Code   RO         1035    .text.USART_Cmd     stm32f10x_usart.o
    0x08003d54   0x08003d54   0x00000034   Code   RO         1039    .text.USART_DMACmd  stm32f10x_usart.o
    0x08003d88   0x08003d88   0x000000d0   Code   RO         1025    .text.USART_DeInit  stm32f10x_usart.o
    0x08003e58   0x08003e58   0x000000b0   Code   RO         1079    .text.USART_GetITStatus  stm32f10x_usart.o
    0x08003f08   0x08003f08   0x00000092   Code   RO         1037    .text.USART_ITConfig  stm32f10x_usart.o
    0x08003f9a   0x08003f9a   0x00000002   PAD
    0x08003f9c   0x08003f9c   0x0000015c   Code   RO         1027    .text.USART_Init    stm32f10x_usart.o
    0x080040f8   0x080040f8   0x00000010   Code   RO         1053    .text.USART_ReceiveData  stm32f10x_usart.o
    0x08004108   0x08004108   0x00000004   Code   RO         1131    .text.UsageFault_Handler  stm32f10x_it.o
    0x0800410c   0x0800410c   0x000001ba   Code   RO         1449    .text.WS2812B_Blink  led.o
    0x080042c6   0x080042c6   0x00000002   PAD
    0x080042c8   0x080042c8   0x00000054   Code   RO         1447    .text.WS2812B_Color  led.o
    0x0800431c   0x0800431c   0x00000108   Code   RO         1425    .text.WS2812B_Config  led.o
    0x08004424   0x08004424   0x0000004a   Code   RO         1441    .text.WS2812B_Dark  led.o
    0x0800446e   0x0800446e   0x00000002   PAD
    0x08004470   0x08004470   0x0000004c   Code   RO         1433    .text.WS2812B_Red   led.o
    0x080044bc   0x080044bc   0x0000000a   Code   RO         1427    .text.WS2812B_Reset  led.o
    0x080044c6   0x080044c6   0x00000002   PAD
    0x080044c8   0x080044c8   0x000000a2   Code   RO         1431    .text.WS2812B_Show  led.o
    0x0800456a   0x0800456a   0x00000002   PAD
    0x0800456c   0x0800456c   0x000000ea   Code   RO         1429    .text.WS2812B_Write_24Bits  led.o
    0x08004656   0x08004656   0x00000002   PAD
    0x08004658   0x08004658   0x00000050   Code   RO         1443    .text.WS2812B_Yellow  led.o
    0x080046a8   0x080046a8   0x0000009a   Code   RO         1222    .text.ano_data_check  protocol.o
    0x08004742   0x08004742   0x00000002   PAD
    0x08004744   0x08004744   0x0000007a   Code   RO         1224    .text.ano_data_check_fill  protocol.o
    0x080047be   0x080047be   0x00000002   PAD
    0x080047c0   0x080047c0   0x000001a0   Code   RO         1270    .text.ano_data_decode  protocol.o
    0x08004960   0x08004960   0x00000032   Code   RO         1234    .text.ano_data_fill_s16bit  protocol.o
    0x08004992   0x08004992   0x00000002   PAD
    0x08004994   0x08004994   0x00000032   Code   RO         1228    .text.ano_data_fill_u16bit  protocol.o
    0x080049c6   0x080049c6   0x00000002   PAD
    0x080049c8   0x080049c8   0x00000024   Code   RO         1226    .text.ano_data_fill_u8bit  protocol.o
    0x080049ec   0x080049ec   0x00000040   Code   RO         1246    .text.ano_data_get_s16bit  protocol.o
    0x08004a2c   0x08004a2c   0x0000002c   Code   RO         1238    .text.ano_data_get_u8bit  protocol.o
    0x08004a58   0x08004a58   0x00000076   Code   RO         1266    .text.ano_data_make_bat  protocol.o
    0x08004ace   0x08004ace   0x00000002   PAD
    0x08004ad0   0x08004ad0   0x0000009c   Code   RO         1256    .text.ano_data_make_ctrl_euler_arc  protocol.o
    0x08004b6c   0x08004b6c   0x000000d4   Code   RO         1252    .text.ano_data_make_euler_arc  protocol.o
    0x08004c40   0x08004c40   0x000000b0   Code   RO         1264    .text.ano_data_make_flymode  protocol.o
    0x08004cf0   0x08004cf0   0x00000020   Code   RO         1220    .text.ano_data_make_head  protocol.o
    0x08004d10   0x08004d10   0x000000e6   Code   RO         1250    .text.ano_data_make_isensor  protocol.o
    0x08004df6   0x08004df6   0x00000002   PAD
    0x08004df8   0x08004df8   0x0000009c   Code   RO         1260    .text.ano_data_make_pwm  protocol.o
    0x08004e94   0x08004e94   0x0000009e   Code   RO         1258    .text.ano_data_make_rgb  protocol.o
    0x08004f32   0x08004f32   0x00000002   PAD
    0x08004f34   0x08004f34   0x00000090   Code   RO         1169    .text.delay_ms      delay.o
    0x08004fc4   0x08004fc4   0x0000008c   Code   RO         1167    .text.delay_us      delay.o
    0x08005050   0x08005050   0x00000058   Code   RO         1367    .text.invSqrt       mpu6050.o
    0x080050a8   0x080050a8   0x00000084   Code   RO         1113    .text.main          main.o
    0x0800512c   0x0800512c   0x00000114   Code   RO         1343    .text.mpu6050_offset  mpu6050.o
    0x08005240   0x08005240   0x000006ac   Code   RO         1365    .text.mpu_get_euler_angle  mpu6050.o
    0x080058ec   0x080058ec   0x000000ca   Code   RO         1345    .text.mpu_get_sensor_data  mpu6050.o
    0x080059b6   0x080059b6   0x00000002   PAD
    0x080059b8   0x080059b8   0x00000026   Code   RO         1349    .text.mpu_read      mpu6050.o
    0x080059de   0x080059de   0x00000002   PAD
    0x080059e0   0x080059e0   0x00000016   Code   RO         1339    .text.mpu_read_byte  mpu6050.o
    0x080059f6   0x080059f6   0x00000002   PAD
    0x080059f8   0x080059f8   0x0000001e   Code   RO         1341    .text.mpu_write_byte  mpu6050.o
    0x08005a16   0x08005a16   0x00000028   Code   RO         1604    i.__ARM_fpclassify  m_ws.l(fpclassify.o)
    0x08005a3e   0x08005a3e   0x000000aa   Code   RO         1606    i.__kernel_poly     m_ws.l(poly.o)
    0x08005ae8   0x08005ae8   0x00000006   Code   RO         1591    i.__mathlib_dbl_infnan  m_ws.l(dunder.o)
    0x08005aee   0x08005aee   0x00000004   Code   RO         1592    i.__mathlib_dbl_infnan2  m_ws.l(dunder.o)
    0x08005af2   0x08005af2   0x0000000c   Code   RO         1593    i.__mathlib_dbl_invalid  m_ws.l(dunder.o)
    0x08005afe   0x08005afe   0x00000002   PAD
    0x08005b00   0x08005b00   0x00000010   Code   RO         1596    i.__mathlib_dbl_underflow  m_ws.l(dunder.o)
    0x08005b10   0x08005b10   0x0000000e   Code   RO         1657    i.__scatterload_copy  mc_w.l(handlers.o)
    0x08005b1e   0x08005b1e   0x00000002   Code   RO         1658    i.__scatterload_null  mc_w.l(handlers.o)
    0x08005b20   0x08005b20   0x0000000e   Code   RO         1659    i.__scatterload_zeroinit  mc_w.l(handlers.o)
    0x08005b2e   0x08005b2e   0x00000002   PAD
    0x08005b30   0x08005b30   0x0000000c   Code   RO         1633    i.__set_errno       mc_w.l(errno.o)
    0x08005b3c   0x08005b3c   0x00000270   Code   RO         1539    i.asin              m_ws.l(asin.o)
    0x08005dac   0x08005dac   0x00000220   Code   RO         1586    i.atan              m_ws.l(atan.o)
    0x08005fcc   0x08005fcc   0x0000019c   Code   RO         1544    i.atan2             m_ws.l(atan2.o)
    0x08006168   0x08006168   0x0000004c   Code   RO         1610    i.sqrt              m_ws.l(sqrt.o)
    0x080061b4   0x080061b4   0x00000004   PAD
    0x080061b8   0x080061b8   0x00000050   Data   RO         1540    .constdata          m_ws.l(asin.o)
    0x08006208   0x08006208   0x00000098   Data   RO         1587    .constdata          m_ws.l(atan.o)
    0x080062a0   0x080062a0   0x00000008   Data   RO         1608    .constdata          m_ws.l(qnan.o)
    0x080062a8   0x080062a8   0x00000040   Data   RO         1456    .rodata..L__const.WS2812B_Blink.stay_color  led.o
    0x080062e8   0x080062e8   0x00000004   Data   RO          673    .rodata.ADCPrescTable  stm32f10x_rcc.o
    0x080062ec   0x080062ec   0x00000010   Data   RO          672    .rodata.APBAHBPrescTable  stm32f10x_rcc.o
    0x080062fc   0x080062fc   0x00000020   Data   RO         1656    Region$$Table       anon$$obj.o


    Execution Region RW_IRAM1 (Exec base: 0x20000000, Load base: 0x08006320, Size: 0x00004b78, Max: 0x00005000, ABSOLUTE)

    Exec Addr    Load Addr    Size         Type   Attr      Idx    E Section Name        Object

    0x20000000   0x08006320   0x00000004   Data   RW         1634    .data               mc_w.l(errno.o)
    0x20000004   0x08006324   0x00000001   Data   RW         1211    .data.IIC_DELAY_US  iic.o
    0x20000005   0x08006325   0x00000001   PAD
    0x20000006   0x08006326   0x00000002   Data   RW         1406    .data.PWM_MAX       pwm.o
    0x20000008   0x08006328   0x00000004   Data   RW         1156    .data.SystemCoreClock  system_stm32f10x.o
    0x2000000c   0x0800632c   0x00000004   Data   RW         1383    .data.q0            mpu6050.o
    0x20000010        -       0x00000006   Zero   RW         1371    .bss.ACC_OFFSET_RAW  mpu6050.o
    0x20000016        -       0x00000002   Zero   RW         1325    .bss.ADC_Value      adc.o
    0x20000018        -       0x0000000c   Zero   RW         1380    .bss.Acc_M          mpu6050.o
    0x20000024        -       0x0000000c   Zero   RW         1390    .bss.Angle          mpu6050.o
    0x20000030        -       0x00000001   Zero   RW         1326    .bss.CanFly_Bat.cnt0  adc.o
    0x20000031        -       0x00000001   Zero   RW         1327    .bss.CanFly_Bat.cnt1  adc.o
    0x20000032        -       0x00000001   Zero   RW         1328    .bss.CanFly_Bat.index  adc.o
    0x20000033   0x08006330   0x00000001   PAD
    0x20000034        -       0x0000000c   Zero   RW         1379    .bss.CanFly_Calcu_Position.acc_old  mpu6050.o
    0x20000040        -       0x00000006   Zero   RW         1372    .bss.GYRO_OFFSET_RAW  mpu6050.o
    0x20000046   0x08006330   0x00000002   PAD
    0x20000048        -       0x0000000c   Zero   RW         1382    .bss.Gyr_D          mpu6050.o
    0x20000054        -       0x0000000c   Zero   RW         1381    .bss.Gyr_R          mpu6050.o
    0x20000060        -       0x00000001   Zero   RW         1210    .bss.IIC_Config.isInit  iic.o
    0x20000061   0x08006330   0x00000003   PAD
    0x20000064        -       0x00000004   Zero   RW         1480    .bss.IS_10HZ.last_ms  tick.o
    0x20000068        -       0x00000004   Zero   RW         1478    .bss.IS_200HZ.last_ms  tick.o
    0x2000006c        -       0x00000004   Zero   RW         1481    .bss.IS_2HZ.last_ms  tick.o
    0x20000070        -       0x00000001   Zero   RW         1460    .bss.LED_Blink.flag  led.o
    0x20000071   0x08006330   0x00000001   PAD
    0x20000072        -       0x000000c2   Zero   RW         1455    .bss.LED_Buffer     led.o
    0x20000134        -       0x00000006   Zero   RW         1369    .bss.MPU6050_ACC_RAW  mpu6050.o
    0x2000013a        -       0x0000000e   Zero   RW         1373    .bss.MPU6050_Buffer  mpu6050.o
    0x20000148        -       0x00000006   Zero   RW         1370    .bss.MPU6050_GYRO_RAW  mpu6050.o
    0x2000014e   0x08006330   0x00000002   PAD
    0x20000150        -       0x00000038   Zero   RW         1500    .bss.PID_ALT        pid.o
    0x20000188        -       0x00000038   Zero   RW         1501    .bss.PID_ALT_Rate   pid.o
    0x200001c0        -       0x00000038   Zero   RW         1495    .bss.PID_PIT_Angle  pid.o
    0x200001f8        -       0x00000038   Zero   RW         1498    .bss.PID_PIT_Rate   pid.o
    0x20000230        -       0x00000038   Zero   RW         1494    .bss.PID_ROL_Angle  pid.o
    0x20000268        -       0x00000038   Zero   RW         1497    .bss.PID_ROL_Rate   pid.o
    0x200002a0        -       0x00000038   Zero   RW         1496    .bss.PID_YAW_Angle  pid.o
    0x200002d8        -       0x00000038   Zero   RW         1499    .bss.PID_YAW_Rate   pid.o
    0x20000310        -       0x00000001   Zero   RW         1459    .bss.WS2812B_Blink.change  led.o
    0x20000311   0x08006330   0x00000001   PAD
    0x20000312        -       0x0000000c   Zero   RW         1329    .bss.adc_temp       adc.o
    0x2000031e   0x08006330   0x00000002   PAD
    0x20000320        -       0x0000083c   Zero   RW         1115    .bss.canfly         main.o
    0x20000b5c        -       0x00000004   Zero   RW         1387    .bss.exInt          mpu6050.o
    0x20000b60        -       0x00000004   Zero   RW         1388    .bss.eyInt          mpu6050.o
    0x20000b64        -       0x00000004   Zero   RW         1389    .bss.ezInt          mpu6050.o
    0x20000b68        -       0x00000002   Zero   RW         1172    .bss.fac_ms         delay.o
    0x20000b6a        -       0x00000001   Zero   RW         1171    .bss.fac_us         delay.o
    0x20000b6b   0x08006330   0x00000001   PAD
    0x20000b6c        -       0x00000004   Zero   RW         1384    .bss.q1             mpu6050.o
    0x20000b70        -       0x00000004   Zero   RW         1385    .bss.q2             mpu6050.o
    0x20000b74        -       0x00000004   Zero   RW         1386    .bss.q3             mpu6050.o
    0x20000b78        -       0x00004000   Zero   RW         1529    STACK               startup_stm32f10x_md.o


==============================================================================

Image component sizes


      Code (inc. data)   RO Data    RW Data    ZI Data      Debug   Object Name

       712          0          0          0         17       3085   adc.o
       758          0          0          0          0       1205   control.o
       348          0          0          0          3       1423   delay.o
        12          0          0          0          0        625   gpio.o
      1538          0          0          1          1       4204   iic.o
      1546          0         64          0        196       6738   led.o
       132          0          0          0       2108       1422   main.o
       250          0          0          0          0       2997   misc.o
      3162          0          0          4        122       7060   mpu6050.o
       686          0          0          0        448       1710   pid.o
      2666          0          0          0          0       8306   protocol.o
       600          0          0          2          0       3494   pwm.o
        36          8        236          0      16384        928   startup_stm32f10x_md.o
       922          0          0          0          0       8588   stm32f10x_adc.o
       628          0          0          0          0       3705   stm32f10x_dma.o
       430          0          0          0          0       5529   stm32f10x_gpio.o
        26          0          0          0          0       1008   stm32f10x_it.o
       694          0         20          0          0       6848   stm32f10x_rcc.o
      2808          0          0          0          0      20161   stm32f10x_tim.o
       990          0          0          0          0       7321   stm32f10x_usart.o
       400          0          0          4          0       2732   system_stm32f10x.o
       236          0          0          0         12       1124   tick.o
       192          0          0          0          0       3481   timer.o
       668          0          0          0          0       5670   usart.o

    ----------------------------------------------------------------------
     20558          8        352         12      19304     109364   Object Totals
         0          0         32          0          0          0   (incl. Generated)
       118          0          0          1         13          0   (incl. Padding)

    ----------------------------------------------------------------------

      Code (inc. data)   RO Data    RW Data    ZI Data      Debug   Library Member Name

       624         52         80          0          0        168   asin.o
       544         70        152          0          0        124   atan.o
       412         38          0          0          0        144   atan2.o
        38          6          0          0          0        272   dunder.o
        40          0          0          0          0         68   fpclassify.o
       170          0          0          0          0         96   poly.o
         0          0          8          0          0          0   qnan.o
        76          0          0          0          0         84   sqrt.o
         0          0          0          0          0          0   entry.o
         0          0          0          0          0          0   entry10a.o
         0          0          0          0          0          0   entry11a.o
         8          4          0          0          0          0   entry2.o
         4          0          0          0          0          0   entry5.o
         0          0          0          0          0          0   entry7b.o
         0          0          0          0          0          0   entry8b.o
         8          4          0          0          0          0   entry9a.o
        12          6          0          4          0         68   errno.o
        30          0          0          0          0          0   handlers.o
        36          8          0          0          0         68   init.o
         0          0          0          0          0          0   iusefp.o
        30          0          0          0          0         68   llshl.o
        36          0          0          0          0         68   llsshr.o
        32          0          0          0          0         68   llushr.o
        36          0          0          0          0        108   memseta.o
        48          0          0          0          0         68   cdcmple.o
        56          0          0          0          0         88   d2f.o
       334          0          0          0          0        148   dadd.o
        54          0          0          0          0         80   dcmpge.o
       222          0          0          0          0        100   ddiv.o
       186          0          0          0          0        176   depilogue.o
       228          0          0          0          0         96   dmul.o
        46          0          0          0          0         80   dscalb.o
       162          0          0          0          0        100   dsqrt.o
        38          0          0          0          0         68   f2d.o
       176          0          0          0          0        140   fadd.o
        28          0          0          0          0         68   fcmpeq.o
        28          0          0          0          0         68   fcmpge.o
        28          0          0          0          0         68   fcmpgt.o
        28          0          0          0          0         68   fcmple.o
       124          0          0          0          0         88   fdiv.o
       110          0          0          0          0        168   fepilogue.o
        50          0          0          0          0         68   ffixi.o
        18          0          0          0          0         68   fflti.o
        10          0          0          0          0         68   ffltui.o
       100          0          0          0          0         76   fmul.o

    ----------------------------------------------------------------------
      4222        188        240          4          0       3356   Library Totals
        12          0          0          0          0          0   (incl. Padding)

    ----------------------------------------------------------------------

      Code (inc. data)   RO Data    RW Data    ZI Data      Debug   Library Name

      1904        166        240          0          0        956   m_ws.l
       232         22          0          4          0        448   mc_w.l
      2074          0          0          0          0       1952   mf_w.l

    ----------------------------------------------------------------------
      4222        188        240          4          0       3356   Library Totals

    ----------------------------------------------------------------------

==============================================================================


      Code (inc. data)   RO Data    RW Data    ZI Data      Debug   

     24780        196        592         16      19304     110664   Grand Totals
     24780        196        592         16      19304     110664   ELF Image Totals
     24780        196        592         16          0          0   ROM Totals

==============================================================================

    Total RO  Size (Code + RO Data)                25372 (  24.78kB)
    Total RW  Size (RW Data + ZI Data)             19320 (  18.87kB)
    Total ROM Size (Code + RO Data + RW Data)      25388 (  24.79kB)

==============================================================================

