Component: Arm Compiler for Embedded 6.19 Tool: armlink [5e73cb00]

==============================================================================

Section Cross References

    misc.o(.ARM.exidx.text.NVIC_PriorityGroupConfig) refers to misc.o(.text.NVIC_PriorityGroupConfig) for [Anonymous Symbol]
    misc.o(.ARM.exidx.text.NVIC_Init) refers to misc.o(.text.NVIC_Init) for [Anonymous Symbol]
    misc.o(.ARM.exidx.text.NVIC_SetVectorTable) refers to misc.o(.text.NVIC_SetVectorTable) for [Anonymous Symbol]
    misc.o(.ARM.exidx.text.NVIC_SystemLPConfig) refers to misc.o(.text.NVIC_SystemLPConfig) for [Anonymous Symbol]
    misc.o(.ARM.exidx.text.SysTick_CLKSourceConfig) refers to misc.o(.text.SysTick_CLKSourceConfig) for [Anonymous Symbol]
    stm32f10x_adc.o(.text.ADC_DeInit) refers to stm32f10x_rcc.o(.text.RCC_APB2PeriphResetCmd) for RCC_APB2PeriphResetCmd
    stm32f10x_adc.o(.ARM.exidx.text.ADC_DeInit) refers to stm32f10x_adc.o(.text.ADC_DeInit) for [Anonymous Symbol]
    stm32f10x_adc.o(.ARM.exidx.text.ADC_Init) refers to stm32f10x_adc.o(.text.ADC_Init) for [Anonymous Symbol]
    stm32f10x_adc.o(.ARM.exidx.text.ADC_StructInit) refers to stm32f10x_adc.o(.text.ADC_StructInit) for [Anonymous Symbol]
    stm32f10x_adc.o(.ARM.exidx.text.ADC_Cmd) refers to stm32f10x_adc.o(.text.ADC_Cmd) for [Anonymous Symbol]
    stm32f10x_adc.o(.ARM.exidx.text.ADC_DMACmd) refers to stm32f10x_adc.o(.text.ADC_DMACmd) for [Anonymous Symbol]
    stm32f10x_adc.o(.ARM.exidx.text.ADC_ITConfig) refers to stm32f10x_adc.o(.text.ADC_ITConfig) for [Anonymous Symbol]
    stm32f10x_adc.o(.ARM.exidx.text.ADC_ResetCalibration) refers to stm32f10x_adc.o(.text.ADC_ResetCalibration) for [Anonymous Symbol]
    stm32f10x_adc.o(.ARM.exidx.text.ADC_GetResetCalibrationStatus) refers to stm32f10x_adc.o(.text.ADC_GetResetCalibrationStatus) for [Anonymous Symbol]
    stm32f10x_adc.o(.ARM.exidx.text.ADC_StartCalibration) refers to stm32f10x_adc.o(.text.ADC_StartCalibration) for [Anonymous Symbol]
    stm32f10x_adc.o(.ARM.exidx.text.ADC_GetCalibrationStatus) refers to stm32f10x_adc.o(.text.ADC_GetCalibrationStatus) for [Anonymous Symbol]
    stm32f10x_adc.o(.ARM.exidx.text.ADC_SoftwareStartConvCmd) refers to stm32f10x_adc.o(.text.ADC_SoftwareStartConvCmd) for [Anonymous Symbol]
    stm32f10x_adc.o(.ARM.exidx.text.ADC_GetSoftwareStartConvStatus) refers to stm32f10x_adc.o(.text.ADC_GetSoftwareStartConvStatus) for [Anonymous Symbol]
    stm32f10x_adc.o(.ARM.exidx.text.ADC_DiscModeChannelCountConfig) refers to stm32f10x_adc.o(.text.ADC_DiscModeChannelCountConfig) for [Anonymous Symbol]
    stm32f10x_adc.o(.ARM.exidx.text.ADC_DiscModeCmd) refers to stm32f10x_adc.o(.text.ADC_DiscModeCmd) for [Anonymous Symbol]
    stm32f10x_adc.o(.ARM.exidx.text.ADC_RegularChannelConfig) refers to stm32f10x_adc.o(.text.ADC_RegularChannelConfig) for [Anonymous Symbol]
    stm32f10x_adc.o(.ARM.exidx.text.ADC_ExternalTrigConvCmd) refers to stm32f10x_adc.o(.text.ADC_ExternalTrigConvCmd) for [Anonymous Symbol]
    stm32f10x_adc.o(.ARM.exidx.text.ADC_GetConversionValue) refers to stm32f10x_adc.o(.text.ADC_GetConversionValue) for [Anonymous Symbol]
    stm32f10x_adc.o(.ARM.exidx.text.ADC_GetDualModeConversionValue) refers to stm32f10x_adc.o(.text.ADC_GetDualModeConversionValue) for [Anonymous Symbol]
    stm32f10x_adc.o(.ARM.exidx.text.ADC_AutoInjectedConvCmd) refers to stm32f10x_adc.o(.text.ADC_AutoInjectedConvCmd) for [Anonymous Symbol]
    stm32f10x_adc.o(.ARM.exidx.text.ADC_InjectedDiscModeCmd) refers to stm32f10x_adc.o(.text.ADC_InjectedDiscModeCmd) for [Anonymous Symbol]
    stm32f10x_adc.o(.ARM.exidx.text.ADC_ExternalTrigInjectedConvConfig) refers to stm32f10x_adc.o(.text.ADC_ExternalTrigInjectedConvConfig) for [Anonymous Symbol]
    stm32f10x_adc.o(.ARM.exidx.text.ADC_ExternalTrigInjectedConvCmd) refers to stm32f10x_adc.o(.text.ADC_ExternalTrigInjectedConvCmd) for [Anonymous Symbol]
    stm32f10x_adc.o(.ARM.exidx.text.ADC_SoftwareStartInjectedConvCmd) refers to stm32f10x_adc.o(.text.ADC_SoftwareStartInjectedConvCmd) for [Anonymous Symbol]
    stm32f10x_adc.o(.ARM.exidx.text.ADC_GetSoftwareStartInjectedConvCmdStatus) refers to stm32f10x_adc.o(.text.ADC_GetSoftwareStartInjectedConvCmdStatus) for [Anonymous Symbol]
    stm32f10x_adc.o(.ARM.exidx.text.ADC_InjectedChannelConfig) refers to stm32f10x_adc.o(.text.ADC_InjectedChannelConfig) for [Anonymous Symbol]
    stm32f10x_adc.o(.ARM.exidx.text.ADC_InjectedSequencerLengthConfig) refers to stm32f10x_adc.o(.text.ADC_InjectedSequencerLengthConfig) for [Anonymous Symbol]
    stm32f10x_adc.o(.ARM.exidx.text.ADC_SetInjectedOffset) refers to stm32f10x_adc.o(.text.ADC_SetInjectedOffset) for [Anonymous Symbol]
    stm32f10x_adc.o(.ARM.exidx.text.ADC_GetInjectedConversionValue) refers to stm32f10x_adc.o(.text.ADC_GetInjectedConversionValue) for [Anonymous Symbol]
    stm32f10x_adc.o(.ARM.exidx.text.ADC_AnalogWatchdogCmd) refers to stm32f10x_adc.o(.text.ADC_AnalogWatchdogCmd) for [Anonymous Symbol]
[...]
    Removing ssd1306.o(.ARM.exidx.text.OLED_GDrawNetRect), (8 bytes).
    Removing ssd1306.o(.text.OLED_GDrawRectdotO), (336 bytes).
    Removing ssd1306.o(.ARM.exidx.text.OLED_GDrawRectdotO), (8 bytes).
    Removing ssd1306.o(.text.OLED_GDrawRectdotI), (328 bytes).
    Removing ssd1306.o(.ARM.exidx.text.OLED_GDrawRectdotI), (8 bytes).
    Removing ssd1306.o(.ARM.exidx.text.OLED_Set_MemAddrMode), (8 bytes).
    Removing ssd1306.o(.ARM.exidx.text.Column_Set_HV), (8 bytes).
    Removing ssd1306.o(.ARM.exidx.text.Page_Set_HV), (8 bytes).
    Removing ssd1306.o(.ARM.exidx.text.OLED_SendDataCo), (8 bytes).
    Removing ssd1306.o(.text.OLED_DrawFrame), (44 bytes).
    Removing ssd1306.o(.ARM.exidx.text.OLED_DrawFrame), (8 bytes).
    Removing ssd1306.o(.text.OLED_DrawP), (194 bytes).
    Removing ssd1306.o(.ARM.exidx.text.OLED_DrawP), (8 bytes).
    Removing ssd1306.o(.text.Page_Set_P), (24 bytes).
    Removing ssd1306.o(.ARM.exidx.text.Page_Set_P), (8 bytes).
    Removing ssd1306.o(.text.Column_Set_P), (50 bytes).
    Removing ssd1306.o(.ARM.exidx.text.Column_Set_P), (8 bytes).
    Removing ssd1306.o(.text.OLED_SendData), (58 bytes).
    Removing ssd1306.o(.ARM.exidx.text.OLED_SendData), (8 bytes).
    Removing ssd1306.o(.text.OLED_Part_Display), (232 bytes).
    Removing ssd1306.o(.ARM.exidx.text.OLED_Part_Display), (8 bytes).
    Removing ssd1306.o(.text.OLED_HoriScroll), (86 bytes).
    Removing ssd1306.o(.ARM.exidx.text.OLED_HoriScroll), (8 bytes).
    Removing ssd1306.o(.text.OLED_Scroll_Activate), (10 bytes).
    Removing ssd1306.o(.ARM.exidx.text.OLED_Scroll_Activate), (8 bytes).
    Removing ssd1306.o(.text.OLED_Scroll_Deactivate), (10 bytes).
    Removing ssd1306.o(.ARM.exidx.text.OLED_Scroll_Deactivate), (8 bytes).
    Removing gpio.o(.text), (0 bytes).
    Removing gpio.o(.ARM.exidx.text.IO_Config), (8 bytes).
    Removing ui.o(.text), (0 bytes).
    Removing ui.o(.ARM.exidx.text.CanFly_UI), (8 bytes).
    Removing ui.o(.ARM.exidx.text.Motor_UI), (8 bytes).
    Removing ui.o(.ARM.exidx.text.Rc_UI), (8 bytes).
    Removing ui.o(.ARM.exidx.text.UI_Refresh), (8 bytes).
    Removing ui.o(.bss.line), (128 bytes).
    Removing config.o(.text), (0 bytes).
    Removing usart.o(.text), (0 bytes).
    Removing usart.o(.text.fputc), (54 bytes).
    Removing usart.o(.ARM.exidx.text.fputc), (8 bytes).
    Removing usart.o(.ARM.exidx.text.USART1_Config), (8 bytes).
    Removing usart.o(.ARM.exidx.text.USART2_Config), (8 bytes).
    Removing usart.o(.ARM.exidx.text.USART1_IRQHandler), (8 bytes).
    Removing usart.o(.ARM.exidx.text.USART2_IRQHandler), (8 bytes).
    Removing usart.o(.text.USART1_SendStr), (90 bytes).
    Removing usart.o(.ARM.exidx.text.USART1_SendStr), (8 bytes).
    Removing usart.o(.text.USART2_SendStr), (90 bytes).
    Removing usart.o(.ARM.exidx.text.USART2_SendStr), (8 bytes).
    Removing usart.o(.text.USART1_SendHex), (74 bytes).
    Removing usart.o(.ARM.exidx.text.USART1_SendHex), (8 bytes).
    Removing usart.o(.text.USART2_SendHex), (74 bytes).
    Removing usart.o(.ARM.exidx.text.USART2_SendHex), (8 bytes).
    Removing timer.o(.text), (0 bytes).
    Removing timer.o(.ARM.exidx.text.TIMER_Config), (8 bytes).
    Removing timer.o(.ARM.exidx.text.TIM2_IRQHandler), (8 bytes).
    Removing led.o(.text), (0 bytes).
    Removing led.o(.ARM.exidx.text.WS2812B_Config), (8 bytes).
    Removing led.o(.ARM.exidx.text.WS2812B_Reset), (8 bytes).
    Removing led.o(.ARM.exidx.text.WS2812B_Write_24Bits), (8 bytes).
    Removing led.o(.ARM.exidx.text.WS2812B_Show), (8 bytes).
    Removing led.o(.ARM.exidx.text.WS2812B_Red), (8 bytes).
    Removing led.o(.ARM.exidx.text.WS2812B_Green), (8 bytes).
    Removing led.o(.ARM.exidx.text.WS2812B_Blue), (8 bytes).
    Removing led.o(.text.WS2812B_White), (76 bytes).
    Removing led.o(.ARM.exidx.text.WS2812B_White), (8 bytes).
    Removing led.o(.ARM.exidx.text.WS2812B_Dark), (8 bytes).
    Removing led.o(.ARM.exidx.text.WS2812B_Yellow), (8 bytes).
    Removing led.o(.text.WS2812B_Rand), (120 bytes).
    Removing led.o(.ARM.exidx.text.WS2812B_Rand), (8 bytes).
    Removing led.o(.text.WS2812B_Color), (84 bytes).
    Removing led.o(.ARM.exidx.text.WS2812B_Color), (8 bytes).
    Removing led.o(.ARM.exidx.text.WS2812B_Blink), (8 bytes).
    Removing led.o(.ARM.exidx.text.LED_Config), (8 bytes).
    Removing led.o(.ARM.exidx.text.LED_Blink), (8 bytes).
    Removing led.o(.rodata.cst16), (16 bytes).
    Removing adc.o(.text), (0 bytes).
    Removing adc.o(.ARM.exidx.text.ADC_Config), (8 bytes).
    Removing adc.o(.text.ADC_get), (78 bytes).
    Removing adc.o(.ARM.exidx.text.ADC_get), (8 bytes).
    Removing adc.o(.text.ADC_get_ave), (94 bytes).
    Removing adc.o(.ARM.exidx.text.ADC_get_ave), (8 bytes).
    Removing adc.o(.ARM.exidx.text.CanFly_Bat), (8 bytes).
    Removing adc.o(.ARM.exidx.text.CanFly_Move), (8 bytes).
    Removing tick.o(.text), (0 bytes).
    Removing tick.o(.text.IS_200HZ), (78 bytes).
    Removing tick.o(.ARM.exidx.text.IS_200HZ), (8 bytes).
    Removing tick.o(.ARM.exidx.text.IS_100HZ), (8 bytes).
    Removing tick.o(.ARM.exidx.text.IS_10HZ), (8 bytes).
    Removing tick.o(.ARM.exidx.text.IS_2HZ), (8 bytes).
    Removing tick.o(.text.IS_1HZ), (80 bytes).
    Removing tick.o(.ARM.exidx.text.IS_1HZ), (8 bytes).
    Removing tick.o(.bss.IS_200HZ.last_ms), (4 bytes).
    Removing tick.o(.bss.IS_1HZ.last_ms), (4 bytes).
    Removing bottom.o(.text), (0 bytes).
    Removing bottom.o(.text.BOTTOM_Config), (98 bytes).
    Removing bottom.o(.ARM.exidx.text.BOTTOM_Config), (8 bytes).
    Removing bottom.o(.ARM.exidx.text.BOTTOM_Scan), (8 bytes).
    Removing beep.o(.text), (0 bytes).
    Removing beep.o(.ARM.exidx.text.BEEP_Config), (8 bytes).
    Removing beep.o(.ARM.exidx.text.BEEP_Blink), (8 bytes).
    Removing startup_stm32f10x_md.o(HEAP), (512 bytes).

1160 unused section(s) (total 43666 bytes) removed from the image.

==============================================================================

Image Symbol Table

    Local Symbols

    Symbol Name                              Value     Ov Type        Size  Object(Section)

    ../clib/division.s                       0x00000000   Number         0  aeabi_sdiv.o ABSOLUTE
    ../clib/microlib/division.c              0x00000000   Number         0  uidiv.o ABSOLUTE
    ../clib/microlib/division.c              0x00000000   Number         0  uldiv.o ABSOLUTE
    ../clib/microlib/init/entry.s            0x00000000   Number         0  entry.o ABSOLUTE
    ../clib/microlib/init/entry.s            0x00000000   Number         0  entry2.o ABSOLUTE
    ../clib/microlib/init/entry.s            0x00000000   Number         0  entry5.o ABSOLUTE
    ../clib/microlib/init/entry.s            0x00000000   Number         0  entry7a.o ABSOLUTE
    ../clib/microlib/init/entry.s            0x00000000   Number         0  entry7b.o ABSOLUTE
    ../clib/microlib/init/entry.s            0x00000000   Number         0  entry8a.o ABSOLUTE
    ../clib/microlib/init/entry.s            0x00000000   Number         0  entry8b.o ABSOLUTE
    ../clib/microlib/init/entry.s            0x00000000   Number         0  entry9a.o ABSOLUTE
    ../clib/microlib/init/entry.s            0x00000000   Number         0  entry9b.o ABSOLUTE
    ../clib/microlib/init/entry.s            0x00000000   Number         0  entry10a.o ABSOLUTE
    ../clib/microlib/init/entry.s            0x00000000   Number         0  entry10b.o ABSOLUTE
    ../clib/microlib/init/entry.s            0x00000000   Number         0  entry11a.o ABSOLUTE
    ../clib/microlib/init/entry.s            0x00000000   Number         0  entry11b.o ABSOLUTE
    ../clib/microlib/longlong.c              0x00000000   Number         0  llshl.o ABSOLUTE
    ../clib/microlib/longlong.c              0x00000000   Number         0  llushr.o ABSOLUTE
    ../clib/microlib/longlong.c              0x00000000   Number         0  llsshr.o ABSOLUTE
    ../clib/microlib/printf/printf.c         0x00000000   Number         0  printfa.o ABSOLUTE
    ../clib/microlib/stdio/streams.c         0x00000000   Number         0  stdout.o ABSOLUTE
    ../clib/microlib/stdlib/rand.c           0x00000000   Number         0  rand.o ABSOLUTE
    ../clib/microlib/stubs.s                 0x00000000   Number         0  iusefp.o ABSOLUTE
    ../fplib/microlib/f2d.c                  0x00000000   Number         0  f2d.o ABSOLUTE
    ../fplib/microlib/fpadd.c                0x00000000   Number         0  fadd.o ABSOLUTE
    ../fplib/microlib/fpadd.c                0x00000000   Number         0  dadd.o ABSOLUTE
    ../fplib/microlib/fpcmp.c                0x00000000   Number         0  dcmpge.o ABSOLUTE
    ../fplib/microlib/fpdiv.c                0x00000000   Number         0  fdiv.o ABSOLUTE
    ../fplib/microlib/fpdiv.c                0x00000000   Number         0  ddiv.o ABSOLUTE
    ../fplib/microlib/fpepilogue.c           0x00000000   Number         0  fepilogue.o ABSOLUTE
    ../fplib/microlib/fpepilogue.c           0x00000000   Number         0  depilogue.o ABSOLUTE
    ../fplib/microlib/fpfix.c                0x00000000   Number         0  ffixi.o ABSOLUTE
    ../fplib/microlib/fpfix.c                0x00000000   Number         0  dfixul.o ABSOLUTE
    ../fplib/microlib/fpflt.c                0x00000000   Number         0  fflti.o ABSOLUTE
    ../fplib/microlib/fpflt.c                0x00000000   Number         0  ffltui.o ABSOLUTE
    ../fplib/microlib/fpmul.c                0x00000000   Number         0  fmul.o ABSOLUTE
    ../fplib/microlib/fpmul.c                0x00000000   Number         0  dmul.o ABSOLUTE
    Libraries/CMSIS/CM3/DeviceSupport/ST/STM32F10x/startup/arm/startup_stm32f10x_md.s 0x00000000   Number         0  startup_stm32f10x_md.o ABSOLUTE
    adc.c                                    0x00000000   Number         0  adc.o ABSOLUTE
    beep.c                                   0x00000000   Number         0  beep.o ABSOLUTE
    bottom.c                                 0x00000000   Number         0  bottom.o ABSOLUTE
    cdrcmple.s                               0x00000000   Number         0  cdrcmple.o ABSOLUTE
    config.c                                 0x00000000   Number         0  config.o ABSOLUTE
    dc.s                                     0x00000000   Number         0  dc.o ABSOLUTE
    delay.c                                  0x00000000   Number         0  delay.o ABSOLUTE
    fonts.c                                  0x00000000   Number         0  fonts.o ABSOLUTE
    gpio.c                                   0x00000000   Number         0  gpio.o ABSOLUTE
    handlers.s                               0x00000000   Number         0  handlers.o ABSOLUTE
    iic.c                                    0x00000000   Number         0  iic.o ABSOLUTE
    includes.c                               0x00000000   Number         0  includes.o ABSOLUTE
    init.s                                   0x00000000   Number         0  init.o ABSOLUTE
    led.c                                    0x00000000   Number         0  led.o ABSOLUTE
    main.c                                   0x00000000   Number         0  main.o ABSOLUTE
    misc.c                                   0x00000000   Number         0  misc.o ABSOLUTE
    protocol.c                               0x00000000   Number         0  protocol.o ABSOLUTE
    ssd1306.c                                0x00000000   Number         0  ssd1306.o ABSOLUTE
    stm32f10x_adc.c                          0x00000000   Number         0  stm32f10x_adc.o ABSOLUTE
    stm32f10x_bkp.c                          0x00000000   Number         0  stm32f10x_bkp.o ABSOLUTE
    stm32f10x_can.c                          0x00000000   Number         0  stm32f10x_can.o ABSOLUTE
    stm32f10x_cec.c                          0x00000000   Number         0  stm32f10x_cec.o ABSOLUTE
    stm32f10x_crc.c                          0x00000000   Number         0  stm32f10x_crc.o ABSOLUTE
    stm32f10x_dac.c                          0x00000000   Number         0  stm32f10x_dac.o ABSOLUTE
    stm32f10x_dbgmcu.c                       0x00000000   Number         0  stm32f10x_dbgmcu.o ABSOLUTE
    stm32f10x_dma.c                          0x00000000   Number         0  stm32f10x_dma.o ABSOLUTE
    stm32f10x_exti.c                         0x00000000   Number         0  stm32f10x_exti.o ABSOLUTE
    stm32f10x_flash.c                        0x00000000   Number         0  stm32f10x_flash.o ABSOLUTE
    stm32f10x_fsmc.c                         0x00000000   Number         0  stm32f10x_fsmc.o ABSOLUTE
    stm32f10x_gpio.c                         0x00000000   Number         0  stm32f10x_gpio.o ABSOLUTE
    stm32f10x_i2c.c                          0x00000000   Number         0  stm32f10x_i2c.o ABSOLUTE
    stm32f10x_it.c                           0x00000000   Number         0  stm32f10x_it.o ABSOLUTE
    stm32f10x_iwdg.c                         0x00000000   Number         0  stm32f10x_iwdg.o ABSOLUTE
    stm32f10x_pwr.c                          0x00000000   Number         0  stm32f10x_pwr.o ABSOLUTE
    stm32f10x_rcc.c                          0x00000000   Number         0  stm32f10x_rcc.o ABSOLUTE
    stm32f10x_rtc.c                          0x00000000   Number         0  stm32f10x_rtc.o ABSOLUTE
    stm32f10x_sdio.c                         0x00000000   Number         0  stm32f10x_sdio.o ABSOLUTE
    stm32f10x_spi.c                          0x00000000   Number         0  stm32f10x_spi.o ABSOLUTE
    stm32f10x_tim.c                          0x00000000   Number         0  stm32f10x_tim.o ABSOLUTE
    stm32f10x_usart.c                        0x00000000   Number         0  stm32f10x_usart.o ABSOLUTE
    stm32f10x_wwdg.c                         0x00000000   Number         0  stm32f10x_wwdg.o ABSOLUTE
    system_stm32f10x.c                       0x00000000   Number         0  system_stm32f10x.o ABSOLUTE
    tick.c                                   0x00000000   Number         0  tick.o ABSOLUTE
    timer.c                                  0x00000000   Number         0  timer.o ABSOLUTE
    ui.c                                     0x00000000   Number         0  ui.o ABSOLUTE
    usart.c                                  0x00000000   Number         0  usart.o ABSOLUTE
    RESET                                    0x08000000   Section      236  startup_stm32f10x_md.o(RESET)
    .ARM.Collect$$$$00000000                 0x080000ec   Section        0  entry.o(.ARM.Collect$$$$00000000)
    .ARM.Collect$$$$00000001                 0x080000ec   Section        4  entry2.o(.ARM.Collect$$$$00000001)
    .ARM.Collect$$$$00000004                 0x080000f0   Section        4  entry5.o(.ARM.Collect$$$$00000004)
    .ARM.Collect$$$$00000008                 0x080000f4   Section        0  entry7b.o(.ARM.Collect$$$$00000008)
    .ARM.Collect$$$$0000000A                 0x080000f4   Section        0  entry8b.o(.ARM.Collect$$$$0000000A)
    .ARM.Collect$$$$0000000B                 0x080000f4   Section        8  entry9a.o(.ARM.Collect$$$$0000000B)
    __lit__00000000                          0x080000fc   Data           4  entry2.o(.ARM.Collect$$$$00002712)
    .ARM.Collect$$$$0000000D                 0x080000fc   Section        0  entry10a.o(.ARM.Collect$$$$0000000D)
    .ARM.Collect$$$$0000000F                 0x080000fc   Section        0  entry11a.o(.ARM.Collect$$$$0000000F)
    .ARM.Collect$$$$00002712                 0x080000fc   Section        4  entry2.o(.ARM.Collect$$$$00002712)
    .text                                    0x08000100   Section       36  startup_stm32f10x_md.o(.text)
    .text                                    0x08000124   Section        0  fadd.o(.text)
    .text                                    0x080001d4   Section        0  fmul.o(.text)
    .text                                    0x08000238   Section        0  fdiv.o(.text)
    .text                                    0x080002b4   Section        0  dcmpge.o(.text)
    .text                                    0x080002ea   Section        0  fflti.o(.text)
    .text                                    0x080002fc   Section        0  ffltui.o(.text)
    .text                                    0x08000306   Section        0  ffixi.o(.text)
    .text                                    0x08000338   Section        0  f2d.o(.text)
    .text                                    0x0800035e   Section        0  uidiv.o(.text)
    .text                                    0x0800038a   Section        0  uldiv.o(.text)
    .text                                    0x080003ec   Section        0  iusefp.o(.text)
    .text                                    0x080003ec   Section        0  fepilogue.o(.text)
    .text                                    0x0800045a   Section        0  dadd.o(.text)
    .text                                    0x080005a8   Section        0  dmul.o(.text)
    .text                                    0x0800068c   Section        0  ddiv.o(.text)
    .text                                    0x0800076a   Section        0  dfixul.o(.text)
    .text                                    0x0800079c   Section       48  cdrcmple.o(.text)
    .text                                    0x080007cc   Section       36  init.o(.text)
    .text                                    0x080007f0   Section        0  llshl.o(.text)
    .text                                    0x0800080e   Section        0  llushr.o(.text)
    .text                                    0x0800082e   Section        0  llsshr.o(.text)
    .text                                    0x08000852   Section        0  depilogue.o(.text)
    [Anonymous Symbol]                       0x0800090c   Section        0  stm32f10x_adc.o(.text.ADC_Cmd)
    [Anonymous Symbol]                       0x08000938   Section        0  adc.o(.text.ADC_Config)
    [Anonymous Symbol]                       0x08000ad0   Section        0  stm32f10x_adc.o(.text.ADC_DMACmd)
    [Anonymous Symbol]                       0x08000afc   Section        0  stm32f10x_adc.o(.text.ADC_DeInit)
    [Anonymous Symbol]                       0x08000b7c   Section        0  stm32f10x_adc.o(.text.ADC_GetCalibrationStatus)
    [Anonymous Symbol]                       0x08000bac   Section        0  stm32f10x_adc.o(.text.ADC_GetResetCalibrationStatus)
    [Anonymous Symbol]                       0x08000bdc   Section        0  stm32f10x_adc.o(.text.ADC_Init)
    [Anonymous Symbol]                       0x08000c78   Section        0  stm32f10x_adc.o(.text.ADC_RegularChannelConfig)
    [Anonymous Symbol]                       0x08000df4   Section        0  stm32f10x_adc.o(.text.ADC_ResetCalibration)
    [Anonymous Symbol]                       0x08000e08   Section        0  stm32f10x_adc.o(.text.ADC_SoftwareStartConvCmd)
    [Anonymous Symbol]                       0x08000e34   Section        0  stm32f10x_adc.o(.text.ADC_StartCalibration)
    [Anonymous Symbol]                       0x08000e48   Section        0  beep.o(.text.BEEP_Blink)
    [Anonymous Symbol]                       0x08000e94   Section        0  beep.o(.text.BEEP_Config)
    [Anonymous Symbol]                       0x08000ecc   Section        0  bottom.o(.text.BOTTOM_Scan)
    [Anonymous Symbol]                       0x08000fa8   Section        0  stm32f10x_it.o(.text.BusFault_Handler)
    [Anonymous Symbol]                       0x08000fac   Section        0  adc.o(.text.CanFly_Bat)
    [Anonymous Symbol]                       0x080010d4   Section        0  protocol.o(.text.CanFly_Decode)
    [Anonymous Symbol]                       0x08001184   Section        0  adc.o(.text.CanFly_Move)
    [Anonymous Symbol]                       0x08001488   Section        0  ui.o(.text.CanFly_UI)
    [Anonymous Symbol]                       0x08001600   Section        0  protocol.o(.text.CanFly_Upload)
    Column_Set_HV                            0x080016b5   Thumb Code    66  ssd1306.o(.text.Column_Set_HV)
    [Anonymous Symbol]                       0x080016b4   Section        0  ssd1306.o(.text.Column_Set_HV)
    [Anonymous Symbol]                       0x080016f8   Section        0  delay.o(.text.DELAY_Config)
    [Anonymous Symbol]                       0x08001738   Section        0  stm32f10x_dma.o(.text.DMA_Cmd)
    [Anonymous Symbol]                       0x08001768   Section        0  stm32f10x_dma.o(.text.DMA_DeInit)
    [Anonymous Symbol]                       0x08001920   Section        0  stm32f10x_dma.o(.text.DMA_GetCurrDataCounter)
    [Anonymous Symbol]                       0x08001930   Section        0  stm32f10x_dma.o(.text.DMA_Init)
    [Anonymous Symbol]                       0x0800199c   Section        0  stm32f10x_dma.o(.text.DMA_SetCurrDataCounter)
    [Anonymous Symbol]                       0x080019b0   Section        0  stm32f10x_it.o(.text.DebugMon_Handler)
    [Anonymous Symbol]                       0x080019b4   Section        0  stm32f10x_gpio.o(.text.GPIO_Init)
    [Anonymous Symbol]                       0x08001b3c   Section        0  stm32f10x_gpio.o(.text.GPIO_ResetBits)
    [Anonymous Symbol]                       0x08001b50   Section        0  stm32f10x_gpio.o(.text.GPIO_SetBits)
    [Anonymous Symbol]                       0x08001b64   Section        0  stm32f10x_it.o(.text.HardFault_Handler)
    [Anonymous Symbol]                       0x08001b68   Section        0  iic.o(.text.IIC_Config)
    [Anonymous Symbol]                       0x08001bf4   Section        0  iic.o(.text.IIC_DELAY)
    [Anonymous Symbol]                       0x08001c0c   Section        0  iic.o(.text.IIC_HALF_DELAY)
    [Anonymous Symbol]                       0x08001c24   Section        0  iic.o(.text.IIC_SEND_BYTE)
    [Anonymous Symbol]                       0x08001cd8   Section        0  iic.o(.text.IIC_START)
    [Anonymous Symbol]                       0x08001d3c   Section        0  iic.o(.text.IIC_STOP)
    [Anonymous Symbol]                       0x08001da0   Section        0  iic.o(.text.IIC_Set_Delay_Us)
    [Anonymous Symbol]                       0x08001db8   Section        0  iic.o(.text.IIC_WAIT_ACK)
    [Anonymous Symbol]                       0x08001e58   Section        0  gpio.o(.text.IO_Config)
    [Anonymous Symbol]                       0x08001e64   Section        0  tick.o(.text.IS_100HZ)
    [Anonymous Symbol]                       0x08001eb4   Section        0  tick.o(.text.IS_10HZ)
    [Anonymous Symbol]                       0x08001f04   Section        0  tick.o(.text.IS_2HZ)
    [Anonymous Symbol]                       0x08001f54   Section        0  led.o(.text.LED_Blink)
    [Anonymous Symbol]                       0x08001f98   Section        0  led.o(.text.LED_Config)
    [Anonymous Symbol]                       0x08001fcc   Section        0  stm32f10x_it.o(.text.MemManage_Handler)
    [Anonymous Symbol]                       0x08001fd0   Section        0  ui.o(.text.Motor_UI)
    [Anonymous Symbol]                       0x080020a4   Section        0  stm32f10x_it.o(.text.NMI_Handler)
    [Anonymous Symbol]                       0x080020a8   Section        0  misc.o(.text.NVIC_Init)
    [Anonymous Symbol]                       0x08002154   Section        0  misc.o(.text.NVIC_PriorityGroupConfig)
    [Anonymous Symbol]                       0x08002170   Section        0  ssd1306.o(.text.OLED_Config)
    [Anonymous Symbol]                       0x08002198   Section        0  ssd1306.o(.text.OLED_Display)
    [Anonymous Symbol]                       0x080021c8   Section        0  ssd1306.o(.text.OLED_GDrawChar)
    [Anonymous Symbol]                       0x0800233c   Section        0  ssd1306.o(.text.OLED_GDrawString)
    [Anonymous Symbol]                       0x080023e4   Section        0  ssd1306.o(.text.OLED_GReset)
    OLED_GResetP                             0x08002445   Thumb Code    80  ssd1306.o(.text.OLED_GResetP)
    [Anonymous Symbol]                       0x08002444   Section        0  ssd1306.o(.text.OLED_GResetP)
    OLED_GSetByte                            0x08002495   Thumb Code    68  ssd1306.o(.text.OLED_GSetByte)
    [Anonymous Symbol]                       0x08002494   Section        0  ssd1306.o(.text.OLED_GSetByte)
    OLED_GSetP                               0x080024d9   Thumb Code    80  ssd1306.o(.text.OLED_GSetP)
    [Anonymous Symbol]                       0x080024d8   Section        0  ssd1306.o(.text.OLED_GSetP)
    OLED_SendCmd                             0x08002529   Thumb Code    58  ssd1306.o(.text.OLED_SendCmd)
    [Anonymous Symbol]                       0x08002528   Section        0  ssd1306.o(.text.OLED_SendCmd)
    OLED_SendCmdCo                           0x08002565   Thumb Code    86  ssd1306.o(.text.OLED_SendCmdCo)
    [Anonymous Symbol]                       0x08002564   Section        0  ssd1306.o(.text.OLED_SendCmdCo)
    OLED_SendDataCo                          0x080025bd   Thumb Code    86  ssd1306.o(.text.OLED_SendDataCo)
    [Anonymous Symbol]                       0x080025bc   Section        0  ssd1306.o(.text.OLED_SendDataCo)
    OLED_Set_MemAddrMode                     0x08002615   Thumb Code    26  ssd1306.o(.text.OLED_Set_MemAddrMode)
    [Anonymous Symbol]                       0x08002614   Section        0  ssd1306.o(.text.OLED_Set_MemAddrMode)
    Page_Set_HV                              0x08002631   Thumb Code    66  ssd1306.o(.text.Page_Set_HV)
    [Anonymous Symbol]                       0x08002630   Section        0  ssd1306.o(.text.Page_Set_HV)
    [Anonymous Symbol]                       0x08002674   Section        0  stm32f10x_it.o(.text.PendSV_Handler)
    [Anonymous Symbol]                       0x08002678   Section        0  stm32f10x_rcc.o(.text.RCC_ADCCLKConfig)
    [Anonymous Symbol]                       0x080026a4   Section        0  stm32f10x_rcc.o(.text.RCC_AHBPeriphClockCmd)
    [Anonymous Symbol]                       0x080026dc   Section        0  stm32f10x_rcc.o(.text.RCC_APB1PeriphClockCmd)
    [Anonymous Symbol]                       0x08002714   Section        0  stm32f10x_rcc.o(.text.RCC_APB1PeriphResetCmd)
    [Anonymous Symbol]                       0x0800274c   Section        0  stm32f10x_rcc.o(.text.RCC_APB2PeriphClockCmd)
    [Anonymous Symbol]                       0x08002784   Section        0  stm32f10x_rcc.o(.text.RCC_APB2PeriphResetCmd)
    [Anonymous Symbol]                       0x080027bc   Section        0  stm32f10x_rcc.o(.text.RCC_GetClocksFreq)
    [Anonymous Symbol]                       0x08002930   Section        0  ui.o(.text.Rc_UI)
    [Anonymous Symbol]                       0x08002a10   Section        0  stm32f10x_it.o(.text.SVC_Handler)
    SetSysClock                              0x08002a15   Thumb Code     8  system_stm32f10x.o(.text.SetSysClock)
    [Anonymous Symbol]                       0x08002a14   Section        0  system_stm32f10x.o(.text.SetSysClock)
    SetSysClockTo72                          0x08002a1d   Thumb Code   290  system_stm32f10x.o(.text.SetSysClockTo72)
    [Anonymous Symbol]                       0x08002a1c   Section        0  system_stm32f10x.o(.text.SetSysClockTo72)
    [Anonymous Symbol]                       0x08002b40   Section        0  misc.o(.text.SysTick_CLKSourceConfig)
    [Anonymous Symbol]                       0x08002b74   Section        0  stm32f10x_it.o(.text.SysTick_Handler)
    [Anonymous Symbol]                       0x08002b78   Section        0  system_stm32f10x.o(.text.SystemInit)
    [Anonymous Symbol]                       0x08002be0   Section        0  timer.o(.text.TIM2_IRQHandler)
    [Anonymous Symbol]                       0x08002c30   Section        0  timer.o(.text.TIMER_Config)
    [Anonymous Symbol]                       0x08002c9c   Section        0  stm32f10x_tim.o(.text.TIM_ClearITPendingBit)
    [Anonymous Symbol]                       0x08002cb4   Section        0  stm32f10x_tim.o(.text.TIM_Cmd)
    [Anonymous Symbol]                       0x08002ce0   Section        0  stm32f10x_tim.o(.text.TIM_DMACmd)
    [Anonymous Symbol]                       0x08002d14   Section        0  stm32f10x_tim.o(.text.TIM_DeInit)
    [Anonymous Symbol]                       0x08002fb0   Section        0  stm32f10x_tim.o(.text.TIM_GetITStatus)
    [Anonymous Symbol]                       0x0800300c   Section        0  stm32f10x_tim.o(.text.TIM_ITConfig)
    [Anonymous Symbol]                       0x08003040   Section        0  stm32f10x_tim.o(.text.TIM_OC4Init)
    [Anonymous Symbol]                       0x08003130   Section        0  stm32f10x_tim.o(.text.TIM_OC4PreloadConfig)
    [Anonymous Symbol]                       0x08003170   Section        0  stm32f10x_tim.o(.text.TIM_SetCompare4)
    [Anonymous Symbol]                       0x08003188   Section        0  stm32f10x_tim.o(.text.TIM_SetCounter)
    [Anonymous Symbol]                       0x0800319c   Section        0  stm32f10x_tim.o(.text.TIM_TimeBaseInit)
    [Anonymous Symbol]                       0x080032e0   Section        0  ui.o(.text.UI_Refresh)
    [Anonymous Symbol]                       0x08003320   Section        0  usart.o(.text.USART1_Config)
    [Anonymous Symbol]                       0x080033e4   Section        0  usart.o(.text.USART1_IRQHandler)
    [Anonymous Symbol]                       0x0800340c   Section        0  usart.o(.text.USART2_Config)
    [Anonymous Symbol]                       0x08003584   Section        0  usart.o(.text.USART2_IRQHandler)
    [Anonymous Symbol]                       0x080035bc   Section        0  stm32f10x_usart.o(.text.USART_Cmd)
    [Anonymous Symbol]                       0x080035e8   Section        0  stm32f10x_usart.o(.text.USART_DMACmd)
    [Anonymous Symbol]                       0x0800361c   Section        0  stm32f10x_usart.o(.text.USART_DeInit)
    [Anonymous Symbol]                       0x080036ec   Section        0  stm32f10x_usart.o(.text.USART_GetITStatus)
    [Anonymous Symbol]                       0x0800379c   Section        0  stm32f10x_usart.o(.text.USART_ITConfig)
    [Anonymous Symbol]                       0x08003830   Section        0  stm32f10x_usart.o(.text.USART_Init)
    [Anonymous Symbol]                       0x0800398c   Section        0  stm32f10x_usart.o(.text.USART_ReceiveData)
    [Anonymous Symbol]                       0x0800399c   Section        0  stm32f10x_it.o(.text.UsageFault_Handler)
    [Anonymous Symbol]                       0x080039a0   Section        0  led.o(.text.WS2812B_Blink)
    [Anonymous Symbol]                       0x08003b4c   Section        0  led.o(.text.WS2812B_Blue)
    [Anonymous Symbol]                       0x08003b98   Section        0  led.o(.text.WS2812B_Config)
    [Anonymous Symbol]                       0x08003ca0   Section        0  led.o(.text.WS2812B_Dark)
    [Anonymous Symbol]                       0x08003cec   Section        0  led.o(.text.WS2812B_Green)
    [Anonymous Symbol]                       0x08003d38   Section        0  led.o(.text.WS2812B_Red)
    [Anonymous Symbol]                       0x08003d84   Section        0  led.o(.text.WS2812B_Reset)
    [Anonymous Symbol]                       0x08003d90   Section        0  led.o(.text.WS2812B_Show)
    [Anonymous Symbol]                       0x08003e34   Section        0  led.o(.text.WS2812B_Write_24Bits)
    [Anonymous Symbol]                       0x08003f08   Section        0  led.o(.text.WS2812B_Yellow)
    [Anonymous Symbol]                       0x08003f58   Section        0  protocol.o(.text.ano_data_check)
    [Anonymous Symbol]                       0x08003ff4   Section        0  protocol.o(.text.ano_data_check_fill)
    [Anonymous Symbol]                       0x08004070   Section        0  protocol.o(.text.ano_data_decode)
    [Anonymous Symbol]                       0x080042f0   Section        0  protocol.o(.text.ano_data_fill_s16bit)
    [Anonymous Symbol]                       0x08004324   Section        0  protocol.o(.text.ano_data_fill_u16bit)
    [Anonymous Symbol]                       0x08004358   Section        0  protocol.o(.text.ano_data_fill_u8bit)
    [Anonymous Symbol]                       0x0800437c   Section        0  protocol.o(.text.ano_data_get_s16bit)
    [Anonymous Symbol]                       0x080043bc   Section        0  protocol.o(.text.ano_data_get_u16bit)
    [Anonymous Symbol]                       0x080043fc   Section        0  protocol.o(.text.ano_data_make_ctrl_euler_arc)
    [Anonymous Symbol]                       0x08004498   Section        0  protocol.o(.text.ano_data_make_flymode)
    [Anonymous Symbol]                       0x08004548   Section        0  protocol.o(.text.ano_data_make_head)
    [Anonymous Symbol]                       0x08004568   Section        0  protocol.o(.text.ano_data_make_rgb)
    [Anonymous Symbol]                       0x08004608   Section        0  delay.o(.text.delay_ms)
    [Anonymous Symbol]                       0x08004698   Section        0  delay.o(.text.delay_us)
    [Anonymous Symbol]                       0x08004724   Section        0  main.o(.text.main)
    i.__0sprintf                             0x08004790   Section        0  printfa.o(i.__0sprintf)
    i.__scatterload_copy                     0x080047b8   Section       14  handlers.o(i.__scatterload_copy)
    i.__scatterload_null                     0x080047c6   Section        2  handlers.o(i.__scatterload_null)
    i.__scatterload_zeroinit                 0x080047c8   Section       14  handlers.o(i.__scatterload_zeroinit)
    _fp_digits                               0x080047d9   Thumb Code   366  printfa.o(i._fp_digits)
    i._fp_digits                             0x080047d8   Section        0  printfa.o(i._fp_digits)
    _printf_core                             0x0800495d   Thumb Code  1744  printfa.o(i._printf_core)
    i._printf_core                           0x0800495c   Section        0  printfa.o(i._printf_core)
    _printf_post_padding                     0x08005039   Thumb Code    36  printfa.o(i._printf_post_padding)
    i._printf_post_padding                   0x08005038   Section        0  printfa.o(i._printf_post_padding)
    _printf_pre_padding                      0x0800505d   Thumb Code    46  printfa.o(i._printf_pre_padding)
    i._printf_pre_padding                    0x0800505c   Section        0  printfa.o(i._printf_pre_padding)
    _sputc                                   0x0800508b   Thumb Code    10  printfa.o(i._sputc)
    i._sputc                                 0x0800508a   Section        0  printfa.o(i._sputc)
    ADCPrescTable                            0x08005094   Data           4  stm32f10x_rcc.o(.rodata.ADCPrescTable)
    [Anonymous Symbol]                       0x08005094   Section        0  stm32f10x_rcc.o(.rodata.ADCPrescTable)
    APBAHBPrescTable                         0x08005098   Data          16  stm32f10x_rcc.o(.rodata.APBAHBPrescTable)
    [Anonymous Symbol]                       0x08005098   Section        0  stm32f10x_rcc.o(.rodata.APBAHBPrescTable)
    .L.str.4                                 0x080055f3   Data          20  ui.o(.rodata.str1.1)
    [Anonymous Symbol]                       0x080055f3   Section        0  ui.o(.rodata.str1.1)
    .L.str                                   0x08005607   Data          20  ui.o(.rodata.str1.1)
    .L.str.9                                 0x0800561b   Data          19  ui.o(.rodata.str1.1)
    .L.str.10                                0x0800562e   Data          16  ui.o(.rodata.str1.1)
    .L.str.11                                0x0800563e   Data           9  ui.o(.rodata.str1.1)
    .L.str.6                                 0x08005647   Data          20  ui.o(.rodata.str1.1)
    .L.str.5                                 0x0800565b   Data          20  ui.o(.rodata.str1.1)
    .L.str.7                                 0x0800566f   Data          10  ui.o(.rodata.str1.1)
    .L.str.1                                 0x08005679   Data          16  ui.o(.rodata.str1.1)
    .L.str.2                                 0x08005689   Data          16  ui.o(.rodata.str1.1)
    .L.str.3                                 0x08005699   Data          16  ui.o(.rodata.str1.1)
    .L.str.8                                 0x080056a9   Data           8  ui.o(.rodata.str1.1)
    IIC_DELAY_US                             0x20000000   Data           1  iic.o(.data.IIC_DELAY_US)
    [Anonymous Symbol]                       0x20000000   Section        0  iic.o(.data.IIC_DELAY_US)
    BOTTOM_Scan.High_Cnt                     0x20000014   Data          20  bottom.o(.bss.BOTTOM_Scan.High_Cnt)
    [Anonymous Symbol]                       0x20000014   Section        0  bottom.o(.bss.BOTTOM_Scan.High_Cnt)
    CanFly_Bat.adc_temp                      0x20000028   Data          12  adc.o(.bss.CanFly_Bat.adc_temp)
    [Anonymous Symbol]                       0x20000028   Section        0  adc.o(.bss.CanFly_Bat.adc_temp)
    CanFly_Bat.cnt0                          0x20000034   Data           1  adc.o(.bss.CanFly_Bat.cnt0)
    [Anonymous Symbol]                       0x20000034   Section        0  adc.o(.bss.CanFly_Bat.cnt0)
    CanFly_Bat.index                         0x20000035   Data           1  adc.o(.bss.CanFly_Bat.index)
    [Anonymous Symbol]                       0x20000035   Section        0  adc.o(.bss.CanFly_Bat.index)
    IIC_Config.isInit                        0x20000436   Data           1  iic.o(.bss.IIC_Config.isInit)
    [Anonymous Symbol]                       0x20000436   Section        0  iic.o(.bss.IIC_Config.isInit)
    IS_100HZ.last_ms                         0x20000438   Data           4  tick.o(.bss.IS_100HZ.last_ms)
    [Anonymous Symbol]                       0x20000438   Section        0  tick.o(.bss.IS_100HZ.last_ms)
    IS_10HZ.last_ms                          0x2000043c   Data           4  tick.o(.bss.IS_10HZ.last_ms)
    [Anonymous Symbol]                       0x2000043c   Section        0  tick.o(.bss.IS_10HZ.last_ms)
    IS_2HZ.last_ms                           0x20000440   Data           4  tick.o(.bss.IS_2HZ.last_ms)
    [Anonymous Symbol]                       0x20000440   Section        0  tick.o(.bss.IS_2HZ.last_ms)
    LED_Blink.flag                           0x20000444   Data           1  led.o(.bss.LED_Blink.flag)
    [Anonymous Symbol]                       0x20000444   Section        0  led.o(.bss.LED_Blink.flag)
    WS2812B_Blink.change                     0x20000478   Data           1  led.o(.bss.WS2812B_Blink.change)
    [Anonymous Symbol]                       0x20000478   Section        0  led.o(.bss.WS2812B_Blink.change)
    fac_ms                                   0x20000ce0   Data           2  delay.o(.bss.fac_ms)
    [Anonymous Symbol]                       0x20000ce0   Section        0  delay.o(.bss.fac_ms)
    fac_us                                   0x20000ce2   Data           1  delay.o(.bss.fac_us)
    [Anonymous Symbol]                       0x20000ce2   Section        0  delay.o(.bss.fac_us)
    isInit                                   0x20000ce3   Data           1  ssd1306.o(.bss.isInit)
    [Anonymous Symbol]                       0x20000ce3   Section        0  ssd1306.o(.bss.isInit)
    temp                                     0x20000ce4   Data         512  ui.o(.bss.temp)
    [Anonymous Symbol]                       0x20000ce4   Section        0  ui.o(.bss.temp)
    STACK                                    0x20000ee8   Section    16384  startup_stm32f10x_md.o(STACK)

    Global Symbols

    Symbol Name                              Value     Ov Type        Size  Object(Section)

    BuildAttributes$$THM_ISAv4$P$D$K$B$S$PE$A:L22UL41UL21$X:L11$S22US41US21$IEEE1$IW$~IW$USESV6$~STKCKD$USESV7$~SHL$OTIME$ROPI$EBA8$MICROLIB$REQ8$PRES8$EABIv2 0x00000000   Number         0  anon$$obj.o ABSOLUTE
    __cpp_initialize__aeabi_                  - Undefined Weak Reference
    __cxa_finalize                            - Undefined Weak Reference
    __decompress                              - Undefined Weak Reference
    _clock_init                               - Undefined Weak Reference
    _microlib_exit                            - Undefined Weak Reference
    __Vectors_Size                           0x000000ec   Number         0  startup_stm32f10x_md.o ABSOLUTE
    __Vectors                                0x08000000   Data           4  startup_stm32f10x_md.o(RESET)
    __Vectors_End                            0x080000ec   Data           0  startup_stm32f10x_md.o(RESET)
    __main                                   0x080000ed   Thumb Code     0  entry.o(.ARM.Collect$$$$00000000)
    _main_stk                                0x080000ed   Thumb Code     0  entry2.o(.ARM.Collect$$$$00000001)
    _main_scatterload                        0x080000f1   Thumb Code     0  entry5.o(.ARM.Collect$$$$00000004)
    __main_after_scatterload                 0x080000f5   Thumb Code     0  entry5.o(.ARM.Collect$$$$00000004)
    _main_clock                              0x080000f5   Thumb Code     0  entry7b.o(.ARM.Collect$$$$00000008)
    _main_cpp_init                           0x080000f5   Thumb Code     0  entry8b.o(.ARM.Collect$$$$0000000A)
    _main_init                               0x080000f5   Thumb Code     0  entry9a.o(.ARM.Collect$$$$0000000B)
    __rt_final_cpp                           0x080000fd   Thumb Code     0  entry10a.o(.ARM.Collect$$$$0000000D)
    __rt_final_exit                          0x080000fd   Thumb Code     0  entry11a.o(.ARM.Collect$$$$0000000F)
    Reset_Handler                            0x08000101   Thumb Code     8  startup_stm32f10x_md.o(.text)
    ADC1_2_IRQHandler                        0x0800011b   Thumb Code     0  startup_stm32f10x_md.o(.text)
    CAN1_RX1_IRQHandler                      0x0800011b   Thumb Code     0  startup_stm32f10x_md.o(.text)
    CAN1_SCE_IRQHandler                      0x0800011b   Thumb Code     0  startup_stm32f10x_md.o(.text)
    DMA1_Channel1_IRQHandler                 0x0800011b   Thumb Code     0  startup_stm32f10x_md.o(.text)
    DMA1_Channel2_IRQHandler                 0x0800011b   Thumb Code     0  startup_stm32f10x_md.o(.text)
    DMA1_Channel3_IRQHandler                 0x0800011b   Thumb Code     0  startup_stm32f10x_md.o(.text)
    DMA1_Channel4_IRQHandler                 0x0800011b   Thumb Code     0  startup_stm32f10x_md.o(.text)
    DMA1_Channel5_IRQHandler                 0x0800011b   Thumb Code     0  startup_stm32f10x_md.o(.text)
    DMA1_Channel6_IRQHandler                 0x0800011b   Thumb Code     0  startup_stm32f10x_md.o(.text)
    DMA1_Channel7_IRQHandler                 0x0800011b   Thumb Code     0  startup_stm32f10x_md.o(.text)
    EXTI0_IRQHandler                         0x0800011b   Thumb Code     0  startup_stm32f10x_md.o(.text)
    EXTI15_10_IRQHandler                     0x0800011b   Thumb Code     0  startup_stm32f10x_md.o(.text)
    EXTI1_IRQHandler                         0x0800011b   Thumb Code     0  startup_stm32f10x_md.o(.text)
    EXTI2_IRQHandler                         0x0800011b   Thumb Code     0  startup_stm32f10x_md.o(.text)
    EXTI3_IRQHandler                         0x0800011b   Thumb Code     0  startup_stm32f10x_md.o(.text)
    EXTI4_IRQHandler                         0x0800011b   Thumb Code     0  startup_stm32f10x_md.o(.text)
    EXTI9_5_IRQHandler                       0x0800011b   Thumb Code     0  startup_stm32f10x_md.o(.text)
    FLASH_IRQHandler                         0x0800011b   Thumb Code     0  startup_stm32f10x_md.o(.text)
    I2C1_ER_IRQHandler                       0x0800011b   Thumb Code     0  startup_stm32f10x_md.o(.text)
    I2C1_EV_IRQHandler                       0x0800011b   Thumb Code     0  startup_stm32f10x_md.o(.text)
    I2C2_ER_IRQHandler                       0x0800011b   Thumb Code     0  startup_stm32f10x_md.o(.text)
    I2C2_EV_IRQHandler                       0x0800011b   Thumb Code     0  startup_stm32f10x_md.o(.text)
    PVD_IRQHandler                           0x0800011b   Thumb Code     0  startup_stm32f10x_md.o(.text)
    RCC_IRQHandler                           0x0800011b   Thumb Code     0  startup_stm32f10x_md.o(.text)
    RTCAlarm_IRQHandler                      0x0800011b   Thumb Code     0  startup_stm32f10x_md.o(.text)
    RTC_IRQHandler                           0x0800011b   Thumb Code     0  startup_stm32f10x_md.o(.text)
    SPI1_IRQHandler                          0x0800011b   Thumb Code     0  startup_stm32f10x_md.o(.text)
    SPI2_IRQHandler                          0x0800011b   Thumb Code     0  startup_stm32f10x_md.o(.text)
    TAMPER_IRQHandler                        0x0800011b   Thumb Code     0  startup_stm32f10x_md.o(.text)
    TIM1_BRK_IRQHandler                      0x0800011b   Thumb Code     0  startup_stm32f10x_md.o(.text)
    TIM1_CC_IRQHandler                       0x0800011b   Thumb Code     0  startup_stm32f10x_md.o(.text)
    TIM1_TRG_COM_IRQHandler                  0x0800011b   Thumb Code     0  startup_stm32f10x_md.o(.text)
    TIM1_UP_IRQHandler                       0x0800011b   Thumb Code     0  startup_stm32f10x_md.o(.text)
    TIM3_IRQHandler                          0x0800011b   Thumb Code     0  startup_stm32f10x_md.o(.text)
    TIM4_IRQHandler                          0x0800011b   Thumb Code     0  startup_stm32f10x_md.o(.text)
    USART3_IRQHandler                        0x0800011b   Thumb Code     0  startup_stm32f10x_md.o(.text)
    USBWakeUp_IRQHandler                     0x0800011b   Thumb Code     0  startup_stm32f10x_md.o(.text)
    USB_HP_CAN1_TX_IRQHandler                0x0800011b   Thumb Code     0  startup_stm32f10x_md.o(.text)
    USB_LP_CAN1_RX0_IRQHandler               0x0800011b   Thumb Code     0  startup_stm32f10x_md.o(.text)
    WWDG_IRQHandler                          0x0800011b   Thumb Code     0  startup_stm32f10x_md.o(.text)
    __aeabi_fadd                             0x08000125   Thumb Code   164  fadd.o(.text)
    __aeabi_fsub                             0x080001c9   Thumb Code     6  fadd.o(.text)
    __aeabi_frsub                            0x080001cf   Thumb Code     6  fadd.o(.text)
    __aeabi_fmul                             0x080001d5   Thumb Code   100  fmul.o(.text)
    __aeabi_fdiv                             0x08000239   Thumb Code   124  fdiv.o(.text)
    __aeabi_dcmpge                           0x080002b5   Thumb Code    54  dcmpge.o(.text)
    __aeabi_i2f                              0x080002eb   Thumb Code    18  fflti.o(.text)
    __aeabi_ui2f                             0x080002fd   Thumb Code    10  ffltui.o(.text)
    __aeabi_f2iz                             0x08000307   Thumb Code    50  ffixi.o(.text)
    __aeabi_f2d                              0x08000339   Thumb Code    38  f2d.o(.text)
    __aeabi_uidiv                            0x0800035f   Thumb Code     0  uidiv.o(.text)
    __aeabi_uidivmod                         0x0800035f   Thumb Code    44  uidiv.o(.text)
    __aeabi_uldivmod                         0x0800038b   Thumb Code    98  uldiv.o(.text)
    __I$use$fp                               0x080003ed   Thumb Code     0  iusefp.o(.text)
    _float_round                             0x080003ed   Thumb Code    18  fepilogue.o(.text)
    _float_epilogue                          0x080003ff   Thumb Code    92  fepilogue.o(.text)
    __aeabi_dadd                             0x0800045b   Thumb Code   322  dadd.o(.text)
    __aeabi_dsub                             0x0800059d   Thumb Code     6  dadd.o(.text)
    __aeabi_drsub                            0x080005a3   Thumb Code     6  dadd.o(.text)
    __aeabi_dmul                             0x080005a9   Thumb Code   228  dmul.o(.text)
    __aeabi_ddiv                             0x0800068d   Thumb Code   222  ddiv.o(.text)
    __aeabi_d2ulz                            0x0800076b   Thumb Code    48  dfixul.o(.text)
    __aeabi_cdrcmple                         0x0800079d   Thumb Code    48  cdrcmple.o(.text)
    __scatterload                            0x080007cd   Thumb Code    28  init.o(.text)
    __scatterload_rt2                        0x080007cd   Thumb Code     0  init.o(.text)
    __aeabi_llsl                             0x080007f1   Thumb Code    30  llshl.o(.text)
    _ll_shift_l                              0x080007f1   Thumb Code     0  llshl.o(.text)
    __aeabi_llsr                             0x0800080f   Thumb Code    32  llushr.o(.text)
    _ll_ushift_r                             0x0800080f   Thumb Code     0  llushr.o(.text)
    __aeabi_lasr                             0x0800082f   Thumb Code    36  llsshr.o(.text)
    _ll_sshift_r                             0x0800082f   Thumb Code     0  llsshr.o(.text)
    _double_round                            0x08000853   Thumb Code    30  depilogue.o(.text)
    _double_epilogue                         0x08000871   Thumb Code   156  depilogue.o(.text)
    ADC_Cmd                                  0x0800090d   Thumb Code    44  stm32f10x_adc.o(.text.ADC_Cmd)
    ADC_Config                               0x08000939   Thumb Code   406  adc.o(.text.ADC_Config)
    ADC_DMACmd                               0x08000ad1   Thumb Code    44  stm32f10x_adc.o(.text.ADC_DMACmd)
    ADC_DeInit                               0x08000afd   Thumb Code   128  stm32f10x_adc.o(.text.ADC_DeInit)
    ADC_GetCalibrationStatus                 0x08000b7d   Thumb Code    46  stm32f10x_adc.o(.text.ADC_GetCalibrationStatus)
    ADC_GetResetCalibrationStatus            0x08000bad   Thumb Code    46  stm32f10x_adc.o(.text.ADC_GetResetCalibrationStatus)
    ADC_Init                                 0x08000bdd   Thumb Code   154  stm32f10x_adc.o(.text.ADC_Init)
    ADC_RegularChannelConfig                 0x08000c79   Thumb Code   380  stm32f10x_adc.o(.text.ADC_RegularChannelConfig)
    ADC_ResetCalibration                     0x08000df5   Thumb Code    18  stm32f10x_adc.o(.text.ADC_ResetCalibration)
    ADC_SoftwareStartConvCmd                 0x08000e09   Thumb Code    44  stm32f10x_adc.o(.text.ADC_SoftwareStartConvCmd)
    ADC_StartCalibration                     0x08000e35   Thumb Code    18  stm32f10x_adc.o(.text.ADC_StartCalibration)
    BEEP_Blink                               0x08000e49   Thumb Code    74  beep.o(.text.BEEP_Blink)
    BEEP_Config                              0x08000e95   Thumb Code    54  beep.o(.text.BEEP_Config)
    BOTTOM_Scan                              0x08000ecd   Thumb Code   220  bottom.o(.text.BOTTOM_Scan)
    BusFault_Handler                         0x08000fa9   Thumb Code     4  stm32f10x_it.o(.text.BusFault_Handler)
    CanFly_Bat                               0x08000fad   Thumb Code   296  adc.o(.text.CanFly_Bat)
    CanFly_Decode                            0x080010d5   Thumb Code   174  protocol.o(.text.CanFly_Decode)
    CanFly_Move                              0x08001185   Thumb Code   770  adc.o(.text.CanFly_Move)
    CanFly_UI                                0x08001489   Thumb Code   374  ui.o(.text.CanFly_UI)
    CanFly_Upload                            0x08001601   Thumb Code   180  protocol.o(.text.CanFly_Upload)
    DELAY_Config                             0x080016f9   Thumb Code    64  delay.o(.text.DELAY_Config)
    DMA_Cmd                                  0x08001739   Thumb Code    46  stm32f10x_dma.o(.text.DMA_Cmd)
    DMA_DeInit                               0x08001769   Thumb Code   440  stm32f10x_dma.o(.text.DMA_DeInit)
    DMA_GetCurrDataCounter                   0x08001921   Thumb Code    14  stm32f10x_dma.o(.text.DMA_GetCurrDataCounter)
    DMA_Init                                 0x08001931   Thumb Code   108  stm32f10x_dma.o(.text.DMA_Init)
    DMA_SetCurrDataCounter                   0x0800199d   Thumb Code    20  stm32f10x_dma.o(.text.DMA_SetCurrDataCounter)
    DebugMon_Handler                         0x080019b1   Thumb Code     2  stm32f10x_it.o(.text.DebugMon_Handler)
    GPIO_Init                                0x080019b5   Thumb Code   390  stm32f10x_gpio.o(.text.GPIO_Init)
    GPIO_ResetBits                           0x08001b3d   Thumb Code    20  stm32f10x_gpio.o(.text.GPIO_ResetBits)
    GPIO_SetBits                             0x08001b51   Thumb Code    20  stm32f10x_gpio.o(.text.GPIO_SetBits)
    HardFault_Handler                        0x08001b65   Thumb Code     4  stm32f10x_it.o(.text.HardFault_Handler)
    IIC_Config                               0x08001b69   Thumb Code   140  iic.o(.text.IIC_Config)
    IIC_DELAY                                0x08001bf5   Thumb Code    24  iic.o(.text.IIC_DELAY)
    IIC_HALF_DELAY                           0x08001c0d   Thumb Code    24  iic.o(.text.IIC_HALF_DELAY)
    IIC_SEND_BYTE                            0x08001c25   Thumb Code   178  iic.o(.text.IIC_SEND_BYTE)
    IIC_START                                0x08001cd9   Thumb Code    98  iic.o(.text.IIC_START)
    IIC_STOP                                 0x08001d3d   Thumb Code    98  iic.o(.text.IIC_STOP)
    IIC_Set_Delay_Us                         0x08001da1   Thumb Code    24  iic.o(.text.IIC_Set_Delay_Us)
    IIC_WAIT_ACK                             0x08001db9   Thumb Code   160  iic.o(.text.IIC_WAIT_ACK)
    IO_Config                                0x08001e59   Thumb Code    12  gpio.o(.text.IO_Config)
    IS_100HZ                                 0x08001e65   Thumb Code    78  tick.o(.text.IS_100HZ)
    IS_10HZ                                  0x08001eb5   Thumb Code    78  tick.o(.text.IS_10HZ)
    IS_2HZ                                   0x08001f05   Thumb Code    80  tick.o(.text.IS_2HZ)
    LED_Blink                                0x08001f55   Thumb Code    68  led.o(.text.LED_Blink)
    LED_Config                               0x08001f99   Thumb Code    52  led.o(.text.LED_Config)
    MemManage_Handler                        0x08001fcd   Thumb Code     4  stm32f10x_it.o(.text.MemManage_Handler)
    Motor_UI                                 0x08001fd1   Thumb Code   212  ui.o(.text.Motor_UI)
    NMI_Handler                              0x080020a5   Thumb Code     2  stm32f10x_it.o(.text.NMI_Handler)
    NVIC_Init                                0x080020a9   Thumb Code   170  misc.o(.text.NVIC_Init)
    NVIC_PriorityGroupConfig                 0x08002155   Thumb Code    28  misc.o(.text.NVIC_PriorityGroupConfig)
    OLED_Config                              0x08002171   Thumb Code    38  ssd1306.o(.text.OLED_Config)
    OLED_Display                             0x08002199   Thumb Code    48  ssd1306.o(.text.OLED_Display)
    OLED_GDrawChar                           0x080021c9   Thumb Code   370  ssd1306.o(.text.OLED_GDrawChar)
    OLED_GDrawString                         0x0800233d   Thumb Code   168  ssd1306.o(.text.OLED_GDrawString)
    OLED_GReset                              0x080023e5   Thumb Code    94  ssd1306.o(.text.OLED_GReset)
    PendSV_Handler                           0x08002675   Thumb Code     2  stm32f10x_it.o(.text.PendSV_Handler)
    RCC_ADCCLKConfig                         0x08002679   Thumb Code    44  stm32f10x_rcc.o(.text.RCC_ADCCLKConfig)
    RCC_AHBPeriphClockCmd                    0x080026a5   Thumb Code    56  stm32f10x_rcc.o(.text.RCC_AHBPeriphClockCmd)
    RCC_APB1PeriphClockCmd                   0x080026dd   Thumb Code    56  stm32f10x_rcc.o(.text.RCC_APB1PeriphClockCmd)
    RCC_APB1PeriphResetCmd                   0x08002715   Thumb Code    56  stm32f10x_rcc.o(.text.RCC_APB1PeriphResetCmd)
    RCC_APB2PeriphClockCmd                   0x0800274d   Thumb Code    56  stm32f10x_rcc.o(.text.RCC_APB2PeriphClockCmd)
    RCC_APB2PeriphResetCmd                   0x08002785   Thumb Code    56  stm32f10x_rcc.o(.text.RCC_APB2PeriphResetCmd)
    RCC_GetClocksFreq                        0x080027bd   Thumb Code   370  stm32f10x_rcc.o(.text.RCC_GetClocksFreq)
    Rc_UI                                    0x08002931   Thumb Code   222  ui.o(.text.Rc_UI)
    SVC_Handler                              0x08002a11   Thumb Code     2  stm32f10x_it.o(.text.SVC_Handler)
    SysTick_CLKSourceConfig                  0x08002b41   Thumb Code    52  misc.o(.text.SysTick_CLKSourceConfig)
    SysTick_Handler                          0x08002b75   Thumb Code     2  stm32f10x_it.o(.text.SysTick_Handler)
    SystemInit                               0x08002b79   Thumb Code   102  system_stm32f10x.o(.text.SystemInit)
    TIM2_IRQHandler                          0x08002be1   Thumb Code    78  timer.o(.text.TIM2_IRQHandler)
    TIMER_Config                             0x08002c31   Thumb Code   106  timer.o(.text.TIMER_Config)
    TIM_ClearITPendingBit                    0x08002c9d   Thumb Code    22  stm32f10x_tim.o(.text.TIM_ClearITPendingBit)
    TIM_Cmd                                  0x08002cb5   Thumb Code    44  stm32f10x_tim.o(.text.TIM_Cmd)
    TIM_DMACmd                               0x08002ce1   Thumb Code    52  stm32f10x_tim.o(.text.TIM_DMACmd)
    TIM_DeInit                               0x08002d15   Thumb Code   666  stm32f10x_tim.o(.text.TIM_DeInit)
    TIM_GetITStatus                          0x08002fb1   Thumb Code    90  stm32f10x_tim.o(.text.TIM_GetITStatus)
    TIM_ITConfig                             0x0800300d   Thumb Code    52  stm32f10x_tim.o(.text.TIM_ITConfig)
    TIM_OC4Init                              0x08003041   Thumb Code   238  stm32f10x_tim.o(.text.TIM_OC4Init)
    TIM_OC4PreloadConfig                     0x08003131   Thumb Code    62  stm32f10x_tim.o(.text.TIM_OC4PreloadConfig)
    TIM_SetCompare4                          0x08003171   Thumb Code    22  stm32f10x_tim.o(.text.TIM_SetCompare4)
    TIM_SetCounter                           0x08003189   Thumb Code    20  stm32f10x_tim.o(.text.TIM_SetCounter)
    TIM_TimeBaseInit                         0x0800319d   Thumb Code   322  stm32f10x_tim.o(.text.TIM_TimeBaseInit)
    UI_Refresh                               0x080032e1   Thumb Code    62  ui.o(.text.UI_Refresh)
    USART1_Config                            0x08003321   Thumb Code   196  usart.o(.text.USART1_Config)
    USART1_IRQHandler                        0x080033e5   Thumb Code    40  usart.o(.text.USART1_IRQHandler)
    USART2_Config                            0x0800340d   Thumb Code   376  usart.o(.text.USART2_Config)
    USART2_IRQHandler                        0x08003585   Thumb Code    56  usart.o(.text.USART2_IRQHandler)
    USART_Cmd                                0x080035bd   Thumb Code    44  stm32f10x_usart.o(.text.USART_Cmd)
    USART_DMACmd                             0x080035e9   Thumb Code    52  stm32f10x_usart.o(.text.USART_DMACmd)
    USART_DeInit                             0x0800361d   Thumb Code   208  stm32f10x_usart.o(.text.USART_DeInit)
    USART_GetITStatus                        0x080036ed   Thumb Code   176  stm32f10x_usart.o(.text.USART_GetITStatus)
    USART_ITConfig                           0x0800379d   Thumb Code   146  stm32f10x_usart.o(.text.USART_ITConfig)
    USART_Init                               0x08003831   Thumb Code   348  stm32f10x_usart.o(.text.USART_Init)
    USART_ReceiveData                        0x0800398d   Thumb Code    16  stm32f10x_usart.o(.text.USART_ReceiveData)
    UsageFault_Handler                       0x0800399d   Thumb Code     4  stm32f10x_it.o(.text.UsageFault_Handler)
    WS2812B_Blink                            0x080039a1   Thumb Code   428  led.o(.text.WS2812B_Blink)
    WS2812B_Blue                             0x08003b4d   Thumb Code    74  led.o(.text.WS2812B_Blue)
    WS2812B_Config                           0x08003b99   Thumb Code   264  led.o(.text.WS2812B_Config)
    WS2812B_Dark                             0x08003ca1   Thumb Code    74  led.o(.text.WS2812B_Dark)
    WS2812B_Green                            0x08003ced   Thumb Code    76  led.o(.text.WS2812B_Green)
    WS2812B_Red                              0x08003d39   Thumb Code    76  led.o(.text.WS2812B_Red)
    WS2812B_Reset                            0x08003d85   Thumb Code    10  led.o(.text.WS2812B_Reset)
    WS2812B_Show                             0x08003d91   Thumb Code   162  led.o(.text.WS2812B_Show)
    WS2812B_Write_24Bits                     0x08003e35   Thumb Code   210  led.o(.text.WS2812B_Write_24Bits)
    WS2812B_Yellow                           0x08003f09   Thumb Code    80  led.o(.text.WS2812B_Yellow)
    ano_data_check                           0x08003f59   Thumb Code   154  protocol.o(.text.ano_data_check)
    ano_data_check_fill                      0x08003ff5   Thumb Code   122  protocol.o(.text.ano_data_check_fill)
    ano_data_decode                          0x08004071   Thumb Code   640  protocol.o(.text.ano_data_decode)
    ano_data_fill_s16bit                     0x080042f1   Thumb Code    50  protocol.o(.text.ano_data_fill_s16bit)
    ano_data_fill_u16bit                     0x08004325   Thumb Code    50  protocol.o(.text.ano_data_fill_u16bit)
    ano_data_fill_u8bit                      0x08004359   Thumb Code    36  protocol.o(.text.ano_data_fill_u8bit)
    ano_data_get_s16bit                      0x0800437d   Thumb Code    64  protocol.o(.text.ano_data_get_s16bit)
    ano_data_get_u16bit                      0x080043bd   Thumb Code    64  protocol.o(.text.ano_data_get_u16bit)
    ano_data_make_ctrl_euler_arc             0x080043fd   Thumb Code   156  protocol.o(.text.ano_data_make_ctrl_euler_arc)
    ano_data_make_flymode                    0x08004499   Thumb Code   176  protocol.o(.text.ano_data_make_flymode)
    ano_data_make_head                       0x08004549   Thumb Code    32  protocol.o(.text.ano_data_make_head)
    ano_data_make_rgb                        0x08004569   Thumb Code   158  protocol.o(.text.ano_data_make_rgb)
    delay_ms                                 0x08004609   Thumb Code   144  delay.o(.text.delay_ms)
    delay_us                                 0x08004699   Thumb Code   140  delay.o(.text.delay_us)
    main                                     0x08004725   Thumb Code   106  main.o(.text.main)
    __0sprintf                               0x08004791   Thumb Code    34  printfa.o(i.__0sprintf)
    __1sprintf                               0x08004791   Thumb Code     0  printfa.o(i.__0sprintf)
    __2sprintf                               0x08004791   Thumb Code     0  printfa.o(i.__0sprintf)
    __c89sprintf                             0x08004791   Thumb Code     0  printfa.o(i.__0sprintf)
    sprintf                                  0x08004791   Thumb Code     0  printfa.o(i.__0sprintf)
    __scatterload_copy                       0x080047b9   Thumb Code    14  handlers.o(i.__scatterload_copy)
    __scatterload_null                       0x080047c7   Thumb Code     2  handlers.o(i.__scatterload_null)
    __scatterload_zeroinit                   0x080047c9   Thumb Code    14  handlers.o(i.__scatterload_zeroinit)
    OLED_InitCmd                             0x080050a8   Data          25  ssd1306.o(.rodata.OLED_InitCmd)
    ascii                                    0x080050c1   Data        1330  fonts.o(.rodata.ascii)
    Region$$Table$$Base                      0x080056b4   Number         0  anon$$obj.o(Region$$Table)
    Region$$Table$$Limit                     0x080056d4   Number         0  anon$$obj.o(Region$$Table)
    SystemCoreClock                          0x20000004   Data           4  system_stm32f10x.o(.data.SystemCoreClock)
    ADC_Value                                0x20000008   Data          10  adc.o(.bss.ADC_Value)
    GDDRAM                                   0x20000036   Data        1024  ssd1306.o(.bss.GDDRAM)
    LED_Buffer                               0x20000446   Data          50  led.o(.bss.LED_Buffer)
    canfly_ctr                               0x2000047c   Data        2148  main.o(.bss.canfly_ctr)
    __initial_sp                             0x20004ee8   Data           0  startup_stm32f10x_md.o(STACK)



==============================================================================

Memory Map of the image

  Image Entry point : 0x080000ed

  Load Region LR_IROM1 (Base: 0x08000000, Size: 0x000056e0, Max: 0x00010000, ABSOLUTE)

    Execution Region ER_IROM1 (Exec base: 0x08000000, Load base: 0x08000000, Size: 0x000056d4, Max: 0x00010000, ABSOLUTE)

    Exec Addr    Load Addr    Size         Type   Attr      Idx    E Section Name        Object

    0x08000000   0x08000000   0x000000ec   Data   RO         1553    RESET               startup_stm32f10x_md.o
    0x080000ec   0x080000ec   0x00000000   Code   RO         1560  * .ARM.Collect$$$$00000000  mc_w.l(entry.o)
    0x080000ec   0x080000ec   0x00000004   Code   RO         1610    .ARM.Collect$$$$00000001  mc_w.l(entry2.o)
    0x080000f0   0x080000f0   0x00000004   Code   RO         1613    .ARM.Collect$$$$00000004  mc_w.l(entry5.o)
    0x080000f4   0x080000f4   0x00000000   Code   RO         1615    .ARM.Collect$$$$00000008  mc_w.l(entry7b.o)
    0x080000f4   0x080000f4   0x00000000   Code   RO         1617    .ARM.Collect$$$$0000000A  mc_w.l(entry8b.o)
    0x080000f4   0x080000f4   0x00000008   Code   RO         1618    .ARM.Collect$$$$0000000B  mc_w.l(entry9a.o)
    0x080000fc   0x080000fc   0x00000000   Code   RO         1620    .ARM.Collect$$$$0000000D  mc_w.l(entry10a.o)
    0x080000fc   0x080000fc   0x00000000   Code   RO         1622    .ARM.Collect$$$$0000000F  mc_w.l(entry11a.o)
    0x080000fc   0x080000fc   0x00000004   Code   RO         1611    .ARM.Collect$$$$00002712  mc_w.l(entry2.o)
    0x08000100   0x08000100   0x00000024   Code   RO         1554    .text               startup_stm32f10x_md.o
    0x08000124   0x08000124   0x000000b0   Code   RO         1594    .text               mf_w.l(fadd.o)
    0x080001d4   0x080001d4   0x00000064   Code   RO         1596    .text               mf_w.l(fmul.o)
    0x08000238   0x08000238   0x0000007c   Code   RO         1598    .text               mf_w.l(fdiv.o)
    0x080002b4   0x080002b4   0x00000036   Code   RO         1600    .text               mf_w.l(dcmpge.o)
    0x080002ea   0x080002ea   0x00000012   Code   RO         1602    .text               mf_w.l(fflti.o)
    0x080002fc   0x080002fc   0x0000000a   Code   RO         1604    .text               mf_w.l(ffltui.o)
    0x08000306   0x08000306   0x00000032   Code   RO         1606    .text               mf_w.l(ffixi.o)
    0x08000338   0x08000338   0x00000026   Code   RO         1608    .text               mf_w.l(f2d.o)
    0x0800035e   0x0800035e   0x0000002c   Code   RO         1634    .text               mc_w.l(uidiv.o)
    0x0800038a   0x0800038a   0x00000062   Code   RO         1636    .text               mc_w.l(uldiv.o)
    0x080003ec   0x080003ec   0x00000000   Code   RO         1638    .text               mc_w.l(iusefp.o)
    0x080003ec   0x080003ec   0x0000006e   Code   RO         1639    .text               mf_w.l(fepilogue.o)
    0x0800045a   0x0800045a   0x0000014e   Code   RO         1641    .text               mf_w.l(dadd.o)
    0x080005a8   0x080005a8   0x000000e4   Code   RO         1643    .text               mf_w.l(dmul.o)
    0x0800068c   0x0800068c   0x000000de   Code   RO         1645    .text               mf_w.l(ddiv.o)
    0x0800076a   0x0800076a   0x00000030   Code   RO         1647    .text               mf_w.l(dfixul.o)
    0x0800079a   0x0800079a   0x00000002   PAD
    0x0800079c   0x0800079c   0x00000030   Code   RO         1649    .text               mf_w.l(cdrcmple.o)
    0x080007cc   0x080007cc   0x00000024   Code   RO         1651    .text               mc_w.l(init.o)
    0x080007f0   0x080007f0   0x0000001e   Code   RO         1653    .text               mc_w.l(llshl.o)
    0x0800080e   0x0800080e   0x00000020   Code   RO         1655    .text               mc_w.l(llushr.o)
    0x0800082e   0x0800082e   0x00000024   Code   RO         1657    .text               mc_w.l(llsshr.o)
    0x08000852   0x08000852   0x000000ba   Code   RO         1659    .text               mf_w.l(depilogue.o)
    0x0800090c   0x0800090c   0x0000002c   Code   RO           25    .text.ADC_Cmd       stm32f10x_adc.o
    0x08000938   0x08000938   0x00000196   Code   RO         1486    .text.ADC_Config    adc.o
    0x08000ace   0x08000ace   0x00000002   PAD
    0x08000ad0   0x08000ad0   0x0000002c   Code   RO           27    .text.ADC_DMACmd    stm32f10x_adc.o
    0x08000afc   0x08000afc   0x00000080   Code   RO           19    .text.ADC_DeInit    stm32f10x_adc.o
    0x08000b7c   0x08000b7c   0x0000002e   Code   RO           37    .text.ADC_GetCalibrationStatus  stm32f10x_adc.o
    0x08000baa   0x08000baa   0x00000002   PAD
    0x08000bac   0x08000bac   0x0000002e   Code   RO           33    .text.ADC_GetResetCalibrationStatus  stm32f10x_adc.o
    0x08000bda   0x08000bda   0x00000002   PAD
    0x08000bdc   0x08000bdc   0x0000009a   Code   RO           21    .text.ADC_Init      stm32f10x_adc.o
    0x08000c76   0x08000c76   0x00000002   PAD
    0x08000c78   0x08000c78   0x0000017c   Code   RO           47    .text.ADC_RegularChannelConfig  stm32f10x_adc.o
    0x08000df4   0x08000df4   0x00000012   Code   RO           31    .text.ADC_ResetCalibration  stm32f10x_adc.o
    0x08000e06   0x08000e06   0x00000002   PAD
    0x08000e08   0x08000e08   0x0000002c   Code   RO           39    .text.ADC_SoftwareStartConvCmd  stm32f10x_adc.o
    0x08000e34   0x08000e34   0x00000012   Code   RO           35    .text.ADC_StartCalibration  stm32f10x_adc.o
    0x08000e46   0x08000e46   0x00000002   PAD
    0x08000e48   0x08000e48   0x0000004a   Code   RO         1543    .text.BEEP_Blink    beep.o
    0x08000e92   0x08000e92   0x00000002   PAD
    0x08000e94   0x08000e94   0x00000036   Code   RO         1541    .text.BEEP_Config   beep.o
    0x08000eca   0x08000eca   0x00000002   PAD
    0x08000ecc   0x08000ecc   0x000000dc   Code   RO         1531    .text.BOTTOM_Scan   bottom.o
    0x08000fa8   0x08000fa8   0x00000004   Code   RO         1129    .text.BusFault_Handler  stm32f10x_it.o
    0x08000fac   0x08000fac   0x00000128   Code   RO         1492    .text.CanFly_Bat    adc.o
    0x080010d4   0x080010d4   0x000000ae   Code   RO         1281    .text.CanFly_Decode  protocol.o
    0x08001182   0x08001182   0x00000002   PAD
    0x08001184   0x08001184   0x00000302   Code   RO         1494    .text.CanFly_Move   adc.o
    0x08001486   0x08001486   0x00000002   PAD
    0x08001488   0x08001488   0x00000176   Code   RO         1390    .text.CanFly_UI     ui.o
    0x080015fe   0x080015fe   0x00000002   PAD
    0x08001600   0x08001600   0x000000b4   Code   RO         1279    .text.CanFly_Upload  protocol.o
    0x080016b4   0x080016b4   0x00000042   Code   RO         1348    .text.Column_Set_HV  ssd1306.o
    0x080016f6   0x080016f6   0x00000002   PAD
    0x080016f8   0x080016f8   0x00000040   Code   RO         1165    .text.DELAY_Config  delay.o
    0x08001738   0x08001738   0x0000002e   Code   RO          290    .text.DMA_Cmd       stm32f10x_dma.o
    0x08001766   0x08001766   0x00000002   PAD
    0x08001768   0x08001768   0x000001b8   Code   RO          284    .text.DMA_DeInit    stm32f10x_dma.o
    0x08001920   0x08001920   0x0000000e   Code   RO          296    .text.DMA_GetCurrDataCounter  stm32f10x_dma.o
    0x0800192e   0x0800192e   0x00000002   PAD
    0x08001930   0x08001930   0x0000006c   Code   RO          286    .text.DMA_Init      stm32f10x_dma.o
    0x0800199c   0x0800199c   0x00000014   Code   RO          294    .text.DMA_SetCurrDataCounter  stm32f10x_dma.o
    0x080019b0   0x080019b0   0x00000002   Code   RO         1135    .text.DebugMon_Handler  stm32f10x_it.o
    0x080019b2   0x080019b2   0x00000002   PAD
    0x080019b4   0x080019b4   0x00000186   Code   RO          448    .text.GPIO_Init     stm32f10x_gpio.o
    0x08001b3a   0x08001b3a   0x00000002   PAD
    0x08001b3c   0x08001b3c   0x00000014   Code   RO          462    .text.GPIO_ResetBits  stm32f10x_gpio.o
    0x08001b50   0x08001b50   0x00000014   Code   RO          460    .text.GPIO_SetBits  stm32f10x_gpio.o
    0x08001b64   0x08001b64   0x00000004   Code   RO         1125    .text.HardFault_Handler  stm32f10x_it.o
    0x08001b68   0x08001b68   0x0000008c   Code   RO         1187    .text.IIC_Config    iic.o
    0x08001bf4   0x08001bf4   0x00000018   Code   RO         1189    .text.IIC_DELAY     iic.o
    0x08001c0c   0x08001c0c   0x00000018   Code   RO         1191    .text.IIC_HALF_DELAY  iic.o
    0x08001c24   0x08001c24   0x000000b2   Code   RO         1205    .text.IIC_SEND_BYTE  iic.o
    0x08001cd6   0x08001cd6   0x00000002   PAD
    0x08001cd8   0x08001cd8   0x00000062   Code   RO         1195    .text.IIC_START     iic.o
    0x08001d3a   0x08001d3a   0x00000002   PAD
    0x08001d3c   0x08001d3c   0x00000062   Code   RO         1197    .text.IIC_STOP      iic.o
    0x08001d9e   0x08001d9e   0x00000002   PAD
    0x08001da0   0x08001da0   0x00000018   Code   RO         1193    .text.IIC_Set_Delay_Us  iic.o
    0x08001db8   0x08001db8   0x000000a0   Code   RO         1203    .text.IIC_WAIT_ACK  iic.o
    0x08001e58   0x08001e58   0x0000000c   Code   RO         1382    .text.IO_Config     gpio.o
    0x08001e64   0x08001e64   0x0000004e   Code   RO         1509    .text.IS_100HZ      tick.o
    0x08001eb2   0x08001eb2   0x00000002   PAD
    0x08001eb4   0x08001eb4   0x0000004e   Code   RO         1511    .text.IS_10HZ       tick.o
    0x08001f02   0x08001f02   0x00000002   PAD
    0x08001f04   0x08001f04   0x00000050   Code   RO         1513    .text.IS_2HZ        tick.o
    0x08001f54   0x08001f54   0x00000044   Code   RO         1473    .text.LED_Blink     led.o
    0x08001f98   0x08001f98   0x00000034   Code   RO         1471    .text.LED_Config    led.o
    0x08001fcc   0x08001fcc   0x00000004   Code   RO         1127    .text.MemManage_Handler  stm32f10x_it.o
    0x08001fd0   0x08001fd0   0x000000d4   Code   RO         1392    .text.Motor_UI      ui.o
    0x080020a4   0x080020a4   0x00000002   Code   RO         1123    .text.NMI_Handler   stm32f10x_it.o
    0x080020a6   0x080020a6   0x00000002   PAD
    0x080020a8   0x080020a8   0x000000aa   Code   RO            4    .text.NVIC_Init     misc.o
    0x08002152   0x08002152   0x00000002   PAD
    0x08002154   0x08002154   0x0000001c   Code   RO            2    .text.NVIC_PriorityGroupConfig  misc.o
    0x08002170   0x08002170   0x00000026   Code   RO         1294    .text.OLED_Config   ssd1306.o
    0x08002196   0x08002196   0x00000002   PAD
    0x08002198   0x08002198   0x00000030   Code   RO         1304    .text.OLED_Display  ssd1306.o
    0x080021c8   0x080021c8   0x00000172   Code   RO         1328    .text.OLED_GDrawChar  ssd1306.o
    0x0800233a   0x0800233a   0x00000002   PAD
    0x0800233c   0x0800233c   0x000000a8   Code   RO         1330    .text.OLED_GDrawString  ssd1306.o
    0x080023e4   0x080023e4   0x0000005e   Code   RO         1290    .text.OLED_GReset   ssd1306.o
    0x08002442   0x08002442   0x00000002   PAD
    0x08002444   0x08002444   0x00000050   Code   RO         1318    .text.OLED_GResetP  ssd1306.o
    0x08002494   0x08002494   0x00000044   Code   RO         1326    .text.OLED_GSetByte  ssd1306.o
    0x080024d8   0x080024d8   0x00000050   Code   RO         1320    .text.OLED_GSetP    ssd1306.o
    0x08002528   0x08002528   0x0000003a   Code   RO         1300    .text.OLED_SendCmd  ssd1306.o
    0x08002562   0x08002562   0x00000002   PAD
    0x08002564   0x08002564   0x00000056   Code   RO         1296    .text.OLED_SendCmdCo  ssd1306.o
    0x080025ba   0x080025ba   0x00000002   PAD
    0x080025bc   0x080025bc   0x00000056   Code   RO         1352    .text.OLED_SendDataCo  ssd1306.o
    0x08002612   0x08002612   0x00000002   PAD
    0x08002614   0x08002614   0x0000001a   Code   RO         1346    .text.OLED_Set_MemAddrMode  ssd1306.o
    0x0800262e   0x0800262e   0x00000002   PAD
    0x08002630   0x08002630   0x00000042   Code   RO         1350    .text.Page_Set_HV   ssd1306.o
    0x08002672   0x08002672   0x00000002   PAD
    0x08002674   0x08002674   0x00000002   Code   RO         1137    .text.PendSV_Handler  stm32f10x_it.o
    0x08002676   0x08002676   0x00000002   PAD
    0x08002678   0x08002678   0x0000002c   Code   RO          638    .text.RCC_ADCCLKConfig  stm32f10x_rcc.o
    0x080026a4   0x080026a4   0x00000038   Code   RO          650    .text.RCC_AHBPeriphClockCmd  stm32f10x_rcc.o
    0x080026dc   0x080026dc   0x00000038   Code   RO          654    .text.RCC_APB1PeriphClockCmd  stm32f10x_rcc.o
    0x08002714   0x08002714   0x00000038   Code   RO          658    .text.RCC_APB1PeriphResetCmd  stm32f10x_rcc.o
    0x0800274c   0x0800274c   0x00000038   Code   RO          652    .text.RCC_APB2PeriphClockCmd  stm32f10x_rcc.o
    0x08002784   0x08002784   0x00000038   Code   RO          656    .text.RCC_APB2PeriphResetCmd  stm32f10x_rcc.o
    0x080027bc   0x080027bc   0x00000172   Code   RO          648    .text.RCC_GetClocksFreq  stm32f10x_rcc.o
    0x0800292e   0x0800292e   0x00000002   PAD
    0x08002930   0x08002930   0x000000de   Code   RO         1394    .text.Rc_UI         ui.o
    0x08002a0e   0x08002a0e   0x00000002   PAD
    0x08002a10   0x08002a10   0x00000002   Code   RO         1133    .text.SVC_Handler   stm32f10x_it.o
    0x08002a12   0x08002a12   0x00000002   PAD
    0x08002a14   0x08002a14   0x00000008   Code   RO         1150    .text.SetSysClock   system_stm32f10x.o
    0x08002a1c   0x08002a1c   0x00000122   Code   RO         1154    .text.SetSysClockTo72  system_stm32f10x.o
    0x08002b3e   0x08002b3e   0x00000002   PAD
    0x08002b40   0x08002b40   0x00000034   Code   RO           10    .text.SysTick_CLKSourceConfig  misc.o
    0x08002b74   0x08002b74   0x00000002   Code   RO         1139    .text.SysTick_Handler  stm32f10x_it.o
    0x08002b76   0x08002b76   0x00000002   PAD
    0x08002b78   0x08002b78   0x00000066   Code   RO         1148    .text.SystemInit    system_stm32f10x.o
    0x08002bde   0x08002bde   0x00000002   PAD
    0x08002be0   0x08002be0   0x0000004e   Code   RO         1436    .text.TIM2_IRQHandler  timer.o
    0x08002c2e   0x08002c2e   0x00000002   PAD
    0x08002c30   0x08002c30   0x0000006a   Code   RO         1434    .text.TIMER_Config  timer.o
    0x08002c9a   0x08002c9a   0x00000002   PAD
    0x08002c9c   0x08002c9c   0x00000016   Code   RO         1016    .text.TIM_ClearITPendingBit  stm32f10x_tim.o
    0x08002cb2   0x08002cb2   0x00000002   PAD
    0x08002cb4   0x08002cb4   0x0000002c   Code   RO          878    .text.TIM_Cmd       stm32f10x_tim.o
    0x08002ce0   0x08002ce0   0x00000034   Code   RO          888    .text.TIM_DMACmd    stm32f10x_tim.o
    0x08002d14   0x08002d14   0x0000029a   Code   RO          836    .text.TIM_DeInit    stm32f10x_tim.o
    0x08002fae   0x08002fae   0x00000002   PAD
    0x08002fb0   0x08002fb0   0x0000005a   Code   RO         1014    .text.TIM_GetITStatus  stm32f10x_tim.o
    0x0800300a   0x0800300a   0x00000002   PAD
    0x0800300c   0x0800300c   0x00000034   Code   RO          882    .text.TIM_ITConfig  stm32f10x_tim.o
    0x08003040   0x08003040   0x000000ee   Code   RO          846    .text.TIM_OC4Init   stm32f10x_tim.o
    0x0800312e   0x0800312e   0x00000002   PAD
    0x08003130   0x08003130   0x0000003e   Code   RO          932    .text.TIM_OC4PreloadConfig  stm32f10x_tim.o
    0x0800316e   0x0800316e   0x00000002   PAD
    0x08003170   0x08003170   0x00000016   Code   RO          994    .text.TIM_SetCompare4  stm32f10x_tim.o
    0x08003186   0x08003186   0x00000002   PAD
    0x08003188   0x08003188   0x00000014   Code   RO          984    .text.TIM_SetCounter  stm32f10x_tim.o
    0x0800319c   0x0800319c   0x00000142   Code   RO          838    .text.TIM_TimeBaseInit  stm32f10x_tim.o
    0x080032de   0x080032de   0x00000002   PAD
    0x080032e0   0x080032e0   0x0000003e   Code   RO         1396    .text.UI_Refresh    ui.o
    0x0800331e   0x0800331e   0x00000002   PAD
    0x08003320   0x08003320   0x000000c4   Code   RO         1411    .text.USART1_Config  usart.o
    0x080033e4   0x080033e4   0x00000028   Code   RO         1415    .text.USART1_IRQHandler  usart.o
    0x0800340c   0x0800340c   0x00000178   Code   RO         1413    .text.USART2_Config  usart.o
    0x08003584   0x08003584   0x00000038   Code   RO         1417    .text.USART2_IRQHandler  usart.o
    0x080035bc   0x080035bc   0x0000002c   Code   RO         1035    .text.USART_Cmd     stm32f10x_usart.o
    0x080035e8   0x080035e8   0x00000034   Code   RO         1039    .text.USART_DMACmd  stm32f10x_usart.o
    0x0800361c   0x0800361c   0x000000d0   Code   RO         1025    .text.USART_DeInit  stm32f10x_usart.o
    0x080036ec   0x080036ec   0x000000b0   Code   RO         1079    .text.USART_GetITStatus  stm32f10x_usart.o
    0x0800379c   0x0800379c   0x00000092   Code   RO         1037    .text.USART_ITConfig  stm32f10x_usart.o
    0x0800382e   0x0800382e   0x00000002   PAD
    0x08003830   0x08003830   0x0000015c   Code   RO         1027    .text.USART_Init    stm32f10x_usart.o
    0x0800398c   0x0800398c   0x00000010   Code   RO         1053    .text.USART_ReceiveData  stm32f10x_usart.o
    0x0800399c   0x0800399c   0x00000004   Code   RO         1131    .text.UsageFault_Handler  stm32f10x_it.o
    0x080039a0   0x080039a0   0x000001ac   Code   RO         1469    .text.WS2812B_Blink  led.o
    0x08003b4c   0x08003b4c   0x0000004a   Code   RO         1457    .text.WS2812B_Blue  led.o
    0x08003b96   0x08003b96   0x00000002   PAD
    0x08003b98   0x08003b98   0x00000108   Code   RO         1445    .text.WS2812B_Config  led.o
    0x08003ca0   0x08003ca0   0x0000004a   Code   RO         1461    .text.WS2812B_Dark  led.o
    0x08003cea   0x08003cea   0x00000002   PAD
    0x08003cec   0x08003cec   0x0000004c   Code   RO         1455    .text.WS2812B_Green  led.o
    0x08003d38   0x08003d38   0x0000004c   Code   RO         1453    .text.WS2812B_Red   led.o
    0x08003d84   0x08003d84   0x0000000a   Code   RO         1447    .text.WS2812B_Reset  led.o
    0x08003d8e   0x08003d8e   0x00000002   PAD
    0x08003d90   0x08003d90   0x000000a2   Code   RO         1451    .text.WS2812B_Show  led.o
    0x08003e32   0x08003e32   0x00000002   PAD
    0x08003e34   0x08003e34   0x000000d2   Code   RO         1449    .text.WS2812B_Write_24Bits  led.o
    0x08003f06   0x08003f06   0x00000002   PAD
    0x08003f08   0x08003f08   0x00000050   Code   RO         1463    .text.WS2812B_Yellow  led.o
    0x08003f58   0x08003f58   0x0000009a   Code   RO         1229    .text.ano_data_check  protocol.o
    0x08003ff2   0x08003ff2   0x00000002   PAD
    0x08003ff4   0x08003ff4   0x0000007a   Code   RO         1231    .text.ano_data_check_fill  protocol.o
    0x0800406e   0x0800406e   0x00000002   PAD
    0x08004070   0x08004070   0x00000280   Code   RO         1277    .text.ano_data_decode  protocol.o
    0x080042f0   0x080042f0   0x00000032   Code   RO         1241    .text.ano_data_fill_s16bit  protocol.o
    0x08004322   0x08004322   0x00000002   PAD
    0x08004324   0x08004324   0x00000032   Code   RO         1235    .text.ano_data_fill_u16bit  protocol.o
    0x08004356   0x08004356   0x00000002   PAD
    0x08004358   0x08004358   0x00000024   Code   RO         1233    .text.ano_data_fill_u8bit  protocol.o
    0x0800437c   0x0800437c   0x00000040   Code   RO         1253    .text.ano_data_get_s16bit  protocol.o
    0x080043bc   0x080043bc   0x00000040   Code   RO         1247    .text.ano_data_get_u16bit  protocol.o
    0x080043fc   0x080043fc   0x0000009c   Code   RO         1263    .text.ano_data_make_ctrl_euler_arc  protocol.o
    0x08004498   0x08004498   0x000000b0   Code   RO         1271    .text.ano_data_make_flymode  protocol.o
    0x08004548   0x08004548   0x00000020   Code   RO         1227    .text.ano_data_make_head  protocol.o
    0x08004568   0x08004568   0x0000009e   Code   RO         1265    .text.ano_data_make_rgb  protocol.o
    0x08004606   0x08004606   0x00000002   PAD
    0x08004608   0x08004608   0x00000090   Code   RO         1169    .text.delay_ms      delay.o
    0x08004698   0x08004698   0x0000008c   Code   RO         1167    .text.delay_us      delay.o
    0x08004724   0x08004724   0x0000006a   Code   RO         1113    .text.main          main.o
    0x0800478e   0x0800478e   0x00000002   PAD
    0x08004790   0x08004790   0x00000028   Code   RO         1569    i.__0sprintf        mc_w.l(printfa.o)
    0x080047b8   0x080047b8   0x0000000e   Code   RO         1663    i.__scatterload_copy  mc_w.l(handlers.o)
    0x080047c6   0x080047c6   0x00000002   Code   RO         1664    i.__scatterload_null  mc_w.l(handlers.o)
    0x080047c8   0x080047c8   0x0000000e   Code   RO         1665    i.__scatterload_zeroinit  mc_w.l(handlers.o)
    0x080047d6   0x080047d6   0x00000002   PAD
    0x080047d8   0x080047d8   0x00000184   Code   RO         1574    i._fp_digits        mc_w.l(printfa.o)
    0x0800495c   0x0800495c   0x000006dc   Code   RO         1575    i._printf_core      mc_w.l(printfa.o)
    0x08005038   0x08005038   0x00000024   Code   RO         1576    i._printf_post_padding  mc_w.l(printfa.o)
    0x0800505c   0x0800505c   0x0000002e   Code   RO         1577    i._printf_pre_padding  mc_w.l(printfa.o)
    0x0800508a   0x0800508a   0x0000000a   Code   RO         1579    i._sputc            mc_w.l(printfa.o)
    0x08005094   0x08005094   0x00000004   Data   RO          673    .rodata.ADCPrescTable  stm32f10x_rcc.o
    0x08005098   0x08005098   0x00000010   Data   RO          672    .rodata.APBAHBPrescTable  stm32f10x_rcc.o
    0x080050a8   0x080050a8   0x00000019   Data   RO         1373    .rodata.OLED_InitCmd  ssd1306.o
    0x080050c1   0x080050c1   0x00000532   Data   RO         1180    .rodata.ascii       fonts.o
    0x080055f3   0x080055f3   0x000000be   Data   RO         1399    .rodata.str1.1      ui.o
    0x080056b1   0x080056b1   0x00000003   PAD
    0x080056b4   0x080056b4   0x00000020   Data   RO         1662    Region$$Table       anon$$obj.o


    Execution Region RW_IRAM1 (Exec base: 0x20000000, Load base: 0x080056d8, Size: 0x00004ee8, Max: 0x00005000, ABSOLUTE)

    Exec Addr    Load Addr    Size         Type   Attr      Idx    E Section Name        Object

    0x20000000   0x080056d8   0x00000001   Data   RW         1218    .data.IIC_DELAY_US  iic.o
    0x20000001   0x080056d9   0x00000003   PAD
    0x20000004   0x080056dc   0x00000004   Data   RW         1156    .data.SystemCoreClock  system_stm32f10x.o
    0x20000008        -       0x0000000a   Zero   RW         1496    .bss.ADC_Value      adc.o
    0x20000012   0x080056e0   0x00000002   PAD
    0x20000014        -       0x00000014   Zero   RW         1533    .bss.BOTTOM_Scan.High_Cnt  bottom.o
    0x20000028        -       0x0000000c   Zero   RW         1499    .bss.CanFly_Bat.adc_temp  adc.o
    0x20000034        -       0x00000001   Zero   RW         1497    .bss.CanFly_Bat.cnt0  adc.o
    0x20000035        -       0x00000001   Zero   RW         1498    .bss.CanFly_Bat.index  adc.o
    0x20000036        -       0x00000400   Zero   RW         1372    .bss.GDDRAM         ssd1306.o
    0x20000436        -       0x00000001   Zero   RW         1217    .bss.IIC_Config.isInit  iic.o
    0x20000437   0x080056e0   0x00000001   PAD
    0x20000438        -       0x00000004   Zero   RW         1518    .bss.IS_100HZ.last_ms  tick.o
    0x2000043c        -       0x00000004   Zero   RW         1519    .bss.IS_10HZ.last_ms  tick.o
    0x20000440        -       0x00000004   Zero   RW         1520    .bss.IS_2HZ.last_ms  tick.o
    0x20000444        -       0x00000001   Zero   RW         1478    .bss.LED_Blink.flag  led.o
    0x20000445   0x080056e0   0x00000001   PAD
    0x20000446        -       0x00000032   Zero   RW         1475    .bss.LED_Buffer     led.o
    0x20000478        -       0x00000001   Zero   RW         1477    .bss.WS2812B_Blink.change  led.o
    0x20000479   0x080056e0   0x00000003   PAD
    0x2000047c        -       0x00000864   Zero   RW         1115    .bss.canfly_ctr     main.o
    0x20000ce0        -       0x00000002   Zero   RW         1172    .bss.fac_ms         delay.o
    0x20000ce2        -       0x00000001   Zero   RW         1171    .bss.fac_us         delay.o
    0x20000ce3        -       0x00000001   Zero   RW         1374    .bss.isInit         ssd1306.o
    0x20000ce4        -       0x00000200   Zero   RW         1398    .bss.temp           ui.o
    0x20000ee4   0x080056e0   0x00000004   PAD
    0x20000ee8        -       0x00004000   Zero   RW         1551    STACK               startup_stm32f10x_md.o


==============================================================================

Image component sizes


      Code (inc. data)   RO Data    RW Data    ZI Data      Debug   Object Name

      1472          0          0          0         24       3557   adc.o
       128          0          0          0          0       1577   beep.o
       220          0          0          0         20       1779   bottom.o
       348          0          0          0          3       1433   delay.o
         0          0       1330          0          0        465   fonts.o
        12          0          0          0          0        635   gpio.o
       746          0          0          1          1       4214   iic.o
      1574          0          0          0         52       6716   led.o
       106          0          0          0       2148       1827   main.o
       250          0          0          0          0       3007   misc.o
      2056         64          0          0          0       8426   protocol.o
      1334          0         25          0       1025       9334   ssd1306.o
        36          8        236          0      16384        940   startup_stm32f10x_md.o
       922          0          0          0          0       8598   stm32f10x_adc.o
       628          0          0          0          0       3715   stm32f10x_dma.o
       430          0          0          0          0       5539   stm32f10x_gpio.o
        26          0          0          0          0       1018   stm32f10x_it.o
       694          0         20          0          0       6858   stm32f10x_rcc.o
      1590          0          0          0          0      20171   stm32f10x_tim.o
       990          0          0          0          0       7331   stm32f10x_usart.o
       400          0          0          4          0       2742   system_stm32f10x.o
       236          0          0          0         12       1134   tick.o
       184          0          0          0          0       3486   timer.o
       870          0        190          0        512       1400   ui.o
       668          0          0          0          0       5680   usart.o

    ----------------------------------------------------------------------
     16040         72       1836          8      20192     111582   Object Totals
         0          0         32          0          0          0   (incl. Generated)
       120          0          3          3         11          0   (incl. Padding)

    ----------------------------------------------------------------------

      Code (inc. data)   RO Data    RW Data    ZI Data      Debug   Library Member Name

         0          0          0          0          0          0   entry.o
         0          0          0          0          0          0   entry10a.o
         0          0          0          0          0          0   entry11a.o
         8          4          0          0          0          0   entry2.o
         4          0          0          0          0          0   entry5.o
         0          0          0          0          0          0   entry7b.o
         0          0          0          0          0          0   entry8b.o
         8          4          0          0          0          0   entry9a.o
        30          0          0          0          0          0   handlers.o
        36          8          0          0          0         68   init.o
         0          0          0          0          0          0   iusefp.o
        30          0          0          0          0         68   llshl.o
        36          0          0          0          0         68   llsshr.o
        32          0          0          0          0         68   llushr.o
      2276         86          0          0          0        520   printfa.o
        44          0          0          0          0         80   uidiv.o
        98          0          0          0          0         92   uldiv.o
        48          0          0          0          0         68   cdrcmple.o
       334          0          0          0          0        148   dadd.o
        54          0          0          0          0         80   dcmpge.o
       222          0          0          0          0        100   ddiv.o
       186          0          0          0          0        176   depilogue.o
        48          0          0          0          0         68   dfixul.o
       228          0          0          0          0         96   dmul.o
        38          0          0          0          0         68   f2d.o
       176          0          0          0          0        140   fadd.o
       124          0          0          0          0         88   fdiv.o
       110          0          0          0          0        168   fepilogue.o
        50          0          0          0          0         68   ffixi.o
        18          0          0          0          0         68   fflti.o
        10          0          0          0          0         68   ffltui.o
       100          0          0          0          0         76   fmul.o

    ----------------------------------------------------------------------
      4352        102          0          0          0       2444   Library Totals
         4          0          0          0          0          0   (incl. Padding)

    ----------------------------------------------------------------------

      Code (inc. data)   RO Data    RW Data    ZI Data      Debug   Library Name

      2602        102          0          0          0        964   mc_w.l
      1746          0          0          0          0       1480   mf_w.l

    ----------------------------------------------------------------------
      4352        102          0          0          0       2444   Library Totals

    ----------------------------------------------------------------------

==============================================================================


      Code (inc. data)   RO Data    RW Data    ZI Data      Debug   

     20392        174       1836          8      20192     112490   Grand Totals
     20392        174       1836          8      20192     112490   ELF Image Totals
     20392        174       1836          8          0          0   ROM Totals

==============================================================================

    Total RO  Size (Code + RO Data)                22228 (  21.71kB)
    Total RW  Size (RW Data + ZI Data)             20200 (  19.73kB)
    Total ROM Size (Code + RO Data + RW Data)      22236 (  21.71kB)

==============================================================================

